2026-09-17 19:00:12,216 | === Adaptive Intraday Trading Bot starting (PAPER TRADING MODE) ===
2026-09-17 19:00:12,216 | Watchlist mode: AUTOMATIC SCANNER (refreshes every 0.5h, top 500 movers of 50 candidates, min price $10, max extension 20%, leveraged ETFs excluded: True, news filter: True). Fallback list: TSLA, NVDA, COIN, AMD, PLTR
2026-09-17 19:00:12,216 | Scanner minimum listing age: ON -- requires >= 100 trading days of daily bar history (real cases this catches: ALMR ~80d, EROC ~43d)
2026-09-17 19:00:12,216 | Bar size: 15min | Check interval while market open: 15min
2026-09-17 19:00:12,216 | Active strategies: gap_continuation, trend_following, mean_reversion (regime-switched by ADX)
2026-09-17 19:00:12,216 | Trend strategy: EMA 9/21 crossover | Range strategy: RSI 14 (25.0/75.0) | Switched by ADX 14 (threshold 25.0)
2026-09-17 19:00:12,216 | No new entries between 210-270 min after the open (historically weak window in backtesting)
2026-09-17 19:00:12,216 | Scanner opening-range blackout: ON -- no new scanner-pick (non-S&P-500) entries in the first 45 min after the open (real-money-confirmed, additive to the lunch-window blackout above, not a replacement for it)
2026-09-17 19:00:12,216 | Risk management: fixed stop-loss -5% / take-profit +10% on every buy
2026-09-17 19:00:12,217 | Position sizing: flat $500 per trade
2026-09-17 19:00:12,217 | Graduated conviction sizing: ON -- qualifying strategies: none yet (real evidence-gated, see strategy.py). 1 of 3 confirming signals (strategy match / ADX >= 35 / volume >= 2.5x avg) sizes at $5000; 2 or more signals sizes at up to the full remaining $25,000/day pool (volatility-based size-down always wins when a trade qualifies for both)
2026-09-17 19:00:12,217 | Position limits: max 18 concurrent positions | max 5.0% aggregate portfolio risk | daily loss circuit breaker at -3% (pauses new entries only)
2026-09-17 19:00:12,217 | Portfolio heat cap: max $2,000 aggregate $-at-risk across all open positions
2026-09-17 19:00:12,217 | Sector concentration cap: max 2 open positions per sector (new entries only; symbols with no known sector are exempt)
2026-09-17 19:00:12,217 | End-of-day mode: positions will be auto-closed 10 min before market close.
2026-09-17 19:00:12,217 | Loaded saved watchlist from previous run: NVDA, MU, META, SNDK, AAPL, TSLA, AMD, INTC, MSFT, AVGO
2026-09-17 19:00:12,217 | Restored daily risk state from previous run: day 2026-09-16, breaker tripped: False
2026-09-17 19:00:12,217 | Restored open-position context for 2 symbol(s) from previous run.
2026-09-17 19:00:12,217 | Running in --duration-minutes mode: cycling for 150 minutes, then exiting.
2026-09-17 19:00:12,487 | Daily loss circuit breaker: tracking from starting equity $99,331.58 (limit -3%).
2026-09-17 19:00:12,487 | Daily conviction-sizing pool reset: $25,000 available today.
2026-09-17 19:00:12,487 | SCANNER: refreshing watchlist...
2026-09-17 19:00:13,149 | SCANNER: excluded 4 leveraged/inverse ETF(s) from 7 candidate(s).
2026-09-17 19:00:14,671 | SCANNER: 3 candidate(s) passed price/extension filters but none met the $10,000,000 average dollar-volume bar.
2026-09-17 19:00:14,770 | S&P 500: refreshed constituent list (503 symbols).
2026-09-17 19:00:54,502 | S&P 500 liquidity backstop -> NVDA, MU, SNDK, TSLA, AMD, META, AAPL, INTC, MSFT, AVGO, GOOGL, AMZN, DELL, GOOG, ORCL, PLTR, LITE, MRVL, CRWD, CRM, STX, JPM, GS, TMO, BAC, GEV, PANW, WDC, HOOD, V, AMAT, LRCX, COIN, BRK.B, LLY, COST, QCOM, XOM, NFLX, CAT, WMT, CVX, COHR, MS, MA, VLO, C, FANG, GE, NOW, JNJ, TXN, TJX, BA, ABBV, MRNA, PG, MPC, CSCO, VRT, UNH, WFC, APP, AZO, GLW, ADI, HD, SMCI, AON, MRK, IBM, ETN, HPE, HONA, AMGN, KLAC, SCHW, SYK, MCK, DHR, DIS, TMUS, MDT, MCD, COF, DE, AXP, BKNG, HWM, KO, ADBE, PEP, ANET, COP, ABT, UBER, GILD, VZ, NEE, ACN, LIN, HON, CMI, NXPI, PSX, ON, NKE, ISRG, SWKS, CIEN, INTU, ADP, BNY, RTX, T, HBAN, PM, TER, AXON, USB, HCA, SPGI, BSX, ELV, BLK, MPWR, UNP, EQIX, KVUE, TDG, LOW, APH, EXPE, BMY, WMB, DDOG, SLB, PH, MSI, MMM, HLT, FTNT, TT, SHW, MRSH, ORLY, JCI, PNC, SNPS, TRV, CEG, SBUX, MAR, KR, KEY, XEL, CDNS, VMRK, PGR, GNRC, WELL, ACGL, SYY, CB, IQV, MLM, ADSK, PFE, TGT, ROST, NEM, EOG, DASH, EBAY, RVTY, URI, AMT, GM, SO, TEL, CMCSA, CTVA, RDDT, KEYS, WM, CARR, PWR, MCHP, JBHT, WDAY, CVS, LMT, CRH, PLD, FCX, CL, CME, CAH, CSX, DUK, IR, ICE, STT, CTAS, KMB, REGN, BKR, MTD, DVN, GD, DLTR, OTIS, AJG, ABNB, CASY, NOC, MO, GWW, VRTX, AMP, ALL, TFC, BDX, LHX, AEP, FERG, DLR, DHI, RCL, MSCI, RSG, KKR, EW, NSC, EMR, APO, VST, HUM, FIX, ROK, KMI, MTB, MDLZ, WBD, OXY, OKE, F, AME, NTAP, A, CNP, BBY, CMG, HPQ, CI, BX, APD, FITB, DG, TTWO, CRL, VEEV, ODFL, CTSH, DXCM, ETR, FSLR, COR, YUM, MNST, LYV, LEN, ITW, CFG, PCAR, MCO, UPS, FDX, AIG, WSM, ECL, AKAM, UAL, FOXA, DRI, HAL, WAT, ROP, CHTR, CBRE, CCI, DGX, CVNA, DAL, O, WEC, KDP, MET, NRG, EQT, RMD, PAYX, TPR, ADM, DOV, ULTA, LULU, EXE, PYPL, IBKR, XYL, CBOE, TRGP, KHC, ZBH, NUE, FAST, CNC, FFIV, SRE, TECH, PSA, VMC, PCG, ZTS, WST, IT, IDXX, RF, VTR, EME, PEG, STZ, JKHY, AFL, FDS, DTE, SPG, HSY, STLD, JBL, CCL, AWK, WRB, FLEX, D, BG, LH, HIG, PODD, VRSK, EFX, FICO, IP, APA, CHRW, NDAQ, HUBB, COO, TSCO, LYB, TYL, ROL, SW, DOW, FISV, EXC, NVR, LUV, GIS, FDXF, EIX, SYF, DECK, EXR, CF, RL, GEHC, XYZ, ARES, DPZ, ECHO, ALB, GRMN, NTRS, PTC, CPRT, EL, CMS, VRSN, ATO, EXPD, RJF, TKO, GPN, CHD, WAB, ED, TROW, LII, HST, FIS, LVS, CDW, Q, MAS, ZBRA, PRU, EVRG, BLDR, AEE, PFG, MOS, CLX, ALLE, INCY, PPG, TDY, IRM, GEN, OMC, STE, PPL, FE, TSN, GDDY, PHM, NI, UDR, CSGP, LDOS, BRO, DD, BAX, APTV, SBAC, WY, UHS, SJM, TXT, BR, INVH, MKC, SWK, CPAY, FTV, BIIB, ES, DVA, TTD, VICI, PNR, EG, AMCR, IFF, AVY, GPC, PSKY, NCLH, ALGN, WTW, TAP, KIM, MAA, LNT, TRMB, TPL, WYNN, HSIC, PKG, IVZ, HII, BALL, NDSN, AIZ, VTRS, SNA, HAS, AES, L, CINF, IEX, ESS, VLTO, ARE, NWSA, REG, BEN, J, DOC
2026-09-17 19:00:54,504 | SCANNER: new watchlist -> NVDA, MU, SNDK, TSLA, AMD, META, AAPL, INTC, MSFT, AVGO, GOOGL, AMZN, DELL, GOOG, ORCL, PLTR, LITE, MRVL, CRWD, CRM, STX, JPM, GS, TMO, BAC, GEV, PANW, WDC, HOOD, V, AMAT, LRCX, COIN, BRK.B, LLY, COST, QCOM, XOM, NFLX, CAT, WMT, CVX, COHR, MS, MA, VLO, C, FANG, GE, NOW, JNJ, TXN, TJX, BA, ABBV, MRNA, PG, MPC, CSCO, VRT, UNH, WFC, APP, AZO, GLW, ADI, HD, SMCI, AON, MRK, IBM, ETN, HPE, HONA, AMGN, KLAC, SCHW, SYK, MCK, DHR, DIS, TMUS, MDT, MCD, COF, DE, AXP, BKNG, HWM, KO, ADBE, PEP, ANET, COP, ABT, UBER, GILD, VZ, NEE, ACN, LIN, HON, CMI, NXPI, PSX, ON, NKE, ISRG, SWKS, CIEN, INTU, ADP, BNY, RTX, T, HBAN, PM, TER, AXON, USB, HCA, SPGI, BSX, ELV, BLK, MPWR, UNP, EQIX, KVUE, TDG, LOW, APH, EXPE, BMY, WMB, DDOG, SLB, PH, MSI, MMM, HLT, FTNT, TT, SHW, MRSH, ORLY, JCI, PNC, SNPS, TRV, CEG, SBUX, MAR, KR, KEY, XEL, CDNS, VMRK, PGR, GNRC, WELL, ACGL, SYY, CB, IQV, MLM, ADSK, PFE, TGT, ROST, NEM, EOG, DASH, EBAY, RVTY, URI, AMT, GM, SO, TEL, CMCSA, CTVA, RDDT, KEYS, WM, CARR, PWR, MCHP, JBHT, WDAY, CVS, LMT, CRH, PLD, FCX, CL, CME, CAH, CSX, DUK, IR, ICE, STT, CTAS, KMB, REGN, BKR, MTD, DVN, GD, DLTR, OTIS, AJG, ABNB, CASY, NOC, MO, GWW, VRTX, AMP, ALL, TFC, BDX, LHX, AEP, FERG, DLR, DHI, RCL, MSCI, RSG, KKR, EW, NSC, EMR, APO, VST, HUM, FIX, ROK, KMI, MTB, MDLZ, WBD, OXY, OKE, F, AME, NTAP, A, CNP, BBY, CMG, HPQ, CI, BX, APD, FITB, DG, TTWO, CRL, VEEV, ODFL, CTSH, DXCM, ETR, FSLR, COR, YUM, MNST, LYV, LEN, ITW, CFG, PCAR, MCO, UPS, FDX, AIG, WSM, ECL, AKAM, UAL, FOXA, DRI, HAL, WAT, ROP, CHTR, CBRE, CCI, DGX, CVNA, DAL, O, WEC, KDP, MET, NRG, EQT, RMD, PAYX, TPR, ADM, DOV, ULTA, LULU, EXE, PYPL, IBKR, XYL, CBOE, TRGP, KHC, ZBH, NUE, FAST, CNC, FFIV, SRE, TECH, PSA, VMC, PCG, ZTS, WST, IT, IDXX, RF, VTR, EME, PEG, STZ, JKHY, AFL, FDS, DTE, SPG, HSY, STLD, JBL, CCL, AWK, WRB, FLEX, D, BG, LH, HIG, PODD, VRSK, EFX, FICO, IP, APA, CHRW, NDAQ, HUBB, COO, TSCO, LYB, TYL, ROL, SW, DOW, FISV, EXC, NVR, LUV, GIS, FDXF, EIX, SYF, DECK, EXR, CF, RL, GEHC, XYZ, ARES, DPZ, ECHO, ALB, GRMN, NTRS, PTC, CPRT, EL, CMS, VRSN, ATO, EXPD, RJF, TKO, GPN, CHD, WAB, ED, TROW, LII, HST, FIS, LVS, CDW, Q, MAS, ZBRA, PRU, EVRG, BLDR, AEE, PFG, MOS, CLX, ALLE, INCY, PPG, TDY, IRM, GEN, OMC, STE, PPL, FE, TSN, GDDY, PHM, NI, UDR, CSGP, LDOS, BRO, DD, BAX, APTV, SBAC, WY, UHS, SJM, TXT, BR, INVH, MKC, SWK, CPAY, FTV, BIIB, ES, DVA, TTD, VICI, PNR, EG, AMCR, IFF, AVY, GPC, PSKY, NCLH, ALGN, WTW, TAP, KIM, MAA, LNT, TRMB, TPL, WYNN, HSIC, PKG, IVZ, HII, BALL, NDSN, AIZ, VTRS, SNA, HAS, AES, L, CINF, IEX, ESS, VLTO, ARE, NWSA, REG, BEN, J, DOC
2026-09-17 19:00:54,560 | Market is open (closes 2026-09-17 22:00:00 CEST your local time). Checking 490 symbols: A, AAPL, ABBV, ABNB, ABT, ACGL, ACN, ADBE, ADI, ADM, ADP, ADSK, AEE, AEP, AES, AFL, AIG, AIZ, AJG, AKAM, ALB, ALGN, ALL, ALLE, AMAT, AMCR, AMD, AME, AMGN, AMP, AMT, AMZN, ANET, AON, APA, APD, APH, APO, APP, APTV, ARE, ARES, ATO, AVGO, AVY, AWK, AXON, AXP, AZO, BA, BAC, BALL, BAX, BBY, BDX, BEN, BG, BIIB, BKNG, BKR, BLDR, BLK, BMY, BNY, BR, BRK.B, BRO, BSX, BX, C, CAH, CARR, CASY, CAT, CB, CBOE, CBRE, CCI, CCL, CDNS, CDW, CEG, CF, CFG, CHD, CHRW, CHTR, CI, CIEN, CINF, CL, CLX, CMCSA, CME, CMG, CMI, CMS, CNC, CNP, COF, COHR, COIN, COO, COP, COR, COST, CPAY, CPRT, CRH, CRL, CRM, CRWD, CSCO, CSGP, CSX, CTAS, CTSH, CTVA, CVNA, CVS, CVX, D, DAL, DASH, DD, DDOG, DE, DECK, DELL, DG, DGX, DHI, DHR, DIS, DLR, DLTR, DOC, DOV, DOW, DPZ, DRI, DTE, DUK, DVA, DVN, DXCM, EBAY, ECHO, ECL, ED, EFX, EG, EIX, EL, ELV, EME, EMR, EOG, EQIX, EQT, ES, ESS, ETN, ETR, EVRG, EW, EXC, EXE, EXPD, EXPE, EXR, F, FANG, FAST, FCX, FDS, FDX, FDXF, FE, FERG, FFIV, FICO, FIS, FISV, FITB, FIX, FLEX, FOXA, FSLR, FTNT, FTV, GD, GDDY, GE, GEHC, GEN, GEV, GILD, GIS, GLW, GM, GNRC, GOOG, GOOGL, GPC, GPN, GRMN, GS, GWW, HAL, HAS, HBAN, HCA, HD, HIG, HII, HLT, HON, HONA, HOOD, HPE, HPQ, HSIC, HST, HSY, HUBB, HUM, HWM, IBKR, IBM, ICE, IDXX, IEX, IFF, INCY, INTC, INTU, INVH, IP, IQV, IR, IRM, ISRG, IT, ITW, IVZ, J, JBHT, JBL, JCI, JKHY, JNJ, JPM, KDP, KEY, KEYS, KHC, KIM, KKR, KLAC, KMB, KMI, KO, KR, KVUE, L, LDOS, LEN, LH, LHX, LII, LIN, LITE, LLY, LMT, LNT, LOW, LRCX, LULU, LUV, LVS, LYB, LYV, MA, MAA, MAR, MAS, MCD, MCHP, MCK, MCO, MDLZ, MDT, MET, META, MKC, MLM, MMM, MNST, MO, MOS, MPC, MPWR, MRK, MRNA, MRSH, MRVL, MS, MSCI, MSFT, MSI, MTB, MTD, MU, NCLH, NDAQ, NDSN, NEE, NEM, NFLX, NI, NKE, NOC, NOW, NRG, NSC, NTAP, NTRS, NUE, NVDA, NVR, NWSA, NXPI, O, ODFL, OKE, OMC, ON, ORCL, ORLY, OTIS, OXY, PANW, PAYX, PCAR, PCG, PEG, PEP, PFE, PFG, PG, PGR, PH, PHM, PKG, PLD, PLTR, PM, PNC, PNR, PODD, PPG, PPL, PRU, PSA, PSKY, PSX, PTC, PWR, PYPL, Q, QCOM, RCL, RDDT, REG, REGN, RF, RJF, RL, RMD, ROK, ROL, ROP, ROST, RSG, RTX, RVTY, SBAC, SBUX, SCHW, SHW, SJM, SLB, SMCI, SNA, SNDK, SNPS, SO, SPG, SPGI, SRE, STE, STLD, STT, STX, STZ, SW, SWK, SWKS, SYF, SYK, SYY, T, TAP, TDG, TDY, TECH, TEL, TER, TFC, TGT, TJX, TKO, TMO, TMUS, TPL, TPR, TRGP, TRMB, TROW, TRV, TSCO, TSLA, TSN, TT, TTD, TTWO, TXN, TXT, TYL, UAL, UBER, UDR, UHS, ULTA, UNH, UNP, UPS, URI, USB, V, VEEV, VICI, VLO, VLTO, VMC, VMRK, VRSK, VRSN, VRT, VRTX, VST, VTR, VTRS, VZ, WAB, WAT, WBD, WDAY, WDC, WEC, WELL, WFC, WM, WMB, WMT, WRB, WSM, WST, WTW, WY, WYNN, XEL, XOM, XYL, XYZ, YUM, ZBH, ZBRA, ZTS (within 90 min of close -- not enough runway left today for a new position)
2026-09-17 19:02:02,755 | [A] ACTION: No trade.
2026-09-17 19:02:02,782 | [AAPL] ACTION: No trade.
2026-09-17 19:02:02,809 | [ABBV] ACTION: No trade.
2026-09-17 19:02:02,890 | [ABNB] ACTION: No trade.
2026-09-17 19:02:02,917 | [ABT] ACTION: No trade.
2026-09-17 19:02:02,998 | [ACGL] ACTION: No trade.
2026-09-17 19:02:03,081 | [ACN] ACTION: No trade.
2026-09-17 19:02:03,107 | [ADBE] ACTION: No trade.
2026-09-17 19:02:03,189 | [ADI] ACTION: No trade.
2026-09-17 19:02:03,271 | [ADM] ACTION: No trade.
2026-09-17 19:02:03,355 | [ADP] ACTION: No trade.
2026-09-17 19:02:03,437 | [ADSK] ACTION: No trade.
2026-09-17 19:02:03,519 | [AEE] ACTION: No trade.
2026-09-17 19:02:03,601 | [AEP] ACTION: No trade.
2026-09-17 19:02:03,684 | [AES] ACTION: No trade.
2026-09-17 19:02:03,769 | [AFL] ACTION: No trade.
2026-09-17 19:02:03,857 | [AIG] ACTION: No trade.
2026-09-17 19:02:03,938 | [AIZ] ACTION: No trade.
2026-09-17 19:02:04,021 | [AJG] ACTION: No trade.
2026-09-17 19:02:04,102 | [AKAM] ACTION: No trade.
2026-09-17 19:02:04,185 | [ALB] ACTION: No trade.
2026-09-17 19:02:04,267 | [ALGN] ACTION: No trade.
2026-09-17 19:02:04,350 | [ALL] ACTION: No trade.
2026-09-17 19:02:04,432 | [ALLE] ACTION: No trade.
2026-09-17 19:02:04,458 | [AMAT] ACTION: No trade.
2026-09-17 19:02:04,539 | [AMCR] ACTION: No trade.
2026-09-17 19:02:04,565 | [AMD] ACTION: No trade.
2026-09-17 19:02:04,647 | [AME] ACTION: No trade.
2026-09-17 19:02:04,728 | [AMGN] ACTION: No trade.
2026-09-17 19:02:04,811 | [AMP] ACTION: No trade.
2026-09-17 19:02:04,891 | [AMT] ACTION: No trade.
2026-09-17 19:02:04,918 | [AMZN] ACTION: No trade.
2026-09-17 19:02:05,001 | [ANET] ACTION: No trade.
2026-09-17 19:02:05,095 | [AON] ACTION: No trade.
2026-09-17 19:02:05,210 | [APA] ACTION: No trade.
2026-09-17 19:02:05,291 | [APD] ACTION: No trade.
2026-09-17 19:02:05,373 | [APH] ACTION: No trade.
2026-09-17 19:02:05,455 | [APO] ACTION: No trade.
2026-09-17 19:02:05,537 | [APP] ACTION: No trade.
2026-09-17 19:02:05,619 | [APTV] ACTION: No trade.
2026-09-17 19:02:05,702 | [ARE] ACTION: No trade.
2026-09-17 19:02:05,784 | [ARES] ACTION: No trade.
2026-09-17 19:02:05,867 | [ATO] ACTION: No trade.
2026-09-17 19:02:05,893 | [AVGO] ACTION: No trade.
2026-09-17 19:02:05,977 | [AVY] ACTION: No trade.
2026-09-17 19:02:06,061 | [AWK] ACTION: No trade.
2026-09-17 19:02:06,143 | [AXON] ACTION: No trade.
2026-09-17 19:02:06,169 | [AXP] ACTION: No trade.
2026-09-17 19:02:06,251 | [AZO] ACTION: No trade.
2026-09-17 19:02:06,277 | [BA] ACTION: No trade.
2026-09-17 19:02:06,303 | [BAC] ACTION: No trade.
2026-09-17 19:02:06,392 | [BALL] ACTION: No trade.
2026-09-17 19:02:06,475 | [BAX] ACTION: No trade.
2026-09-17 19:02:06,557 | [BBY] ACTION: No trade.
2026-09-17 19:02:06,638 | [BDX] ACTION: No trade.
2026-09-17 19:02:06,720 | [BEN] ACTION: No trade.
2026-09-17 19:02:06,801 | [BG] ACTION: No trade.
2026-09-17 19:02:06,884 | [BIIB] ACTION: No trade.
2026-09-17 19:02:06,910 | [BKNG] ACTION: No trade.
2026-09-17 19:02:06,991 | [BKR] ACTION: No trade.
2026-09-17 19:02:07,072 | [BLDR] choppy/sideways (ADX 19.0) -> mean-reversion strategy | Signal: BUY | Shares held: 0.0 | Last price: $57.40
2026-09-17 19:02:07,073 | [BLDR] ACTION: No trade (within 90 min of close -- not enough runway left today for a new position).
2026-09-17 19:02:07,154 | [BLK] ACTION: No trade.
2026-09-17 19:02:07,238 | [BMY] ACTION: No trade.
2026-09-17 19:02:07,327 | [BNY] ACTION: No trade.
2026-09-17 19:02:07,410 | [BR] ACTION: No trade.
2026-09-17 19:02:07,494 | [BRK.B] ACTION: No trade.
2026-09-17 19:02:07,577 | [BRO] ACTION: No trade.
2026-09-17 19:02:07,658 | [BSX] ACTION: No trade.
2026-09-17 19:02:07,740 | [BX] ACTION: No trade.
2026-09-17 19:02:07,766 | [C] ACTION: No trade.
2026-09-17 19:02:07,847 | [CAH] ACTION: No trade.
2026-09-17 19:02:07,929 | [CARR] ACTION: No trade.
2026-09-17 19:02:08,011 | [CASY] ACTION: No trade.
2026-09-17 19:02:08,037 | [CAT] ACTION: No trade.
2026-09-17 19:02:08,128 | [CB] ACTION: No trade.
2026-09-17 19:02:08,210 | [CBOE] ACTION: No trade.
2026-09-17 19:02:08,292 | [CBRE] ACTION: No trade.
2026-09-17 19:02:08,375 | [CCI] ACTION: No trade.
2026-09-17 19:02:08,458 | [CCL] ACTION: No trade.
2026-09-17 19:02:08,540 | [CDNS] ACTION: No trade.
2026-09-17 19:02:08,622 | [CDW] ACTION: No trade.
2026-09-17 19:02:08,704 | [CEG] ACTION: No trade.
2026-09-17 19:02:08,793 | [CF] ACTION: No trade.
2026-09-17 19:02:08,875 | [CFG] ACTION: No trade.
2026-09-17 19:02:08,957 | [CHD] ACTION: No trade.
2026-09-17 19:02:09,039 | [CHRW] ACTION: No trade.
2026-09-17 19:02:09,121 | [CHTR] ACTION: No trade.
2026-09-17 19:02:09,202 | [CI] ACTION: No trade.
2026-09-17 19:02:09,290 | [CIEN] ACTION: No trade.
2026-09-17 19:02:09,372 | [CINF] ACTION: No trade.
2026-09-17 19:02:09,464 | [CL] ACTION: No trade.
2026-09-17 19:02:09,549 | [CLX] ACTION: No trade.
2026-09-17 19:02:09,639 | [CMCSA] ACTION: No trade.
2026-09-17 19:02:09,725 | [CME] ACTION: No trade.
2026-09-17 19:02:09,813 | [CMG] ACTION: No trade.
2026-09-17 19:02:09,901 | [CMI] ACTION: No trade.
2026-09-17 19:02:09,983 | [CMS] ACTION: No trade.
2026-09-17 19:02:10,064 | [CNC] ACTION: No trade.
2026-09-17 19:02:10,145 | [CNP] ACTION: No trade.
2026-09-17 19:02:10,227 | [COF] ACTION: No trade.
2026-09-17 19:02:10,310 | [COHR] ACTION: No trade.
2026-09-17 19:02:10,336 | [COIN] ACTION: No trade.
2026-09-17 19:02:10,418 | [COO] ACTION: No trade.
2026-09-17 19:02:10,444 | [COP] ACTION: No trade.
2026-09-17 19:02:10,529 | [COR] ACTION: No trade.
2026-09-17 19:02:10,555 | [COST] ACTION: No trade.
2026-09-17 19:02:10,636 | [CPAY] ACTION: No trade.
2026-09-17 19:02:10,718 | [CPRT] ACTION: No trade.
2026-09-17 19:02:10,800 | [CRH] ACTION: No trade.
2026-09-17 19:02:10,891 | [CRL] ACTION: No trade.
2026-09-17 19:02:10,918 | [CRM] ACTION: No trade.
2026-09-17 19:02:11,001 | [CRWD] ACTION: No trade.
2026-09-17 19:02:11,027 | [CSCO] ACTION: No trade.
2026-09-17 19:02:11,113 | [CSGP] ACTION: No trade.
2026-09-17 19:02:11,195 | [CSX] ACTION: No trade.
2026-09-17 19:02:11,285 | [CTAS] ACTION: No trade.
2026-09-17 19:02:11,372 | [CTSH] ACTION: No trade.
2026-09-17 19:02:11,453 | [CTVA] ACTION: No trade.
2026-09-17 19:02:11,535 | [CVNA] ACTION: No trade.
2026-09-17 19:02:11,619 | [CVS] ACTION: No trade.
2026-09-17 19:02:11,646 | [CVX] ACTION: No trade.
2026-09-17 19:02:11,727 | [D] ACTION: No trade.
2026-09-17 19:02:11,809 | [DAL] ACTION: No trade.
2026-09-17 19:02:11,892 | [DASH] ACTION: No trade.
2026-09-17 19:02:11,977 | [DD] ACTION: No trade.
2026-09-17 19:02:12,061 | [DDOG] ACTION: No trade.
2026-09-17 19:02:12,143 | [DE] ACTION: No trade.
2026-09-17 19:02:12,227 | [DECK] ACTION: No trade.
2026-09-17 19:02:12,312 | [DELL] ACTION: No trade.
2026-09-17 19:02:12,395 | [DG] ACTION: No trade.
2026-09-17 19:02:12,478 | [DGX] ACTION: No trade.
2026-09-17 19:02:12,564 | [DHI] ACTION: No trade.
2026-09-17 19:02:12,590 | [DHR] ACTION: No trade.
2026-09-17 19:02:12,616 | [DIS] ACTION: No trade.
2026-09-17 19:02:12,698 | [DLR] ACTION: No trade.
2026-09-17 19:02:12,781 | [DLTR] ACTION: No trade.
2026-09-17 19:02:12,863 | [DOC] ACTION: No trade.
2026-09-17 19:02:12,944 | [DOV] ACTION: No trade.
2026-09-17 19:02:13,027 | [DOW] ACTION: No trade.
2026-09-17 19:02:13,109 | [DPZ] ACTION: No trade.
2026-09-17 19:02:13,192 | [DRI] ACTION: No trade.
2026-09-17 19:02:13,274 | [DTE] ACTION: No trade.
2026-09-17 19:02:13,360 | [DUK] ACTION: No trade.
2026-09-17 19:02:13,447 | [DVA] ACTION: No trade.
2026-09-17 19:02:13,529 | [DVN] trending (ADX 39.9) -> trend-following strategy | Signal: BUY | Shares held: 0.0 | Last price: $48.65
2026-09-17 19:02:13,529 | [DVN] ACTION: No trade (within 90 min of close -- not enough runway left today for a new position).
2026-09-17 19:02:13,611 | [DXCM] ACTION: No trade.
2026-09-17 19:02:13,694 | [EBAY] ACTION: No trade.
2026-09-17 19:02:13,776 | [ECHO] ACTION: No trade.
2026-09-17 19:02:13,857 | [ECL] ACTION: No trade.
2026-09-17 19:02:13,941 | [ED] ACTION: No trade.
2026-09-17 19:02:14,022 | [EFX] ACTION: No trade.
2026-09-17 19:02:14,107 | [EG] ACTION: No trade.
2026-09-17 19:02:14,189 | [EIX] ACTION: No trade.
2026-09-17 19:02:14,381 | [EL] ACTION: No trade.
2026-09-17 19:02:14,468 | [ELV] ACTION: No trade.
2026-09-17 19:02:14,551 | [EME] ACTION: No trade.
2026-09-17 19:02:14,632 | [EMR] ACTION: No trade.
2026-09-17 19:02:14,714 | [EOG] ACTION: No trade.
2026-09-17 19:02:14,796 | [EQIX] ACTION: No trade.
2026-09-17 19:02:14,878 | [EQT] ACTION: No trade.
2026-09-17 19:02:14,959 | [ES] ACTION: No trade.
2026-09-17 19:02:15,041 | [ESS] ACTION: No trade.
2026-09-17 19:02:15,131 | [ETN] ACTION: No trade.
2026-09-17 19:02:15,215 | [ETR] ACTION: No trade.
2026-09-17 19:02:15,297 | [EVRG] ACTION: No trade.
2026-09-17 19:02:15,379 | [EW] ACTION: No trade.
2026-09-17 19:02:15,461 | [EXC] ACTION: No trade.
2026-09-17 19:02:15,543 | [EXE] ACTION: No trade.
2026-09-17 19:02:15,625 | [EXPD] ACTION: No trade.
2026-09-17 19:02:15,706 | [EXPE] ACTION: No trade.
2026-09-17 19:02:15,788 | [EXR] ACTION: No trade.
2026-09-17 19:02:15,870 | [F] ACTION: No trade.
2026-09-17 19:02:15,951 | [FANG] ACTION: No trade.
2026-09-17 19:02:16,033 | [FAST] ACTION: No trade.
2026-09-17 19:02:16,119 | [FCX] ACTION: No trade.
2026-09-17 19:02:16,200 | [FDS] ACTION: No trade.
2026-09-17 19:02:16,283 | [FDX] ACTION: No trade.
2026-09-17 19:02:16,364 | [FDXF] ACTION: No trade.
2026-09-17 19:02:16,446 | [FE] ACTION: No trade.
2026-09-17 19:02:16,528 | [FERG] ACTION: No trade.
2026-09-17 19:02:16,609 | [FFIV] ACTION: No trade.
2026-09-17 19:02:16,691 | [FICO] ACTION: No trade.
2026-09-17 19:02:16,777 | [FIS] ACTION: No trade.
2026-09-17 19:02:16,859 | [FISV] ACTION: No trade.
2026-09-17 19:02:16,943 | [FITB] ACTION: No trade.
2026-09-17 19:02:17,025 | [FIX] ACTION: No trade.
2026-09-17 19:02:17,106 | [FLEX] ACTION: No trade.
2026-09-17 19:02:17,188 | [FOXA] ACTION: No trade.
2026-09-17 19:02:17,269 | [FSLR] ACTION: No trade.
2026-09-17 19:02:17,356 | [FTNT] ACTION: No trade.
2026-09-17 19:02:17,438 | [FTV] ACTION: No trade.
2026-09-17 19:02:17,522 | [GD] ACTION: No trade.
2026-09-17 19:02:17,604 | [GDDY] ACTION: No trade.
2026-09-17 19:02:17,630 | [GE] ACTION: No trade.
2026-09-17 19:02:17,714 | [GEHC] ACTION: No trade.
2026-09-17 19:02:17,798 | [GEN] ACTION: No trade.
2026-09-17 19:02:17,880 | [GEV] ACTION: No trade.
2026-09-17 19:02:17,962 | [GILD] ACTION: No trade.
2026-09-17 19:02:18,045 | [GIS] ACTION: No trade.
2026-09-17 19:02:18,126 | [GLW] ACTION: No trade.
2026-09-17 19:02:18,211 | [GM] ACTION: No trade.
2026-09-17 19:02:18,295 | [GNRC] ACTION: No trade.
2026-09-17 19:02:18,326 | [GOOG] ACTION: No trade.
2026-09-17 19:02:18,359 | [GOOGL] ACTION: No trade.
2026-09-17 19:02:18,442 | [GPC] ACTION: No trade.
2026-09-17 19:02:18,524 | [GPN] ACTION: No trade.
2026-09-17 19:02:18,607 | [GRMN] ACTION: No trade.
2026-09-17 19:02:18,633 | [GS] ACTION: No trade.
2026-09-17 19:02:18,714 | [GWW] ACTION: No trade.
2026-09-17 19:02:18,796 | [HAL] ACTION: No trade.
2026-09-17 19:02:18,877 | [HAS] ACTION: No trade.
2026-09-17 19:02:18,958 | [HBAN] ACTION: No trade.
2026-09-17 19:02:19,042 | [HCA] ACTION: No trade.
2026-09-17 19:02:19,068 | [HD] ACTION: No trade.
2026-09-17 19:02:19,155 | [HIG] ACTION: No trade.
2026-09-17 19:02:19,239 | [HII] ACTION: No trade.
2026-09-17 19:02:19,321 | [HLT] ACTION: No trade.
2026-09-17 19:02:19,347 | [HON] ACTION: No trade.
2026-09-17 19:02:19,432 | [HONA] ACTION: No trade.
2026-09-17 19:02:19,514 | [HOOD] ACTION: No trade.
2026-09-17 19:02:19,595 | [HPE] ACTION: No trade.
2026-09-17 19:02:19,679 | [HPQ] ACTION: No trade.
2026-09-17 19:02:19,760 | [HSIC] ACTION: No trade.
2026-09-17 19:02:19,843 | [HST] ACTION: No trade.
2026-09-17 19:02:19,924 | [HSY] ACTION: No trade.
2026-09-17 19:02:20,007 | [HUBB] ACTION: No trade.
2026-09-17 19:02:20,088 | [HUM] ACTION: No trade.
2026-09-17 19:02:20,170 | [HWM] ACTION: No trade.
2026-09-17 19:02:20,252 | [IBKR] ACTION: No trade.
2026-09-17 19:02:20,278 | [IBM] ACTION: No trade.
2026-09-17 19:02:20,361 | [ICE] ACTION: No trade.
2026-09-17 19:02:20,443 | [IDXX] ACTION: No trade.
2026-09-17 19:02:20,526 | [IEX] ACTION: No trade.
2026-09-17 19:02:20,608 | [IFF] ACTION: No trade.
2026-09-17 19:02:20,690 | [INCY] ACTION: No trade.
2026-09-17 19:02:20,716 | [INTC] ACTION: No trade.
2026-09-17 19:02:20,798 | [INTU] ACTION: No trade.
2026-09-17 19:02:20,879 | [INVH] ACTION: No trade.
2026-09-17 19:02:20,961 | [IP] ACTION: No trade.
2026-09-17 19:02:21,045 | [IQV] ACTION: No trade.
2026-09-17 19:02:21,126 | [IR] ACTION: No trade.
2026-09-17 19:02:21,208 | [IRM] ACTION: No trade.
2026-09-17 19:02:21,290 | [ISRG] ACTION: No trade.
2026-09-17 19:02:21,373 | [IT] ACTION: No trade.
2026-09-17 19:02:21,454 | [ITW] ACTION: No trade.
2026-09-17 19:02:21,537 | [IVZ] ACTION: No trade.
2026-09-17 19:02:21,619 | [J] ACTION: No trade.
2026-09-17 19:02:21,700 | [JBHT] ACTION: No trade.
2026-09-17 19:02:21,781 | [JBL] ACTION: No trade.
2026-09-17 19:02:21,864 | [JCI] ACTION: No trade.
2026-09-17 19:02:21,945 | [JKHY] ACTION: No trade.
2026-09-17 19:02:21,971 | [JNJ] ACTION: No trade.
2026-09-17 19:02:21,997 | [JPM] ACTION: No trade.
2026-09-17 19:02:22,080 | [KDP] ACTION: No trade.
2026-09-17 19:02:22,161 | [KEY] ACTION: No trade.
2026-09-17 19:02:22,249 | [KEYS] ACTION: No trade.
2026-09-17 19:02:22,337 | [KHC] ACTION: No trade.
2026-09-17 19:02:22,419 | [KIM] ACTION: No trade.
2026-09-17 19:02:22,501 | [KKR] ACTION: No trade.
2026-09-17 19:02:22,582 | [KLAC] ACTION: No trade.
2026-09-17 19:02:22,665 | [KMB] ACTION: No trade.
2026-09-17 19:02:22,746 | [KMI] ACTION: No trade.
2026-09-17 19:02:22,772 | [KO] ACTION: No trade.
2026-09-17 19:02:22,854 | [KR] ACTION: No trade.
2026-09-17 19:02:22,935 | [KVUE] ACTION: No trade.
2026-09-17 19:02:23,018 | [L] ACTION: No trade.
2026-09-17 19:02:23,100 | [LDOS] ACTION: No trade.
2026-09-17 19:02:23,181 | [LEN] ACTION: No trade.
2026-09-17 19:02:23,265 | [LH] ACTION: No trade.
2026-09-17 19:02:23,350 | [LHX] ACTION: No trade.
2026-09-17 19:02:23,431 | [LII] ACTION: No trade.
2026-09-17 19:02:23,512 | [LIN] ACTION: No trade.
2026-09-17 19:02:23,597 | [LITE] ACTION: No trade.
2026-09-17 19:02:23,623 | [LLY] ACTION: No trade.
2026-09-17 19:02:23,649 | [LMT] ACTION: No trade.
2026-09-17 19:02:23,730 | [LNT] ACTION: No trade.
2026-09-17 19:02:23,756 | [LOW] ACTION: No trade.
2026-09-17 19:02:23,838 | [LRCX] ACTION: No trade.
2026-09-17 19:02:23,925 | [LULU] ACTION: No trade.
2026-09-17 19:02:24,006 | [LUV] ACTION: No trade.
2026-09-17 19:02:24,096 | [LVS] ACTION: No trade.
2026-09-17 19:02:24,178 | [LYB] ACTION: No trade.
2026-09-17 19:02:24,260 | [LYV] ACTION: No trade.
2026-09-17 19:02:24,286 | [MA] ACTION: No trade.
2026-09-17 19:02:24,371 | [MAA] ACTION: No trade.
2026-09-17 19:02:24,453 | [MAR] ACTION: No trade.
2026-09-17 19:02:24,536 | [MAS] ACTION: No trade.
2026-09-17 19:02:24,562 | [MCD] ACTION: No trade.
2026-09-17 19:02:24,650 | [MCHP] ACTION: No trade.
2026-09-17 19:02:24,732 | [MCK] ACTION: No trade.
2026-09-17 19:02:24,814 | [MCO] ACTION: No trade.
2026-09-17 19:02:24,902 | [MDLZ] ACTION: No trade.
2026-09-17 19:02:24,984 | [MDT] ACTION: No trade.
2026-09-17 19:02:25,065 | [MET] ACTION: No trade.
2026-09-17 19:02:25,092 | [META] ACTION: No trade.
2026-09-17 19:02:25,173 | [MKC] ACTION: No trade.
2026-09-17 19:02:25,255 | [MLM] ACTION: No trade.
2026-09-17 19:02:25,281 | [MMM] ACTION: No trade.
2026-09-17 19:02:25,363 | [MNST] ACTION: No trade.
2026-09-17 19:02:25,450 | [MO] ACTION: No trade.
2026-09-17 19:02:25,535 | [MOS] ACTION: No trade.
2026-09-17 19:02:25,617 | [MPC] ACTION: No trade.
2026-09-17 19:02:25,702 | [MPWR] ACTION: No trade.
2026-09-17 19:02:25,728 | [MRK] ACTION: No trade.
2026-09-17 19:02:25,810 | [MRNA] ACTION: No trade.
2026-09-17 19:02:25,894 | [MRSH] ACTION: No trade.
2026-09-17 19:02:25,977 | [MRVL] ACTION: No trade.
2026-09-17 19:02:26,002 | [MS] ACTION: No trade.
2026-09-17 19:02:26,083 | [MSCI] ACTION: No trade.
2026-09-17 19:02:26,109 | [MSFT] ACTION: No trade.
2026-09-17 19:02:26,191 | [MSI] ACTION: No trade.
2026-09-17 19:02:26,273 | [MTB] ACTION: No trade.
2026-09-17 19:02:26,355 | [MTD] ACTION: No trade.
2026-09-17 19:02:26,381 | [MU] ACTION: No trade.
2026-09-17 19:02:26,463 | [NCLH] ACTION: No trade.
2026-09-17 19:02:26,545 | [NDAQ] ACTION: No trade.
2026-09-17 19:02:26,651 | [NDSN] ACTION: No trade.
2026-09-17 19:02:26,734 | [NEE] ACTION: No trade.
2026-09-17 19:02:26,818 | [NEM] ACTION: No trade.
2026-09-17 19:02:26,844 | [NFLX] ACTION: No trade.
2026-09-17 19:02:26,927 | [NI] ACTION: No trade.
2026-09-17 19:02:26,953 | [NKE] ACTION: No trade.
2026-09-17 19:02:27,041 | [NOC] ACTION: No trade.
2026-09-17 19:02:27,067 | [NOW] ACTION: No trade.
2026-09-17 19:02:27,149 | [NRG] ACTION: No trade.
2026-09-17 19:02:27,231 | [NSC] ACTION: No trade.
2026-09-17 19:02:27,313 | [NTAP] ACTION: No trade.
2026-09-17 19:02:27,394 | [NTRS] ACTION: No trade.
2026-09-17 19:02:27,477 | [NUE] ACTION: No trade.
2026-09-17 19:02:27,504 | [NVDA] ACTION: No trade.
2026-09-17 19:02:30,641 | [NVR] ACTION: No trade.
2026-09-17 19:02:30,723 | [NWSA] ACTION: No trade.
2026-09-17 19:02:30,809 | [NXPI] ACTION: No trade.
2026-09-17 19:02:30,893 | [O] ACTION: No trade.
2026-09-17 19:02:30,976 | [ODFL] ACTION: No trade.
2026-09-17 19:02:31,057 | [OKE] ACTION: No trade.
2026-09-17 19:02:31,139 | [OMC] ACTION: No trade.
2026-09-17 19:02:31,221 | [ON] ACTION: No trade.
2026-09-17 19:02:31,247 | [ORCL] ACTION: No trade.
2026-09-17 19:02:31,329 | [ORLY] ACTION: No trade.
2026-09-17 19:02:31,411 | [OTIS] ACTION: No trade.
2026-09-17 19:02:31,495 | [OXY] ACTION: No trade.
2026-09-17 19:02:31,521 | [PANW] ACTION: No trade.
2026-09-17 19:02:31,605 | [PAYX] ACTION: No trade.
2026-09-17 19:02:31,687 | [PCAR] ACTION: No trade.
2026-09-17 19:02:31,772 | [PCG] ACTION: No trade.
2026-09-17 19:02:34,918 | [PEG] ACTION: No trade.
2026-09-17 19:02:34,944 | [PEP] ACTION: No trade.
2026-09-17 19:02:34,970 | [PFE] ACTION: No trade.
2026-09-17 19:02:35,052 | [PFG] ACTION: No trade.
2026-09-17 19:02:35,078 | [PG] ACTION: No trade.
2026-09-17 19:02:35,161 | [PGR] ACTION: No trade.
2026-09-17 19:02:35,244 | [PH] ACTION: No trade.
2026-09-17 19:02:35,325 | [PHM] ACTION: No trade.
2026-09-17 19:02:35,410 | [PKG] ACTION: No trade.
2026-09-17 19:02:35,493 | [PLD] ACTION: No trade.
2026-09-17 19:02:35,520 | [PLTR] ACTION: No trade.
2026-09-17 19:02:35,546 | [PM] ACTION: No trade.
2026-09-17 19:02:35,629 | [PNC] ACTION: No trade.
2026-09-17 19:02:35,711 | [PNR] ACTION: No trade.
2026-09-17 19:02:35,797 | [PODD] ACTION: No trade.
2026-09-17 19:02:35,879 | [PPG] ACTION: No trade.
2026-09-17 19:02:35,961 | [PPL] ACTION: No trade.
2026-09-17 19:02:36,044 | [PRU] ACTION: No trade.
2026-09-17 19:02:36,134 | [PSA] ACTION: No trade.
2026-09-17 19:02:39,280 | [PSKY] ACTION: No trade.
2026-09-17 19:02:39,362 | [PSX] ACTION: No trade.
2026-09-17 19:02:39,443 | [PTC] ACTION: No trade.
2026-09-17 19:02:39,525 | [PWR] ACTION: No trade.
2026-09-17 19:02:39,607 | [PYPL] ACTION: No trade.
2026-09-17 19:02:39,688 | [Q] ACTION: No trade.
2026-09-17 19:02:39,714 | [QCOM] ACTION: No trade.
2026-09-17 19:02:39,796 | [RCL] ACTION: No trade.
2026-09-17 19:02:39,884 | [RDDT] ACTION: No trade.
2026-09-17 19:02:39,970 | [REG] ACTION: No trade.
2026-09-17 19:02:40,053 | [REGN] ACTION: No trade.
2026-09-17 19:02:40,134 | [RF] ACTION: No trade.
2026-09-17 19:02:40,224 | [RJF] ACTION: No trade.
2026-09-17 19:02:40,307 | [RL] ACTION: No trade.
2026-09-17 19:02:40,389 | [RMD] ACTION: No trade.
2026-09-17 19:02:40,472 | [ROK] ACTION: No trade.
2026-09-17 19:02:43,620 | [ROL] ACTION: No trade.
2026-09-17 19:02:43,702 | [ROP] ACTION: No trade.
2026-09-17 19:02:43,786 | [ROST] ACTION: No trade.
2026-09-17 19:02:43,870 | [RSG] ACTION: No trade.
2026-09-17 19:02:43,896 | [RTX] ACTION: No trade.
2026-09-17 19:02:43,978 | [RVTY] ACTION: No trade.
2026-09-17 19:02:44,062 | [SBAC] ACTION: No trade.
2026-09-17 19:02:44,088 | [SBUX] ACTION: No trade.
2026-09-17 19:02:44,114 | [SCHW] ACTION: No trade.
2026-09-17 19:02:44,195 | [SHW] ACTION: No trade.
2026-09-17 19:02:44,280 | [SJM] ACTION: No trade.
2026-09-17 19:02:44,306 | [SLB] ACTION: No trade.
2026-09-17 19:02:44,332 | [SMCI] ACTION: No trade.
2026-09-17 19:02:44,414 | [SNA] ACTION: No trade.
2026-09-17 19:02:44,495 | [SNDK] ACTION: No trade.
2026-09-17 19:02:44,579 | [SNPS] trending (ADX 29.7) -> trend-following strategy | Signal: SELL | Shares held: 0.0 | Last price: $379.25
2026-09-17 19:02:44,579 | [SNPS] ACTION: No trade.
2026-09-17 19:02:44,663 | [SO] ACTION: No trade.
2026-09-17 19:02:44,745 | [SPG] ACTION: No trade.
2026-09-17 19:02:44,826 | [SPGI] ACTION: No trade.
2026-09-17 19:02:47,966 | [SRE] ACTION: No trade.
2026-09-17 19:02:48,048 | [STE] ACTION: No trade.
2026-09-17 19:02:48,135 | [STLD] ACTION: No trade.
2026-09-17 19:02:48,217 | [STT] ACTION: No trade.
2026-09-17 19:02:48,297 | [STX] ACTION: No trade.
2026-09-17 19:02:48,379 | [STZ] ACTION: No trade.
2026-09-17 19:02:48,460 | [SW] ACTION: No trade.
2026-09-17 19:02:48,541 | [SWK] ACTION: No trade.
2026-09-17 19:02:48,625 | [SWKS] ACTION: No trade.
2026-09-17 19:02:48,712 | [SYF] ACTION: No trade.
2026-09-17 19:02:48,793 | [SYK] ACTION: No trade.
2026-09-17 19:02:48,877 | [SYY] ACTION: No trade.
2026-09-17 19:02:48,903 | [T] ACTION: No trade.
2026-09-17 19:02:48,985 | [TAP] ACTION: No trade.
2026-09-17 19:02:49,067 | [TDG] ACTION: No trade.
2026-09-17 19:02:49,148 | [TDY] ACTION: No trade.
2026-09-17 19:02:52,285 | [TECH] ACTION: No trade.
2026-09-17 19:02:52,374 | [TEL] ACTION: No trade.
2026-09-17 19:02:52,455 | [TER] ACTION: No trade.
2026-09-17 19:02:52,541 | [TFC] ACTION: No trade.
2026-09-17 19:02:52,623 | [TGT] ACTION: No trade.
2026-09-17 19:02:52,704 | [TJX] ACTION: No trade.
2026-09-17 19:02:52,786 | [TKO] ACTION: No trade.
2026-09-17 19:02:52,812 | [TMO] ACTION: No trade.
2026-09-17 19:02:52,838 | [TMUS] ACTION: No trade.
2026-09-17 19:02:52,920 | [TPL] ACTION: No trade.
2026-09-17 19:02:53,002 | [TPR] ACTION: No trade.
2026-09-17 19:02:53,083 | [TRGP] ACTION: No trade.
2026-09-17 19:02:53,170 | [TRMB] ACTION: No trade.
2026-09-17 19:02:53,256 | [TROW] ACTION: No trade.
2026-09-17 19:02:53,338 | [TRV] ACTION: No trade.
2026-09-17 19:02:53,419 | [TSCO] ACTION: No trade.
2026-09-17 19:02:53,445 | [TSLA] ACTION: No trade.
2026-09-17 19:02:56,585 | [TSN] ACTION: No trade.
2026-09-17 19:02:56,667 | [TT] ACTION: No trade.
2026-09-17 19:02:56,750 | [TTD] ACTION: No trade.
2026-09-17 19:02:56,832 | [TTWO] ACTION: No trade.
2026-09-17 19:02:56,858 | [TXN] ACTION: No trade.
2026-09-17 19:02:56,946 | [TXT] ACTION: No trade.
2026-09-17 19:02:57,028 | [TYL] ACTION: No trade.
2026-09-17 19:02:57,109 | [UAL] ACTION: No trade.
2026-09-17 19:02:57,191 | [UBER] ACTION: No trade.
2026-09-17 19:02:57,272 | [UDR] ACTION: No trade.
2026-09-17 19:02:57,358 | [UHS] ACTION: No trade.
2026-09-17 19:02:57,443 | [ULTA] ACTION: No trade.
2026-09-17 19:02:57,469 | [UNH] ACTION: No trade.
2026-09-17 19:02:57,551 | [UNP] ACTION: No trade.
2026-09-17 19:02:57,577 | [UPS] ACTION: No trade.
2026-09-17 19:02:57,659 | [URI] ACTION: No trade.
2026-09-17 19:02:57,743 | [USB] ACTION: No trade.
2026-09-17 19:02:57,769 | [V] ACTION: No trade.
2026-09-17 19:02:57,861 | [VEEV] ACTION: No trade.
2026-09-17 19:03:00,999 | [VICI] ACTION: No trade.
2026-09-17 19:03:01,083 | [VLO] ACTION: No trade.
2026-09-17 19:03:01,165 | [VLTO] ACTION: No trade.
2026-09-17 19:03:01,250 | [VMC] ACTION: No trade.
2026-09-17 19:03:01,332 | [VMRK] ACTION: No trade.
2026-09-17 19:03:01,414 | [VRSK] ACTION: No trade.
2026-09-17 19:03:01,496 | [VRSN] ACTION: No trade.
2026-09-17 19:03:01,578 | [VRT] ACTION: No trade.
2026-09-17 19:03:01,664 | [VRTX] ACTION: No trade.
2026-09-17 19:03:01,745 | [VST] ACTION: No trade.
2026-09-17 19:03:01,827 | [VTR] ACTION: No trade.
2026-09-17 19:03:01,908 | [VTRS] ACTION: No trade.
2026-09-17 19:03:01,934 | [VZ] ACTION: No trade.
2026-09-17 19:03:02,016 | [WAB] ACTION: No trade.
2026-09-17 19:03:02,100 | [WAT] ACTION: No trade.
2026-09-17 19:03:05,237 | [WBD] ACTION: No trade.
2026-09-17 19:03:05,320 | [WDAY] ACTION: No trade.
2026-09-17 19:03:05,428 | [WDC] ACTION: No trade.
2026-09-17 19:03:05,516 | [WEC] ACTION: No trade.
2026-09-17 19:03:05,599 | [WELL] ACTION: No trade.
2026-09-17 19:03:05,625 | [WFC] ACTION: No trade.
2026-09-17 19:03:05,709 | [WM] ACTION: No trade.
2026-09-17 19:03:05,791 | [WMB] ACTION: No trade.
2026-09-17 19:03:05,817 | [WMT] ACTION: No trade.
2026-09-17 19:03:05,898 | [WRB] ACTION: No trade.
2026-09-17 19:03:05,980 | [WSM] ACTION: No trade.
2026-09-17 19:03:06,062 | [WST] ACTION: No trade.
2026-09-17 19:03:06,143 | [WTW] ACTION: No trade.
2026-09-17 19:03:06,225 | [WY] ACTION: No trade.
2026-09-17 19:03:06,307 | [WYNN] ACTION: No trade.
2026-09-17 19:03:06,448 | [XEL] ACTION: No trade.
2026-09-17 19:03:06,474 | [XOM] ACTION: No trade.
2026-09-17 19:03:06,557 | [XYL] ACTION: No trade.
2026-09-17 19:03:09,693 | [XYZ] ACTION: No trade.
2026-09-17 19:03:09,772 | [YUM] ACTION: No trade.
2026-09-17 19:03:09,849 | [ZBH] ACTION: No trade.
2026-09-17 19:03:09,930 | [ZBRA] ACTION: No trade.
2026-09-17 19:03:10,009 | [ZTS] ACTION: No trade.
2026-09-17 19:18:10,306 | Market is open (closes 2026-09-17 22:00:00 CEST your local time). Checking 490 symbols: A, AAPL, ABBV, ABNB, ABT, ACGL, ACN, ADBE, ADI, ADM, ADP, ADSK, AEE, AEP, AES, AFL, AIG, AIZ, AJG, AKAM, ALB, ALGN, ALL, ALLE, AMAT, AMCR, AMD, AME, AMGN, AMP, AMT, AMZN, ANET, AON, APA, APD, APH, APO, APP, APTV, ARE, ARES, ATO, AVGO, AVY, AWK, AXON, AXP, AZO, BA, BAC, BALL, BAX, BBY, BDX, BEN, BG, BIIB, BKNG, BKR, BLDR, BLK, BMY, BNY, BR, BRK.B, BRO, BSX, BX, C, CAH, CARR, CASY, CAT, CB, CBOE, CBRE, CCI, CCL, CDNS, CDW, CEG, CF, CFG, CHD, CHRW, CHTR, CI, CIEN, CINF, CL, CLX, CMCSA, CME, CMG, CMI, CMS, CNC, CNP, COF, COHR, COIN, COO, COP, COR, COST, CPAY, CPRT, CRH, CRL, CRM, CRWD, CSCO, CSGP, CSX, CTAS, CTSH, CTVA, CVNA, CVS, CVX, D, DAL, DASH, DD, DDOG, DE, DECK, DELL, DG, DGX, DHI, DHR, DIS, DLR, DLTR, DOC, DOV, DOW, DPZ, DRI, DTE, DUK, DVA, DVN, DXCM, EBAY, ECHO, ECL, ED, EFX, EG, EIX, EL, ELV, EME, EMR, EOG, EQIX, EQT, ES, ESS, ETN, ETR, EVRG, EW, EXC, EXE, EXPD, EXPE, EXR, F, FANG, FAST, FCX, FDS, FDX, FDXF, FE, FERG, FFIV, FICO, FIS, FISV, FITB, FIX, FLEX, FOXA, FSLR, FTNT, FTV, GD, GDDY, GE, GEHC, GEN, GEV, GILD, GIS, GLW, GM, GNRC, GOOG, GOOGL, GPC, GPN, GRMN, GS, GWW, HAL, HAS, HBAN, HCA, HD, HIG, HII, HLT, HON, HONA, HOOD, HPE, HPQ, HSIC, HST, HSY, HUBB, HUM, HWM, IBKR, IBM, ICE, IDXX, IEX, IFF, INCY, INTC, INTU, INVH, IP, IQV, IR, IRM, ISRG, IT, ITW, IVZ, J, JBHT, JBL, JCI, JKHY, JNJ, JPM, KDP, KEY, KEYS, KHC, KIM, KKR, KLAC, KMB, KMI, KO, KR, KVUE, L, LDOS, LEN, LH, LHX, LII, LIN, LITE, LLY, LMT, LNT, LOW, LRCX, LULU, LUV, LVS, LYB, LYV, MA, MAA, MAR, MAS, MCD, MCHP, MCK, MCO, MDLZ, MDT, MET, META, MKC, MLM, MMM, MNST, MO, MOS, MPC, MPWR, MRK, MRNA, MRSH, MRVL, MS, MSCI, MSFT, MSI, MTB, MTD, MU, NCLH, NDAQ, NDSN, NEE, NEM, NFLX, NI, NKE, NOC, NOW, NRG, NSC, NTAP, NTRS, NUE, NVDA, NVR, NWSA, NXPI, O, ODFL, OKE, OMC, ON, ORCL, ORLY, OTIS, OXY, PANW, PAYX, PCAR, PCG, PEG, PEP, PFE, PFG, PG, PGR, PH, PHM, PKG, PLD, PLTR, PM, PNC, PNR, PODD, PPG, PPL, PRU, PSA, PSKY, PSX, PTC, PWR, PYPL, Q, QCOM, RCL, RDDT, REG, REGN, RF, RJF, RL, RMD, ROK, ROL, ROP, ROST, RSG, RTX, RVTY, SBAC, SBUX, SCHW, SHW, SJM, SLB, SMCI, SNA, SNDK, SNPS, SO, SPG, SPGI, SRE, STE, STLD, STT, STX, STZ, SW, SWK, SWKS, SYF, SYK, SYY, T, TAP, TDG, TDY, TECH, TEL, TER, TFC, TGT, TJX, TKO, TMO, TMUS, TPL, TPR, TRGP, TRMB, TROW, TRV, TSCO, TSLA, TSN, TT, TTD, TTWO, TXN, TXT, TYL, UAL, UBER, UDR, UHS, ULTA, UNH, UNP, UPS, URI, USB, V, VEEV, VICI, VLO, VLTO, VMC, VMRK, VRSK, VRSN, VRT, VRTX, VST, VTR, VTRS, VZ, WAB, WAT, WBD, WDAY, WDC, WEC, WELL, WFC, WM, WMB, WMT, WRB, WSM, WST, WTW, WY, WYNN, XEL, XOM, XYL, XYZ, YUM, ZBH, ZBRA, ZTS (within 90 min of close -- not enough runway left today for a new position)
2026-09-17 19:18:51,249 | [A] ACTION: No trade.
2026-09-17 19:18:51,275 | [AAPL] ACTION: No trade.
2026-09-17 19:18:51,301 | [ABBV] ACTION: No trade.
2026-09-17 19:18:51,327 | [ABNB] ACTION: No trade.
2026-09-17 19:18:51,353 | [ABT] ACTION: No trade.
2026-09-17 19:18:51,378 | [ACGL] ACTION: No trade.
2026-09-17 19:18:51,404 | [ACN] ACTION: No trade.
2026-09-17 19:18:51,430 | [ADBE] ACTION: No trade.
2026-09-17 19:18:51,456 | [ADI] ACTION: No trade.
2026-09-17 19:18:51,482 | [ADM] ACTION: No trade.
2026-09-17 19:18:51,508 | [ADP] ACTION: No trade.
2026-09-17 19:18:51,534 | [ADSK] ACTION: No trade.
2026-09-17 19:18:51,559 | [AEE] ACTION: No trade.
2026-09-17 19:18:51,585 | [AEP] ACTION: No trade.
2026-09-17 19:18:51,611 | [AES] ACTION: No trade.
2026-09-17 19:18:51,637 | [AFL] ACTION: No trade.
2026-09-17 19:18:51,663 | [AIG] ACTION: No trade.
2026-09-17 19:18:51,689 | [AIZ] ACTION: No trade.
2026-09-17 19:18:51,715 | [AJG] ACTION: No trade.
2026-09-17 19:18:51,740 | [AKAM] ACTION: No trade.
2026-09-17 19:18:51,767 | [ALB] ACTION: No trade.
2026-09-17 19:18:51,792 | [ALGN] ACTION: No trade.
2026-09-17 19:18:51,818 | [ALL] ACTION: No trade.
2026-09-17 19:18:51,844 | [ALLE] ACTION: No trade.
2026-09-17 19:18:51,870 | [AMAT] ACTION: No trade.
2026-09-17 19:18:51,896 | [AMCR] ACTION: No trade.
2026-09-17 19:18:51,922 | [AMD] ACTION: No trade.
2026-09-17 19:18:51,948 | [AME] ACTION: No trade.
2026-09-17 19:18:51,973 | [AMGN] ACTION: No trade.
2026-09-17 19:18:51,999 | [AMP] ACTION: No trade.
2026-09-17 19:18:52,026 | [AMT] ACTION: No trade.
2026-09-17 19:18:52,051 | [AMZN] ACTION: No trade.
2026-09-17 19:18:52,077 | [ANET] ACTION: No trade.
2026-09-17 19:18:52,103 | [AON] ACTION: No trade.
2026-09-17 19:18:52,129 | [APA] ACTION: No trade.
2026-09-17 19:18:52,155 | [APD] ACTION: No trade.
2026-09-17 19:18:52,183 | [APH] ACTION: No trade.
2026-09-17 19:18:52,209 | [APO] ACTION: No trade.
2026-09-17 19:18:52,235 | [APP] ACTION: No trade.
2026-09-17 19:18:52,261 | [APTV] ACTION: No trade.
2026-09-17 19:18:52,287 | [ARE] ACTION: No trade.
2026-09-17 19:18:52,313 | [ARES] ACTION: No trade.
2026-09-17 19:18:52,339 | [ATO] ACTION: No trade.
2026-09-17 19:18:52,365 | [AVGO] ACTION: No trade.
2026-09-17 19:18:52,391 | [AVY] ACTION: No trade.
2026-09-17 19:18:52,417 | [AWK] ACTION: No trade.
2026-09-17 19:18:52,442 | [AXON] ACTION: No trade.
2026-09-17 19:18:52,468 | [AXP] ACTION: No trade.
2026-09-17 19:18:52,494 | [AZO] ACTION: No trade.
2026-09-17 19:18:52,520 | [BA] ACTION: No trade.
2026-09-17 19:18:52,546 | [BAC] ACTION: No trade.
2026-09-17 19:18:52,572 | [BALL] ACTION: No trade.
2026-09-17 19:18:52,598 | [BAX] ACTION: No trade.
2026-09-17 19:18:52,624 | [BBY] ACTION: No trade.
2026-09-17 19:18:52,650 | [BDX] ACTION: No trade.
2026-09-17 19:18:52,675 | [BEN] ACTION: No trade.
2026-09-17 19:18:52,701 | [BG] ACTION: No trade.
2026-09-17 19:18:52,727 | [BIIB] ACTION: No trade.
2026-09-17 19:18:52,753 | [BKNG] ACTION: No trade.
2026-09-17 19:18:52,779 | [BKR] ACTION: No trade.
2026-09-17 19:18:52,806 | [BLDR] ACTION: No trade.
2026-09-17 19:18:52,832 | [BLK] ACTION: No trade.
2026-09-17 19:18:52,858 | [BMY] ACTION: No trade.
2026-09-17 19:18:52,884 | [BNY] ACTION: No trade.
2026-09-17 19:18:52,910 | [BR] ACTION: No trade.
2026-09-17 19:18:52,936 | [BRK.B] ACTION: No trade.
2026-09-17 19:18:52,962 | [BRO] ACTION: No trade.
2026-09-17 19:18:52,988 | [BSX] ACTION: No trade.
2026-09-17 19:18:53,014 | [BX] ACTION: No trade.
2026-09-17 19:18:53,040 | [C] ACTION: No trade.
2026-09-17 19:18:53,066 | [CAH] ACTION: No trade.
2026-09-17 19:18:53,092 | [CARR] ACTION: No trade.
2026-09-17 19:18:53,118 | [CASY] ACTION: No trade.
2026-09-17 19:18:53,144 | [CAT] ACTION: No trade.
2026-09-17 19:18:53,170 | [CB] ACTION: No trade.
2026-09-17 19:18:53,197 | [CBOE] ACTION: No trade.
2026-09-17 19:18:53,223 | [CBRE] ACTION: No trade.
2026-09-17 19:18:53,249 | [CCI] ACTION: No trade.
2026-09-17 19:18:53,275 | [CCL] ACTION: No trade.
2026-09-17 19:18:53,301 | [CDNS] ACTION: No trade.
2026-09-17 19:18:53,327 | [CDW] ACTION: No trade.
2026-09-17 19:18:53,353 | [CEG] ACTION: No trade.
2026-09-17 19:18:53,379 | [CF] ACTION: No trade.
2026-09-17 19:18:53,405 | [CFG] ACTION: No trade.
2026-09-17 19:18:53,431 | [CHD] ACTION: No trade.
2026-09-17 19:18:53,457 | [CHRW] ACTION: No trade.
2026-09-17 19:18:53,483 | [CHTR] ACTION: No trade.
2026-09-17 19:18:53,509 | [CI] ACTION: No trade.
2026-09-17 19:18:53,536 | [CIEN] trending (ADX 30.1) -> trend-following strategy | Signal: SELL | Shares held: 0.0 | Last price: $348.94
2026-09-17 19:18:53,536 | [CIEN] ACTION: No trade.
2026-09-17 19:18:53,562 | [CINF] ACTION: No trade.
2026-09-17 19:18:53,588 | [CL] ACTION: No trade.
2026-09-17 19:18:53,614 | [CLX] ACTION: No trade.
2026-09-17 19:18:53,640 | [CMCSA] ACTION: No trade.
2026-09-17 19:18:53,666 | [CME] ACTION: No trade.
2026-09-17 19:18:53,692 | [CMG] ACTION: No trade.
2026-09-17 19:18:53,718 | [CMI] ACTION: No trade.
2026-09-17 19:18:53,744 | [CMS] ACTION: No trade.
2026-09-17 19:18:53,770 | [CNC] ACTION: No trade.
2026-09-17 19:18:53,796 | [CNP] ACTION: No trade.
2026-09-17 19:18:53,822 | [COF] ACTION: No trade.
2026-09-17 19:18:53,849 | [COHR] ACTION: No trade.
2026-09-17 19:18:53,875 | [COIN] ACTION: No trade.
2026-09-17 19:18:53,901 | [COO] ACTION: No trade.
2026-09-17 19:18:53,927 | [COP] ACTION: No trade.
2026-09-17 19:18:53,953 | [COR] ACTION: No trade.
2026-09-17 19:18:53,979 | [COST] ACTION: No trade.
2026-09-17 19:18:54,005 | [CPAY] ACTION: No trade.
2026-09-17 19:18:54,031 | [CPRT] ACTION: No trade.
2026-09-17 19:18:54,057 | [CRH] ACTION: No trade.
2026-09-17 19:18:54,083 | [CRL] ACTION: No trade.
2026-09-17 19:18:54,110 | [CRM] ACTION: No trade.
2026-09-17 19:18:54,136 | [CRWD] ACTION: No trade.
2026-09-17 19:18:54,161 | [CSCO] ACTION: No trade.
2026-09-17 19:18:54,188 | [CSGP] ACTION: No trade.
2026-09-17 19:18:54,214 | [CSX] ACTION: No trade.
2026-09-17 19:18:54,240 | [CTAS] ACTION: No trade.
2026-09-17 19:18:54,266 | [CTSH] ACTION: No trade.
2026-09-17 19:18:54,292 | [CTVA] ACTION: No trade.
2026-09-17 19:18:54,318 | [CVNA] ACTION: No trade.
2026-09-17 19:18:54,344 | [CVS] ACTION: No trade.
2026-09-17 19:18:54,370 | [CVX] ACTION: No trade.
2026-09-17 19:18:54,397 | [D] ACTION: No trade.
2026-09-17 19:18:54,423 | [DAL] ACTION: No trade.
2026-09-17 19:18:54,449 | [DASH] ACTION: No trade.
2026-09-17 19:18:54,475 | [DD] ACTION: No trade.
2026-09-17 19:18:54,501 | [DDOG] ACTION: No trade.
2026-09-17 19:18:54,527 | [DE] ACTION: No trade.
2026-09-17 19:18:54,553 | [DECK] ACTION: No trade.
2026-09-17 19:18:54,579 | [DELL] ACTION: No trade.
2026-09-17 19:18:54,605 | [DG] ACTION: No trade.
2026-09-17 19:18:54,632 | [DGX] ACTION: No trade.
2026-09-17 19:18:54,658 | [DHI] ACTION: No trade.
2026-09-17 19:18:54,684 | [DHR] ACTION: No trade.
2026-09-17 19:18:54,710 | [DIS] ACTION: No trade.
2026-09-17 19:18:54,736 | [DLR] ACTION: No trade.
2026-09-17 19:18:54,762 | [DLTR] ACTION: No trade.
2026-09-17 19:18:54,788 | [DOC] ACTION: No trade.
2026-09-17 19:18:54,814 | [DOV] ACTION: No trade.
2026-09-17 19:18:54,840 | [DOW] ACTION: No trade.
2026-09-17 19:18:54,866 | [DPZ] ACTION: No trade.
2026-09-17 19:18:54,892 | [DRI] ACTION: No trade.
2026-09-17 19:18:54,918 | [DTE] ACTION: No trade.
2026-09-17 19:18:54,944 | [DUK] ACTION: No trade.
2026-09-17 19:18:54,970 | [DVA] ACTION: No trade.
2026-09-17 19:18:54,996 | [DVN] ACTION: No trade.
2026-09-17 19:18:55,022 | [DXCM] ACTION: No trade.
2026-09-17 19:18:55,049 | [EBAY] ACTION: No trade.
2026-09-17 19:18:55,075 | [ECHO] ACTION: No trade.
2026-09-17 19:18:55,101 | [ECL] ACTION: No trade.
2026-09-17 19:18:55,128 | [ED] ACTION: No trade.
2026-09-17 19:18:55,154 | [EFX] ACTION: No trade.
2026-09-17 19:18:55,181 | [EG] ACTION: No trade.
2026-09-17 19:18:55,207 | [EIX] ACTION: No trade.
2026-09-17 19:18:55,233 | [EL] ACTION: No trade.
2026-09-17 19:18:55,259 | [ELV] ACTION: No trade.
2026-09-17 19:18:55,286 | [EME] ACTION: No trade.
2026-09-17 19:18:55,312 | [EMR] ACTION: No trade.
2026-09-17 19:18:55,338 | [EOG] ACTION: No trade.
2026-09-17 19:18:55,364 | [EQIX] ACTION: No trade.
2026-09-17 19:18:55,391 | [EQT] ACTION: No trade.
2026-09-17 19:18:55,417 | [ES] ACTION: No trade.
2026-09-17 19:18:55,443 | [ESS] ACTION: No trade.
2026-09-17 19:18:55,469 | [ETN] ACTION: No trade.
2026-09-17 19:18:55,496 | [ETR] ACTION: No trade.
2026-09-17 19:18:55,522 | [EVRG] ACTION: No trade.
2026-09-17 19:18:55,548 | [EW] ACTION: No trade.
2026-09-17 19:18:55,574 | [EXC] ACTION: No trade.
2026-09-17 19:18:55,600 | [EXE] ACTION: No trade.
2026-09-17 19:18:55,626 | [EXPD] ACTION: No trade.
2026-09-17 19:18:55,652 | [EXPE] ACTION: No trade.
2026-09-17 19:18:55,682 | [EXR] ACTION: No trade.
2026-09-17 19:18:55,715 | [F] ACTION: No trade.
2026-09-17 19:18:55,741 | [FANG] ACTION: No trade.
2026-09-17 19:18:55,767 | [FAST] ACTION: No trade.
2026-09-17 19:18:55,793 | [FCX] ACTION: No trade.
2026-09-17 19:18:55,819 | [FDS] ACTION: No trade.
2026-09-17 19:18:55,845 | [FDX] ACTION: No trade.
2026-09-17 19:18:55,872 | [FDXF] ACTION: No trade.
2026-09-17 19:18:55,898 | [FE] ACTION: No trade.
2026-09-17 19:18:55,923 | [FERG] ACTION: No trade.
2026-09-17 19:18:55,950 | [FFIV] ACTION: No trade.
2026-09-17 19:18:55,976 | [FICO] ACTION: No trade.
2026-09-17 19:18:56,002 | [FIS] ACTION: No trade.
2026-09-17 19:18:56,028 | [FISV] ACTION: No trade.
2026-09-17 19:18:56,054 | [FITB] ACTION: No trade.
2026-09-17 19:18:56,080 | [FIX] ACTION: No trade.
2026-09-17 19:18:56,106 | [FLEX] ACTION: No trade.
2026-09-17 19:18:56,132 | [FOXA] ACTION: No trade.
2026-09-17 19:18:56,158 | [FSLR] ACTION: No trade.
2026-09-17 19:18:56,184 | [FTNT] ACTION: No trade.
2026-09-17 19:18:56,210 | [FTV] ACTION: No trade.
2026-09-17 19:18:56,236 | [GD] ACTION: No trade.
2026-09-17 19:18:56,262 | [GDDY] ACTION: No trade.
2026-09-17 19:18:56,288 | [GE] ACTION: No trade.
2026-09-17 19:18:56,314 | [GEHC] ACTION: No trade.
2026-09-17 19:18:56,340 | [GEN] ACTION: No trade.
2026-09-17 19:18:56,366 | [GEV] ACTION: No trade.
2026-09-17 19:18:56,392 | [GILD] ACTION: No trade.
2026-09-17 19:18:56,418 | [GIS] ACTION: No trade.
2026-09-17 19:18:56,445 | [GLW] ACTION: No trade.
2026-09-17 19:18:56,471 | [GM] Gap Pattern (Type A) continuation, gap held and extended | Signal: BUY | Shares held: 0.0 | Last price: $87.11
2026-09-17 19:18:56,471 | [GM] ACTION: No trade (within 90 min of close -- not enough runway left today for a new position).
2026-09-17 19:18:56,497 | [GNRC] ACTION: No trade.
2026-09-17 19:18:56,523 | [GOOG] ACTION: No trade.
2026-09-17 19:18:56,549 | [GOOGL] ACTION: No trade.
2026-09-17 19:18:56,575 | [GPC] ACTION: No trade.
2026-09-17 19:18:56,601 | [GPN] ACTION: No trade.
2026-09-17 19:18:56,627 | [GRMN] ACTION: No trade.
2026-09-17 19:18:56,653 | [GS] ACTION: No trade.
2026-09-17 19:18:56,679 | [GWW] ACTION: No trade.
2026-09-17 19:18:56,705 | [HAL] ACTION: No trade.
2026-09-17 19:18:56,731 | [HAS] ACTION: No trade.
2026-09-17 19:18:56,757 | [HBAN] ACTION: No trade.
2026-09-17 19:18:56,783 | [HCA] ACTION: No trade.
2026-09-17 19:18:56,809 | [HD] ACTION: No trade.
2026-09-17 19:18:56,835 | [HIG] ACTION: No trade.
2026-09-17 19:18:56,861 | [HII] ACTION: No trade.
2026-09-17 19:18:56,887 | [HLT] ACTION: No trade.
2026-09-17 19:18:56,913 | [HON] ACTION: No trade.
2026-09-17 19:18:56,939 | [HONA] ACTION: No trade.
2026-09-17 19:18:56,965 | [HOOD] ACTION: No trade.
2026-09-17 19:18:56,991 | [HPE] ACTION: No trade.
2026-09-17 19:18:57,017 | [HPQ] ACTION: No trade.
2026-09-17 19:18:57,043 | [HSIC] ACTION: No trade.
2026-09-17 19:18:57,069 | [HST] ACTION: No trade.
2026-09-17 19:18:57,095 | [HSY] ACTION: No trade.
2026-09-17 19:18:57,122 | [HUBB] ACTION: No trade.
2026-09-17 19:18:57,148 | [HUM] ACTION: No trade.
2026-09-17 19:18:57,174 | [HWM] ACTION: No trade.
2026-09-17 19:18:57,200 | [IBKR] ACTION: No trade.
2026-09-17 19:18:57,226 | [IBM] ACTION: No trade.
2026-09-17 19:18:57,252 | [ICE] ACTION: No trade.
2026-09-17 19:18:57,278 | [IDXX] ACTION: No trade.
2026-09-17 19:18:57,305 | [IEX] ACTION: No trade.
2026-09-17 19:18:57,331 | [IFF] ACTION: No trade.
2026-09-17 19:18:57,357 | [INCY] ACTION: No trade.
2026-09-17 19:18:57,383 | [INTC] ACTION: No trade.
2026-09-17 19:18:57,409 | [INTU] ACTION: No trade.
2026-09-17 19:18:57,435 | [INVH] ACTION: No trade.
2026-09-17 19:18:57,461 | [IP] ACTION: No trade.
2026-09-17 19:18:57,487 | [IQV] ACTION: No trade.
2026-09-17 19:18:57,513 | [IR] ACTION: No trade.
2026-09-17 19:18:57,539 | [IRM] ACTION: No trade.
2026-09-17 19:18:57,565 | [ISRG] ACTION: No trade.
2026-09-17 19:18:57,591 | [IT] ACTION: No trade.
2026-09-17 19:18:57,620 | [ITW] ACTION: No trade.
2026-09-17 19:18:57,650 | [IVZ] ACTION: No trade.
2026-09-17 19:18:57,676 | [J] ACTION: No trade.
2026-09-17 19:18:57,702 | [JBHT] ACTION: No trade.
2026-09-17 19:18:57,728 | [JBL] ACTION: No trade.
2026-09-17 19:18:57,754 | [JCI] ACTION: No trade.
2026-09-17 19:18:57,780 | [JKHY] ACTION: No trade.
2026-09-17 19:18:57,806 | [JNJ] ACTION: No trade.
2026-09-17 19:18:57,832 | [JPM] ACTION: No trade.
2026-09-17 19:18:57,858 | [KDP] ACTION: No trade.
2026-09-17 19:18:57,884 | [KEY] ACTION: No trade.
2026-09-17 19:18:57,910 | [KEYS] Gap Pattern (Type A) continuation, gap held and extended | Signal: BUY | Shares held: 0.0 | Last price: $333.21
2026-09-17 19:18:57,910 | [KEYS] ACTION: No trade (within 90 min of close -- not enough runway left today for a new position).
2026-09-17 19:18:57,936 | [KHC] ACTION: No trade.
2026-09-17 19:18:57,962 | [KIM] ACTION: No trade.
2026-09-17 19:18:57,988 | [KKR] ACTION: No trade.
2026-09-17 19:18:58,014 | [KLAC] ACTION: No trade.
2026-09-17 19:18:58,040 | [KMB] ACTION: No trade.
2026-09-17 19:18:58,067 | [KMI] ACTION: No trade.
2026-09-17 19:18:58,093 | [KO] ACTION: No trade.
2026-09-17 19:18:58,119 | [KR] ACTION: No trade.
2026-09-17 19:18:58,145 | [KVUE] ACTION: No trade.
2026-09-17 19:18:58,171 | [L] ACTION: No trade.
2026-09-17 19:18:58,199 | [LDOS] ACTION: No trade.
2026-09-17 19:18:58,225 | [LEN] ACTION: No trade.
2026-09-17 19:18:58,251 | [LH] ACTION: No trade.
2026-09-17 19:18:58,278 | [LHX] ACTION: No trade.
2026-09-17 19:18:58,304 | [LII] ACTION: No trade.
2026-09-17 19:18:58,330 | [LIN] ACTION: No trade.
2026-09-17 19:18:58,356 | [LITE] ACTION: No trade.
2026-09-17 19:18:58,382 | [LLY] ACTION: No trade.
2026-09-17 19:18:58,408 | [LMT] ACTION: No trade.
2026-09-17 19:18:58,434 | [LNT] ACTION: No trade.
2026-09-17 19:18:58,460 | [LOW] ACTION: No trade.
2026-09-17 19:18:58,486 | [LRCX] ACTION: No trade.
2026-09-17 19:18:58,512 | [LULU] ACTION: No trade.
2026-09-17 19:18:58,538 | [LUV] ACTION: No trade.
2026-09-17 19:18:58,564 | [LVS] ACTION: No trade.
2026-09-17 19:18:58,590 | [LYB] ACTION: No trade.
2026-09-17 19:18:58,616 | [LYV] ACTION: No trade.
2026-09-17 19:18:58,642 | [MA] ACTION: No trade.
2026-09-17 19:18:58,668 | [MAA] ACTION: No trade.
2026-09-17 19:18:58,694 | [MAR] ACTION: No trade.
2026-09-17 19:18:58,719 | [MAS] ACTION: No trade.
2026-09-17 19:18:58,746 | [MCD] ACTION: No trade.
2026-09-17 19:18:58,772 | [MCHP] ACTION: No trade.
2026-09-17 19:18:58,798 | [MCK] ACTION: No trade.
2026-09-17 19:18:58,824 | [MCO] ACTION: No trade.
2026-09-17 19:18:58,850 | [MDLZ] ACTION: No trade.
2026-09-17 19:18:58,876 | [MDT] ACTION: No trade.
2026-09-17 19:18:58,902 | [MET] ACTION: No trade.
2026-09-17 19:18:58,928 | [META] ACTION: No trade.
2026-09-17 19:18:58,954 | [MKC] ACTION: No trade.
2026-09-17 19:18:58,980 | [MLM] ACTION: No trade.
2026-09-17 19:18:59,006 | [MMM] ACTION: No trade.
2026-09-17 19:18:59,032 | [MNST] ACTION: No trade.
2026-09-17 19:18:59,058 | [MO] ACTION: No trade.
2026-09-17 19:18:59,085 | [MOS] ACTION: No trade.
2026-09-17 19:18:59,111 | [MPC] ACTION: No trade.
2026-09-17 19:18:59,137 | [MPWR] ACTION: No trade.
2026-09-17 19:18:59,163 | [MRK] ACTION: No trade.
2026-09-17 19:18:59,189 | [MRNA] ACTION: No trade.
2026-09-17 19:18:59,215 | [MRSH] ACTION: No trade.
2026-09-17 19:18:59,241 | [MRVL] ACTION: No trade.
2026-09-17 19:18:59,267 | [MS] ACTION: No trade.
2026-09-17 19:18:59,293 | [MSCI] ACTION: No trade.
2026-09-17 19:18:59,320 | [MSFT] ACTION: No trade.
2026-09-17 19:18:59,346 | [MSI] ACTION: No trade.
2026-09-17 19:18:59,372 | [MTB] ACTION: No trade.
2026-09-17 19:18:59,398 | [MTD] ACTION: No trade.
2026-09-17 19:18:59,424 | [MU] ACTION: No trade.
2026-09-17 19:18:59,450 | [NCLH] ACTION: No trade.
2026-09-17 19:18:59,476 | [NDAQ] ACTION: No trade.
2026-09-17 19:18:59,502 | [NDSN] ACTION: No trade.
2026-09-17 19:18:59,528 | [NEE] ACTION: No trade.
2026-09-17 19:18:59,554 | [NEM] ACTION: No trade.
2026-09-17 19:18:59,580 | [NFLX] ACTION: No trade.
2026-09-17 19:18:59,606 | [NI] ACTION: No trade.
2026-09-17 19:18:59,632 | [NKE] ACTION: No trade.
2026-09-17 19:18:59,658 | [NOC] ACTION: No trade.
2026-09-17 19:18:59,684 | [NOW] ACTION: No trade.
2026-09-17 19:18:59,710 | [NRG] ACTION: No trade.
2026-09-17 19:18:59,736 | [NSC] ACTION: No trade.
2026-09-17 19:18:59,762 | [NTAP] ACTION: No trade.
2026-09-17 19:18:59,788 | [NTRS] ACTION: No trade.
2026-09-17 19:18:59,813 | [NUE] ACTION: No trade.
2026-09-17 19:18:59,839 | [NVDA] ACTION: No trade.
2026-09-17 19:18:59,865 | [NVR] ACTION: No trade.
2026-09-17 19:18:59,891 | [NWSA] ACTION: No trade.
2026-09-17 19:18:59,917 | [NXPI] ACTION: No trade.
2026-09-17 19:18:59,943 | [O] ACTION: No trade.
2026-09-17 19:18:59,969 | [ODFL] ACTION: No trade.
2026-09-17 19:18:59,995 | [OKE] ACTION: No trade.
2026-09-17 19:19:00,021 | [OMC] ACTION: No trade.
2026-09-17 19:19:00,047 | [ON] ACTION: No trade.
2026-09-17 19:19:00,073 | [ORCL] ACTION: No trade.
2026-09-17 19:19:00,099 | [ORLY] ACTION: No trade.
2026-09-17 19:19:00,124 | [OTIS] ACTION: No trade.
2026-09-17 19:19:00,150 | [OXY] ACTION: No trade.
2026-09-17 19:19:00,177 | [PANW] ACTION: No trade.
2026-09-17 19:19:00,203 | [PAYX] ACTION: No trade.
2026-09-17 19:19:00,229 | [PCAR] ACTION: No trade.
2026-09-17 19:19:00,255 | [PCG] ACTION: No trade.
2026-09-17 19:19:00,281 | [PEG] ACTION: No trade.
2026-09-17 19:19:00,307 | [PEP] ACTION: No trade.
2026-09-17 19:19:00,333 | [PFE] ACTION: No trade.
2026-09-17 19:19:00,359 | [PFG] ACTION: No trade.
2026-09-17 19:19:00,385 | [PG] ACTION: No trade.
2026-09-17 19:19:00,411 | [PGR] ACTION: No trade.
2026-09-17 19:19:00,437 | [PH] ACTION: No trade.
2026-09-17 19:19:00,463 | [PHM] ACTION: No trade.
2026-09-17 19:19:00,489 | [PKG] ACTION: No trade.
2026-09-17 19:19:00,515 | [PLD] ACTION: No trade.
2026-09-17 19:19:00,543 | [PLTR] ACTION: No trade.
2026-09-17 19:19:00,569 | [PM] ACTION: No trade.
2026-09-17 19:19:00,595 | [PNC] ACTION: No trade.
2026-09-17 19:19:00,621 | [PNR] ACTION: No trade.
2026-09-17 19:19:00,647 | [PODD] ACTION: No trade.
2026-09-17 19:19:00,673 | [PPG] ACTION: No trade.
2026-09-17 19:19:00,699 | [PPL] ACTION: No trade.
2026-09-17 19:19:00,725 | [PRU] ACTION: No trade.
2026-09-17 19:19:00,751 | [PSA] ACTION: No trade.
2026-09-17 19:19:00,777 | [PSKY] ACTION: No trade.
2026-09-17 19:19:00,803 | [PSX] ACTION: No trade.
2026-09-17 19:19:00,829 | [PTC] ACTION: No trade.
2026-09-17 19:19:00,855 | [PWR] ACTION: No trade.
2026-09-17 19:19:00,881 | [PYPL] ACTION: No trade.
2026-09-17 19:19:00,907 | [Q] ACTION: No trade.
2026-09-17 19:19:00,933 | [QCOM] ACTION: No trade.
2026-09-17 19:19:00,959 | [RCL] ACTION: No trade.
2026-09-17 19:19:00,986 | [RDDT] ACTION: No trade.
2026-09-17 19:19:01,012 | [REG] ACTION: No trade.
2026-09-17 19:19:01,038 | [REGN] ACTION: No trade.
2026-09-17 19:19:01,063 | [RF] ACTION: No trade.
2026-09-17 19:19:01,089 | [RJF] ACTION: No trade.
2026-09-17 19:19:01,115 | [RL] ACTION: No trade.
2026-09-17 19:19:01,141 | [RMD] ACTION: No trade.
2026-09-17 19:19:01,167 | [ROK] ACTION: No trade.
2026-09-17 19:19:01,193 | [ROL] ACTION: No trade.
2026-09-17 19:19:01,219 | [ROP] ACTION: No trade.
2026-09-17 19:19:01,245 | [ROST] ACTION: No trade.
2026-09-17 19:19:01,272 | [RSG] ACTION: No trade.
2026-09-17 19:19:01,298 | [RTX] ACTION: No trade.
2026-09-17 19:19:01,324 | [RVTY] ACTION: No trade.
2026-09-17 19:19:01,350 | [SBAC] ACTION: No trade.
2026-09-17 19:19:01,376 | [SBUX] ACTION: No trade.
2026-09-17 19:19:01,403 | [SCHW] ACTION: No trade.
2026-09-17 19:19:01,429 | [SHW] ACTION: No trade.
2026-09-17 19:19:01,455 | [SJM] ACTION: No trade.
2026-09-17 19:19:01,481 | [SLB] ACTION: No trade.
2026-09-17 19:19:01,507 | [SMCI] ACTION: No trade.
2026-09-17 19:19:01,533 | [SNA] ACTION: No trade.
2026-09-17 19:19:01,559 | [SNDK] ACTION: No trade.
2026-09-17 19:19:01,586 | [SNPS] ACTION: No trade.
2026-09-17 19:19:01,611 | [SO] ACTION: No trade.
2026-09-17 19:19:01,637 | [SPG] ACTION: No trade.
2026-09-17 19:19:01,663 | [SPGI] ACTION: No trade.
2026-09-17 19:19:01,690 | [SRE] ACTION: No trade.
2026-09-17 19:19:01,716 | [STE] ACTION: No trade.
2026-09-17 19:19:01,742 | [STLD] ACTION: No trade.
2026-09-17 19:19:01,768 | [STT] ACTION: No trade.
2026-09-17 19:19:01,794 | [STX] ACTION: No trade.
2026-09-17 19:19:01,821 | [STZ] ACTION: No trade.
2026-09-17 19:19:01,847 | [SW] ACTION: No trade.
2026-09-17 19:19:01,873 | [SWK] ACTION: No trade.
2026-09-17 19:19:01,899 | [SWKS] ACTION: No trade.
2026-09-17 19:19:01,925 | [SYF] ACTION: No trade.
2026-09-17 19:19:01,951 | [SYK] ACTION: No trade.
2026-09-17 19:19:01,977 | [SYY] ACTION: No trade.
2026-09-17 19:19:02,003 | [T] ACTION: No trade.
2026-09-17 19:19:02,029 | [TAP] ACTION: No trade.
2026-09-17 19:19:02,055 | [TDG] ACTION: No trade.
2026-09-17 19:19:02,081 | [TDY] ACTION: No trade.
2026-09-17 19:19:02,107 | [TECH] ACTION: No trade.
2026-09-17 19:19:02,133 | [TEL] ACTION: No trade.
2026-09-17 19:19:02,159 | [TER] ACTION: No trade.
2026-09-17 19:19:02,185 | [TFC] ACTION: No trade.
2026-09-17 19:19:02,211 | [TGT] ACTION: No trade.
2026-09-17 19:19:02,238 | [TJX] ACTION: No trade.
2026-09-17 19:19:02,264 | [TKO] ACTION: No trade.
2026-09-17 19:19:02,290 | [TMO] ACTION: No trade.
2026-09-17 19:19:02,316 | [TMUS] ACTION: No trade.
2026-09-17 19:19:02,343 | [TPL] ACTION: No trade.
2026-09-17 19:19:02,369 | [TPR] ACTION: No trade.
2026-09-17 19:19:02,395 | [TRGP] ACTION: No trade.
2026-09-17 19:19:02,421 | [TRMB] ACTION: No trade.
2026-09-17 19:19:02,447 | [TROW] ACTION: No trade.
2026-09-17 19:19:02,473 | [TRV] ACTION: No trade.
2026-09-17 19:19:02,499 | [TSCO] ACTION: No trade.
2026-09-17 19:19:02,526 | [TSLA] ACTION: No trade.
2026-09-17 19:19:02,552 | [TSN] ACTION: No trade.
2026-09-17 19:19:02,578 | [TT] ACTION: No trade.
2026-09-17 19:19:02,604 | [TTD] ACTION: No trade.
2026-09-17 19:19:02,630 | [TTWO] ACTION: No trade.
2026-09-17 19:19:02,656 | [TXN] ACTION: No trade.
2026-09-17 19:19:02,682 | [TXT] ACTION: No trade.
2026-09-17 19:19:02,708 | [TYL] ACTION: No trade.
2026-09-17 19:19:02,734 | [UAL] ACTION: No trade.
2026-09-17 19:19:02,760 | [UBER] ACTION: No trade.
2026-09-17 19:19:02,787 | [UDR] ACTION: No trade.
2026-09-17 19:19:02,813 | [UHS] ACTION: No trade.
2026-09-17 19:19:02,839 | [ULTA] ACTION: No trade.
2026-09-17 19:19:02,865 | [UNH] ACTION: No trade.
2026-09-17 19:19:02,891 | [UNP] ACTION: No trade.
2026-09-17 19:19:02,917 | [UPS] ACTION: No trade.
2026-09-17 19:19:02,943 | [URI] ACTION: No trade.
2026-09-17 19:19:02,969 | [USB] ACTION: No trade.
2026-09-17 19:19:02,995 | [V] ACTION: No trade.
2026-09-17 19:19:03,021 | [VEEV] ACTION: No trade.
2026-09-17 19:19:03,048 | [VICI] ACTION: No trade.
2026-09-17 19:19:03,074 | [VLO] ACTION: No trade.
2026-09-17 19:19:03,100 | [VLTO] ACTION: No trade.
2026-09-17 19:19:03,126 | [VMC] ACTION: No trade.
2026-09-17 19:19:03,152 | [VMRK] ACTION: No trade.
2026-09-17 19:19:03,178 | [VRSK] ACTION: No trade.
2026-09-17 19:19:03,204 | [VRSN] ACTION: No trade.
2026-09-17 19:19:03,230 | [VRT] ACTION: No trade.
2026-09-17 19:19:03,256 | [VRTX] ACTION: No trade.
2026-09-17 19:19:03,283 | [VST] ACTION: No trade.
2026-09-17 19:19:03,309 | [VTR] ACTION: No trade.
2026-09-17 19:19:03,335 | [VTRS] ACTION: No trade.
2026-09-17 19:19:03,361 | [VZ] ACTION: No trade.
2026-09-17 19:19:03,387 | [WAB] ACTION: No trade.
2026-09-17 19:19:03,413 | [WAT] ACTION: No trade.
2026-09-17 19:19:03,440 | [WBD] ACTION: No trade.
2026-09-17 19:19:03,466 | [WDAY] ACTION: No trade.
2026-09-17 19:19:03,492 | [WDC] ACTION: No trade.
2026-09-17 19:19:03,518 | [WEC] ACTION: No trade.
2026-09-17 19:19:03,544 | [WELL] ACTION: No trade.
2026-09-17 19:19:03,570 | [WFC] ACTION: No trade.
2026-09-17 19:19:03,596 | [WM] ACTION: No trade.
2026-09-17 19:19:03,622 | [WMB] ACTION: No trade.
2026-09-17 19:19:03,648 | [WMT] ACTION: No trade.
2026-09-17 19:19:03,674 | [WRB] ACTION: No trade.
2026-09-17 19:19:03,700 | [WSM] ACTION: No trade.
2026-09-17 19:19:03,726 | [WST] ACTION: No trade.
2026-09-17 19:19:03,752 | [WTW] ACTION: No trade.
2026-09-17 19:19:03,779 | [WY] ACTION: No trade.
2026-09-17 19:19:03,805 | [WYNN] ACTION: No trade.
2026-09-17 19:19:03,831 | [XEL] ACTION: No trade.
2026-09-17 19:19:03,857 | [XOM] ACTION: No trade.
2026-09-17 19:19:03,883 | [XYL] ACTION: No trade.
2026-09-17 19:19:03,909 | [XYZ] ACTION: No trade.
2026-09-17 19:19:03,935 | [YUM] ACTION: No trade.
2026-09-17 19:19:03,961 | [ZBH] ACTION: No trade.
2026-09-17 19:19:03,987 | [ZBRA] ACTION: No trade.
2026-09-17 19:19:04,013 | [ZTS] ACTION: No trade.
2026-09-17 19:34:04,283 | SCANNER: refreshing watchlist...
2026-09-17 19:34:04,629 | SCANNER: excluded 3 leveraged/inverse ETF(s) from 5 candidate(s).
2026-09-17 19:34:05,578 | SCANNER: 2 candidate(s) passed price/extension filters but none met the $10,000,000 average dollar-volume bar.
2026-09-17 19:34:40,568 | S&P 500 liquidity backstop -> NVDA, MU, SNDK, TSLA, AMD, META, AAPL, INTC, MSFT, AVGO, GOOGL, AMZN, DELL, GOOG, ORCL, PLTR, LITE, MRVL, CRWD, CRM, STX, JPM, TMO, GS, BAC, GEV, PANW, WDC, HOOD, V, AMAT, LRCX, COIN, BRK.B, LLY, COST, QCOM, NFLX, XOM, CAT, WMT, CVX, COHR, MS, MA, VLO, C, FANG, GE, TXN, NOW, JNJ, BA, TJX, ABBV, MRNA, PG, CSCO, MPC, VRT, UNH, WFC, APP, AZO, GLW, ADI, HD, SMCI, AON, MRK, IBM, AMGN, HPE, ETN, KLAC, HONA, SCHW, DHR, SYK, DIS, MCK, TMUS, MCD, DE, MDT, AXP, COF, ADBE, BKNG, PEP, KO, HWM, ANET, COP, ABT, UBER, GILD, VZ, NEE, LIN, ACN, NXPI, NKE, CMI, HON, ON, PSX, ISRG, CIEN, SWKS, INTU, BNY, ADP, T, RTX, HBAN, TER, PM, AXON, BSX, HCA, USB, SPGI, ELV, BLK, MPWR, UNP, KVUE, EQIX, TDG, DDOG, LOW, APH, EXPE, BMY, FTNT, WMB, SLB, PH, MSI, HLT, MMM, TT, SHW, ORLY, CEG, MRSH, JCI, SNPS, PNC, SBUX, TRV, KR, MAR, GNRC, CDNS, XEL, KEY, VMRK, PGR, WELL, SYY, ACGL, ROST, MLM, CB, IQV, PFE, ADSK, TGT, NEM, DASH, EOG, URI, EBAY, TEL, AMT, RVTY, GM, SO, CMCSA, CTVA, RDDT, KEYS, WM, CARR, MCHP, WDAY, CVS, PWR, LMT, JBHT, CRH, FCX, PLD, CME, CAH, CL, CSX, DUK, IR, ICE, KMB, STT, CTAS, REGN, BKR, MTD, OTIS, DVN, NOC, GD, ABNB, CASY, DLTR, MO, AJG, GWW, VRTX, ALL, AMP, TFC, LHX, BDX, FERG, DHI, AEP, DLR, RCL, MSCI, RSG, KKR, ROK, VST, EW, EMR, NSC, KMI, APO, FIX, WBD, HUM, MDLZ, OXY, F, MTB, OKE, AME, NTAP, A, HPQ, CNP, BBY, CMG, CI, BX, APD, FITB, TTWO, DG, CRL, VEEV, CTSH, DXCM, ODFL, LEN, COR, FSLR, ETR, YUM, MNST, LYV, ITW, PCAR, CFG, UPS, FDX, MCO, AIG, WSM, UAL, AKAM, ECL, HAL, FOXA, DRI, WAT, CHTR, CBRE, ROP, CCI, CVNA, DGX, KDP, O, DAL, EQT, MET, NRG, WEC, LULU, PAYX, RMD, ADM, TPR, DOV, ULTA, PYPL, EXE, IBKR, XYL, TRGP, KHC, CBOE, NUE, CNC, ZBH, FAST, FFIV, SRE, TECH, PSA, VMC, PCG, ZTS, WST, IDXX, RF, IT, EME, VTR, PEG, STZ, DTE, JKHY, HSY, AFL, FDS, SPG, CCL, STLD, JBL, AWK, WRB, FLEX, HUBB, D, BG, HIG, LH, PODD, FICO, IP, APA, VRSK, EFX, NDAQ, CHRW, COO, TSCO, FISV, LYB, TYL, DOW, NVR, SW, ROL, EXC, FDXF, LUV, DECK, GEHC, GIS, EIX, SYF, CF, EXR, RL, DPZ, XYZ, ECHO, ARES, ALB, GRMN, CPRT, EL, CMS, PTC, NTRS, VRSN, EXPD, ATO, RJF, GPN, TKO, CHD, WAB, ED, TROW, FIS, HST, LII, LVS, CDW, Q, CLX, MAS, ZBRA, BLDR, EVRG, AEE, PFG, PRU, MOS, ALLE, INCY, PPG, GEN, TDY, IRM, PPL, OMC, STE, FE, TSN, GDDY, PHM, NI, CSGP, UDR, DD, BRO, LDOS, BAX, APTV, SBAC, TXT, WY, UHS, SJM, BR, DVA, MKC, INVH, SWK, CPAY, FTV, ES, BIIB, VICI, TTD, PNR, EG, AMCR, AVY, IFF, PSKY, GPC, NCLH, ALGN, WTW, TAP, KIM, MAA, LNT, WYNN, TRMB, TPL, HSIC, PKG, IVZ, HII, BALL, NDSN, AIZ, SNA, VTRS, HAS, AES, ESS, L, CINF, IEX, VLTO, ARE, NWSA, REG, BEN, DOC, J
2026-09-17 19:34:40,570 | SCANNER: new watchlist -> NVDA, MU, SNDK, TSLA, AMD, META, AAPL, INTC, MSFT, AVGO, GOOGL, AMZN, DELL, GOOG, ORCL, PLTR, LITE, MRVL, CRWD, CRM, STX, JPM, TMO, GS, BAC, GEV, PANW, WDC, HOOD, V, AMAT, LRCX, COIN, BRK.B, LLY, COST, QCOM, NFLX, XOM, CAT, WMT, CVX, COHR, MS, MA, VLO, C, FANG, GE, TXN, NOW, JNJ, BA, TJX, ABBV, MRNA, PG, CSCO, MPC, VRT, UNH, WFC, APP, AZO, GLW, ADI, HD, SMCI, AON, MRK, IBM, AMGN, HPE, ETN, KLAC, HONA, SCHW, DHR, SYK, DIS, MCK, TMUS, MCD, DE, MDT, AXP, COF, ADBE, BKNG, PEP, KO, HWM, ANET, COP, ABT, UBER, GILD, VZ, NEE, LIN, ACN, NXPI, NKE, CMI, HON, ON, PSX, ISRG, CIEN, SWKS, INTU, BNY, ADP, T, RTX, HBAN, TER, PM, AXON, BSX, HCA, USB, SPGI, ELV, BLK, MPWR, UNP, KVUE, EQIX, TDG, DDOG, LOW, APH, EXPE, BMY, FTNT, WMB, SLB, PH, MSI, HLT, MMM, TT, SHW, ORLY, CEG, MRSH, JCI, SNPS, PNC, SBUX, TRV, KR, MAR, GNRC, CDNS, XEL, KEY, VMRK, PGR, WELL, SYY, ACGL, ROST, MLM, CB, IQV, PFE, ADSK, TGT, NEM, DASH, EOG, URI, EBAY, TEL, AMT, RVTY, GM, SO, CMCSA, CTVA, RDDT, KEYS, WM, CARR, MCHP, WDAY, CVS, PWR, LMT, JBHT, CRH, FCX, PLD, CME, CAH, CL, CSX, DUK, IR, ICE, KMB, STT, CTAS, REGN, BKR, MTD, OTIS, DVN, NOC, GD, ABNB, CASY, DLTR, MO, AJG, GWW, VRTX, ALL, AMP, TFC, LHX, BDX, FERG, DHI, AEP, DLR, RCL, MSCI, RSG, KKR, ROK, VST, EW, EMR, NSC, KMI, APO, FIX, WBD, HUM, MDLZ, OXY, F, MTB, OKE, AME, NTAP, A, HPQ, CNP, BBY, CMG, CI, BX, APD, FITB, TTWO, DG, CRL, VEEV, CTSH, DXCM, ODFL, LEN, COR, FSLR, ETR, YUM, MNST, LYV, ITW, PCAR, CFG, UPS, FDX, MCO, AIG, WSM, UAL, AKAM, ECL, HAL, FOXA, DRI, WAT, CHTR, CBRE, ROP, CCI, CVNA, DGX, KDP, O, DAL, EQT, MET, NRG, WEC, LULU, PAYX, RMD, ADM, TPR, DOV, ULTA, PYPL, EXE, IBKR, XYL, TRGP, KHC, CBOE, NUE, CNC, ZBH, FAST, FFIV, SRE, TECH, PSA, VMC, PCG, ZTS, WST, IDXX, RF, IT, EME, VTR, PEG, STZ, DTE, JKHY, HSY, AFL, FDS, SPG, CCL, STLD, JBL, AWK, WRB, FLEX, HUBB, D, BG, HIG, LH, PODD, FICO, IP, APA, VRSK, EFX, NDAQ, CHRW, COO, TSCO, FISV, LYB, TYL, DOW, NVR, SW, ROL, EXC, FDXF, LUV, DECK, GEHC, GIS, EIX, SYF, CF, EXR, RL, DPZ, XYZ, ECHO, ARES, ALB, GRMN, CPRT, EL, CMS, PTC, NTRS, VRSN, EXPD, ATO, RJF, GPN, TKO, CHD, WAB, ED, TROW, FIS, HST, LII, LVS, CDW, Q, CLX, MAS, ZBRA, BLDR, EVRG, AEE, PFG, PRU, MOS, ALLE, INCY, PPG, GEN, TDY, IRM, PPL, OMC, STE, FE, TSN, GDDY, PHM, NI, CSGP, UDR, DD, BRO, LDOS, BAX, APTV, SBAC, TXT, WY, UHS, SJM, BR, DVA, MKC, INVH, SWK, CPAY, FTV, ES, BIIB, VICI, TTD, PNR, EG, AMCR, AVY, IFF, PSKY, GPC, NCLH, ALGN, WTW, TAP, KIM, MAA, LNT, WYNN, TRMB, TPL, HSIC, PKG, IVZ, HII, BALL, NDSN, AIZ, SNA, VTRS, HAS, AES, ESS, L, CINF, IEX, VLTO, ARE, NWSA, REG, BEN, DOC, J
2026-09-17 19:34:40,628 | Market is open (closes 2026-09-17 22:00:00 CEST your local time). Checking 490 symbols: A, AAPL, ABBV, ABNB, ABT, ACGL, ACN, ADBE, ADI, ADM, ADP, ADSK, AEE, AEP, AES, AFL, AIG, AIZ, AJG, AKAM, ALB, ALGN, ALL, ALLE, AMAT, AMCR, AMD, AME, AMGN, AMP, AMT, AMZN, ANET, AON, APA, APD, APH, APO, APP, APTV, ARE, ARES, ATO, AVGO, AVY, AWK, AXON, AXP, AZO, BA, BAC, BALL, BAX, BBY, BDX, BEN, BG, BIIB, BKNG, BKR, BLDR, BLK, BMY, BNY, BR, BRK.B, BRO, BSX, BX, C, CAH, CARR, CASY, CAT, CB, CBOE, CBRE, CCI, CCL, CDNS, CDW, CEG, CF, CFG, CHD, CHRW, CHTR, CI, CIEN, CINF, CL, CLX, CMCSA, CME, CMG, CMI, CMS, CNC, CNP, COF, COHR, COIN, COO, COP, COR, COST, CPAY, CPRT, CRH, CRL, CRM, CRWD, CSCO, CSGP, CSX, CTAS, CTSH, CTVA, CVNA, CVS, CVX, D, DAL, DASH, DD, DDOG, DE, DECK, DELL, DG, DGX, DHI, DHR, DIS, DLR, DLTR, DOC, DOV, DOW, DPZ, DRI, DTE, DUK, DVA, DVN, DXCM, EBAY, ECHO, ECL, ED, EFX, EG, EIX, EL, ELV, EME, EMR, EOG, EQIX, EQT, ES, ESS, ETN, ETR, EVRG, EW, EXC, EXE, EXPD, EXPE, EXR, F, FANG, FAST, FCX, FDS, FDX, FDXF, FE, FERG, FFIV, FICO, FIS, FISV, FITB, FIX, FLEX, FOXA, FSLR, FTNT, FTV, GD, GDDY, GE, GEHC, GEN, GEV, GILD, GIS, GLW, GM, GNRC, GOOG, GOOGL, GPC, GPN, GRMN, GS, GWW, HAL, HAS, HBAN, HCA, HD, HIG, HII, HLT, HON, HONA, HOOD, HPE, HPQ, HSIC, HST, HSY, HUBB, HUM, HWM, IBKR, IBM, ICE, IDXX, IEX, IFF, INCY, INTC, INTU, INVH, IP, IQV, IR, IRM, ISRG, IT, ITW, IVZ, J, JBHT, JBL, JCI, JKHY, JNJ, JPM, KDP, KEY, KEYS, KHC, KIM, KKR, KLAC, KMB, KMI, KO, KR, KVUE, L, LDOS, LEN, LH, LHX, LII, LIN, LITE, LLY, LMT, LNT, LOW, LRCX, LULU, LUV, LVS, LYB, LYV, MA, MAA, MAR, MAS, MCD, MCHP, MCK, MCO, MDLZ, MDT, MET, META, MKC, MLM, MMM, MNST, MO, MOS, MPC, MPWR, MRK, MRNA, MRSH, MRVL, MS, MSCI, MSFT, MSI, MTB, MTD, MU, NCLH, NDAQ, NDSN, NEE, NEM, NFLX, NI, NKE, NOC, NOW, NRG, NSC, NTAP, NTRS, NUE, NVDA, NVR, NWSA, NXPI, O, ODFL, OKE, OMC, ON, ORCL, ORLY, OTIS, OXY, PANW, PAYX, PCAR, PCG, PEG, PEP, PFE, PFG, PG, PGR, PH, PHM, PKG, PLD, PLTR, PM, PNC, PNR, PODD, PPG, PPL, PRU, PSA, PSKY, PSX, PTC, PWR, PYPL, Q, QCOM, RCL, RDDT, REG, REGN, RF, RJF, RL, RMD, ROK, ROL, ROP, ROST, RSG, RTX, RVTY, SBAC, SBUX, SCHW, SHW, SJM, SLB, SMCI, SNA, SNDK, SNPS, SO, SPG, SPGI, SRE, STE, STLD, STT, STX, STZ, SW, SWK, SWKS, SYF, SYK, SYY, T, TAP, TDG, TDY, TECH, TEL, TER, TFC, TGT, TJX, TKO, TMO, TMUS, TPL, TPR, TRGP, TRMB, TROW, TRV, TSCO, TSLA, TSN, TT, TTD, TTWO, TXN, TXT, TYL, UAL, UBER, UDR, UHS, ULTA, UNH, UNP, UPS, URI, USB, V, VEEV, VICI, VLO, VLTO, VMC, VMRK, VRSK, VRSN, VRT, VRTX, VST, VTR, VTRS, VZ, WAB, WAT, WBD, WDAY, WDC, WEC, WELL, WFC, WM, WMB, WMT, WRB, WSM, WST, WTW, WY, WYNN, XEL, XOM, XYL, XYZ, YUM, ZBH, ZBRA, ZTS (within 90 min of close -- not enough runway left today for a new position)
2026-09-17 19:35:44,129 | [A] ACTION: No trade.
2026-09-17 19:35:44,155 | [AAPL] ACTION: No trade.
2026-09-17 19:35:44,180 | [ABBV] ACTION: No trade.
2026-09-17 19:35:44,206 | [ABNB] ACTION: No trade.
2026-09-17 19:35:44,232 | [ABT] ACTION: No trade.
2026-09-17 19:35:44,258 | [ACGL] ACTION: No trade.
2026-09-17 19:35:44,284 | [ACN] ACTION: No trade.
2026-09-17 19:35:44,310 | [ADBE] ACTION: No trade.
2026-09-17 19:35:44,336 | [ADI] ACTION: No trade.
2026-09-17 19:35:44,362 | [ADM] ACTION: No trade.
2026-09-17 19:35:44,388 | [ADP] ACTION: No trade.
2026-09-17 19:35:44,414 | [ADSK] ACTION: No trade.
2026-09-17 19:35:44,440 | [AEE] ACTION: No trade.
2026-09-17 19:35:44,466 | [AEP] ACTION: No trade.
2026-09-17 19:35:44,492 | [AES] ACTION: No trade.
2026-09-17 19:35:44,518 | [AFL] ACTION: No trade.
2026-09-17 19:35:44,544 | [AIG] ACTION: No trade.
2026-09-17 19:35:44,570 | [AIZ] ACTION: No trade.
2026-09-17 19:35:44,596 | [AJG] ACTION: No trade.
2026-09-17 19:35:44,622 | [AKAM] ACTION: No trade.
2026-09-17 19:35:44,648 | [ALB] ACTION: No trade.
2026-09-17 19:35:44,674 | [ALGN] ACTION: No trade.
2026-09-17 19:35:44,700 | [ALL] ACTION: No trade.
2026-09-17 19:35:44,727 | [ALLE] ACTION: No trade.
2026-09-17 19:35:44,753 | [AMAT] ACTION: No trade.
2026-09-17 19:35:44,779 | [AMCR] ACTION: No trade.
2026-09-17 19:35:44,805 | [AMD] ACTION: No trade.
2026-09-17 19:35:44,831 | [AME] ACTION: No trade.
2026-09-17 19:35:44,857 | [AMGN] ACTION: No trade.
2026-09-17 19:35:44,883 | [AMP] ACTION: No trade.
2026-09-17 19:35:44,909 | [AMT] ACTION: No trade.
2026-09-17 19:35:44,935 | [AMZN] ACTION: No trade.
2026-09-17 19:35:44,961 | [ANET] ACTION: No trade.
2026-09-17 19:35:44,987 | [AON] ACTION: No trade.
2026-09-17 19:35:45,013 | [APA] ACTION: No trade.
2026-09-17 19:35:45,039 | [APD] ACTION: No trade.
2026-09-17 19:35:45,065 | [APH] ACTION: No trade.
2026-09-17 19:35:45,091 | [APO] ACTION: No trade.
2026-09-17 19:35:45,116 | [APP] ACTION: No trade.
2026-09-17 19:35:45,142 | [APTV] ACTION: No trade.
2026-09-17 19:35:45,168 | [ARE] ACTION: No trade.
2026-09-17 19:35:45,194 | [ARES] ACTION: No trade.
2026-09-17 19:35:45,220 | [ATO] ACTION: No trade.
2026-09-17 19:35:45,246 | [AVGO] ACTION: No trade.
2026-09-17 19:35:45,272 | [AVY] ACTION: No trade.
2026-09-17 19:35:45,298 | [AWK] ACTION: No trade.
2026-09-17 19:35:45,324 | [AXON] ACTION: No trade.
2026-09-17 19:35:45,350 | [AXP] ACTION: No trade.
2026-09-17 19:35:45,376 | [AZO] ACTION: No trade.
2026-09-17 19:35:45,402 | [BA] ACTION: No trade.
2026-09-17 19:35:45,428 | [BAC] ACTION: No trade.
2026-09-17 19:35:45,454 | [BALL] ACTION: No trade.
2026-09-17 19:35:45,480 | [BAX] ACTION: No trade.
2026-09-17 19:35:45,506 | [BBY] ACTION: No trade.
2026-09-17 19:35:45,532 | [BDX] ACTION: No trade.
2026-09-17 19:35:45,558 | [BEN] ACTION: No trade.
2026-09-17 19:35:45,584 | [BG] ACTION: No trade.
2026-09-17 19:35:45,610 | [BIIB] ACTION: No trade.
2026-09-17 19:35:45,636 | [BKNG] ACTION: No trade.
2026-09-17 19:35:45,662 | [BKR] ACTION: No trade.
2026-09-17 19:35:45,688 | [BLDR] ACTION: No trade.
2026-09-17 19:35:45,714 | [BLK] ACTION: No trade.
2026-09-17 19:35:45,740 | [BMY] ACTION: No trade.
2026-09-17 19:35:45,766 | [BNY] ACTION: No trade.
2026-09-17 19:35:45,792 | [BR] ACTION: No trade.
2026-09-17 19:35:45,819 | [BRK.B] ACTION: No trade.
2026-09-17 19:35:45,844 | [BRO] ACTION: No trade.
2026-09-17 19:35:45,870 | [BSX] ACTION: No trade.
2026-09-17 19:35:45,897 | [BX] ACTION: No trade.
2026-09-17 19:35:45,923 | [C] ACTION: No trade.
2026-09-17 19:35:45,949 | [CAH] ACTION: No trade.
2026-09-17 19:35:45,975 | [CARR] ACTION: No trade.
2026-09-17 19:35:46,001 | [CASY] ACTION: No trade.
2026-09-17 19:35:46,027 | [CAT] ACTION: No trade.
2026-09-17 19:35:46,054 | [CB] ACTION: No trade.
2026-09-17 19:35:46,080 | [CBOE] ACTION: No trade.
2026-09-17 19:35:46,106 | [CBRE] ACTION: No trade.
2026-09-17 19:35:46,132 | [CCI] ACTION: No trade.
2026-09-17 19:35:46,158 | [CCL] ACTION: No trade.
2026-09-17 19:35:46,184 | [CDNS] ACTION: No trade.
2026-09-17 19:35:46,210 | [CDW] ACTION: No trade.
2026-09-17 19:35:46,236 | [CEG] ACTION: No trade.
2026-09-17 19:35:46,262 | [CF] ACTION: No trade.
2026-09-17 19:35:46,289 | [CFG] ACTION: No trade.
2026-09-17 19:35:46,315 | [CHD] ACTION: No trade.
2026-09-17 19:35:46,341 | [CHRW] ACTION: No trade.
2026-09-17 19:35:46,367 | [CHTR] ACTION: No trade.
2026-09-17 19:35:46,394 | [CI] ACTION: No trade.
2026-09-17 19:35:46,420 | [CIEN] ACTION: No trade.
2026-09-17 19:35:46,446 | [CINF] ACTION: No trade.
2026-09-17 19:35:46,472 | [CL] ACTION: No trade.
2026-09-17 19:35:46,499 | [CLX] ACTION: No trade.
2026-09-17 19:35:46,525 | [CMCSA] ACTION: No trade.
2026-09-17 19:35:46,551 | [CME] ACTION: No trade.
2026-09-17 19:35:46,577 | [CMG] ACTION: No trade.
2026-09-17 19:35:46,603 | [CMI] ACTION: No trade.
2026-09-17 19:35:46,630 | [CMS] ACTION: No trade.
2026-09-17 19:35:46,656 | [CNC] ACTION: No trade.
2026-09-17 19:35:46,682 | [CNP] ACTION: No trade.
2026-09-17 19:35:46,708 | [COF] ACTION: No trade.
2026-09-17 19:35:46,735 | [COHR] ACTION: No trade.
2026-09-17 19:35:46,761 | [COIN] ACTION: No trade.
2026-09-17 19:35:46,788 | [COO] ACTION: No trade.
2026-09-17 19:35:46,814 | [COP] ACTION: No trade.
2026-09-17 19:35:46,840 | [COR] ACTION: No trade.
2026-09-17 19:35:46,866 | [COST] ACTION: No trade.
2026-09-17 19:35:46,893 | [CPAY] ACTION: No trade.
2026-09-17 19:35:46,919 | [CPRT] ACTION: No trade.
2026-09-17 19:35:46,945 | [CRH] ACTION: No trade.
2026-09-17 19:35:46,971 | [CRL] ACTION: No trade.
2026-09-17 19:35:46,997 | [CRM] ACTION: No trade.
2026-09-17 19:35:47,024 | [CRWD] ACTION: No trade.
2026-09-17 19:35:47,050 | [CSCO] ACTION: No trade.
2026-09-17 19:35:47,077 | [CSGP] ACTION: No trade.
2026-09-17 19:35:47,103 | [CSX] ACTION: No trade.
2026-09-17 19:35:47,129 | [CTAS] ACTION: No trade.
2026-09-17 19:35:47,155 | [CTSH] ACTION: No trade.
2026-09-17 19:35:47,181 | [CTVA] ACTION: No trade.
2026-09-17 19:35:47,208 | [CVNA] ACTION: No trade.
2026-09-17 19:35:47,234 | [CVS] ACTION: No trade.
2026-09-17 19:35:47,261 | [CVX] ACTION: No trade.
2026-09-17 19:35:47,287 | [D] ACTION: No trade.
2026-09-17 19:35:47,313 | [DAL] ACTION: No trade.
2026-09-17 19:35:47,339 | [DASH] ACTION: No trade.
2026-09-17 19:35:47,366 | [DD] ACTION: No trade.
2026-09-17 19:35:47,392 | [DDOG] ACTION: No trade.
2026-09-17 19:35:47,418 | [DE] ACTION: No trade.
2026-09-17 19:35:47,445 | [DECK] ACTION: No trade.
2026-09-17 19:35:47,471 | [DELL] ACTION: No trade.
2026-09-17 19:35:47,497 | [DG] ACTION: No trade.
2026-09-17 19:35:47,523 | [DGX] ACTION: No trade.
2026-09-17 19:35:47,549 | [DHI] ACTION: No trade.
2026-09-17 19:35:47,576 | [DHR] ACTION: No trade.
2026-09-17 19:35:47,602 | [DIS] ACTION: No trade.
2026-09-17 19:35:47,628 | [DLR] ACTION: No trade.
2026-09-17 19:35:47,654 | [DLTR] ACTION: No trade.
2026-09-17 19:35:47,680 | [DOC] ACTION: No trade.
2026-09-17 19:35:47,707 | [DOV] ACTION: No trade.
2026-09-17 19:35:47,733 | [DOW] ACTION: No trade.
2026-09-17 19:35:47,760 | [DPZ] ACTION: No trade.
2026-09-17 19:35:47,786 | [DRI] ACTION: No trade.
2026-09-17 19:35:47,812 | [DTE] ACTION: No trade.
2026-09-17 19:35:47,838 | [DUK] ACTION: No trade.
2026-09-17 19:35:47,864 | [DVA] ACTION: No trade.
2026-09-17 19:35:47,891 | [DVN] ACTION: No trade.
2026-09-17 19:35:47,917 | [DXCM] ACTION: No trade.
2026-09-17 19:35:47,943 | [EBAY] ACTION: No trade.
2026-09-17 19:35:47,969 | [ECHO] ACTION: No trade.
2026-09-17 19:35:47,996 | [ECL] ACTION: No trade.
2026-09-17 19:35:48,022 | [ED] ACTION: No trade.
2026-09-17 19:35:48,049 | [EFX] ACTION: No trade.
2026-09-17 19:35:48,075 | [EG] ACTION: No trade.
2026-09-17 19:35:48,102 | [EIX] ACTION: No trade.
2026-09-17 19:35:48,128 | [EL] ACTION: No trade.
2026-09-17 19:35:48,154 | [ELV] ACTION: No trade.
2026-09-17 19:35:48,181 | [EME] ACTION: No trade.
2026-09-17 19:35:48,207 | [EMR] ACTION: No trade.
2026-09-17 19:35:48,234 | [EOG] ACTION: No trade.
2026-09-17 19:35:48,261 | [EQIX] ACTION: No trade.
2026-09-17 19:35:48,287 | [EQT] ACTION: No trade.
2026-09-17 19:35:48,313 | [ES] ACTION: No trade.
2026-09-17 19:35:48,340 | [ESS] ACTION: No trade.
2026-09-17 19:35:48,366 | [ETN] ACTION: No trade.
2026-09-17 19:35:48,392 | [ETR] ACTION: No trade.
2026-09-17 19:35:48,418 | [EVRG] ACTION: No trade.
2026-09-17 19:35:48,445 | [EW] ACTION: No trade.
2026-09-17 19:35:48,471 | [EXC] ACTION: No trade.
2026-09-17 19:35:48,497 | [EXE] ACTION: No trade.
2026-09-17 19:35:48,523 | [EXPD] ACTION: No trade.
2026-09-17 19:35:48,550 | [EXPE] ACTION: No trade.
2026-09-17 19:35:48,578 | [EXR] ACTION: No trade.
2026-09-17 19:35:48,604 | [F] ACTION: No trade.
2026-09-17 19:35:48,630 | [FANG] ACTION: No trade.
2026-09-17 19:35:48,657 | [FAST] ACTION: No trade.
2026-09-17 19:35:48,683 | [FCX] ACTION: No trade.
2026-09-17 19:35:48,709 | [FDS] ACTION: No trade.
2026-09-17 19:35:48,736 | [FDX] ACTION: No trade.
2026-09-17 19:35:48,763 | [FDXF] ACTION: No trade.
2026-09-17 19:35:48,789 | [FE] ACTION: No trade.
2026-09-17 19:35:48,815 | [FERG] ACTION: No trade.
2026-09-17 19:35:48,842 | [FFIV] ACTION: No trade.
2026-09-17 19:35:48,868 | [FICO] ACTION: No trade.
2026-09-17 19:35:48,895 | [FIS] ACTION: No trade.
2026-09-17 19:35:48,921 | [FISV] ACTION: No trade.
2026-09-17 19:35:48,947 | [FITB] ACTION: No trade.
2026-09-17 19:35:48,973 | [FIX] ACTION: No trade.
2026-09-17 19:35:49,000 | [FLEX] ACTION: No trade.
2026-09-17 19:35:49,026 | [FOXA] ACTION: No trade.
2026-09-17 19:35:49,053 | [FSLR] ACTION: No trade.
2026-09-17 19:35:49,079 | [FTNT] ACTION: No trade.
2026-09-17 19:35:49,105 | [FTV] ACTION: No trade.
2026-09-17 19:35:49,132 | [GD] ACTION: No trade.
2026-09-17 19:35:49,158 | [GDDY] ACTION: No trade.
2026-09-17 19:35:49,184 | [GE] ACTION: No trade.
2026-09-17 19:35:49,211 | [GEHC] ACTION: No trade.
2026-09-17 19:35:49,237 | [GEN] ACTION: No trade.
2026-09-17 19:35:49,264 | [GEV] ACTION: No trade.
2026-09-17 19:35:49,290 | [GILD] ACTION: No trade.
2026-09-17 19:35:49,316 | [GIS] ACTION: No trade.
2026-09-17 19:35:49,343 | [GLW] ACTION: No trade.
2026-09-17 19:35:49,369 | [GM] ACTION: No trade.
2026-09-17 19:35:49,395 | [GNRC] ACTION: No trade.
2026-09-17 19:35:49,422 | [GOOG] ACTION: No trade.
2026-09-17 19:35:49,448 | [GOOGL] ACTION: No trade.
2026-09-17 19:35:49,474 | [GPC] ACTION: No trade.
2026-09-17 19:35:49,501 | [GPN] ACTION: No trade.
2026-09-17 19:35:49,527 | [GRMN] ACTION: No trade.
2026-09-17 19:35:49,553 | [GS] ACTION: No trade.
2026-09-17 19:35:49,580 | [GWW] ACTION: No trade.
2026-09-17 19:35:49,606 | [HAL] ACTION: No trade.
2026-09-17 19:35:49,632 | [HAS] ACTION: No trade.
2026-09-17 19:35:49,658 | [HBAN] ACTION: No trade.
2026-09-17 19:35:49,685 | [HCA] ACTION: No trade.
2026-09-17 19:35:49,711 | [HD] ACTION: No trade.
2026-09-17 19:35:49,738 | [HIG] ACTION: No trade.
2026-09-17 19:35:49,764 | [HII] ACTION: No trade.
2026-09-17 19:35:49,790 | [HLT] ACTION: No trade.
2026-09-17 19:35:49,817 | [HON] ACTION: No trade.
2026-09-17 19:35:49,843 | [HONA] ACTION: No trade.
2026-09-17 19:35:49,869 | [HOOD] ACTION: No trade.
2026-09-17 19:35:49,896 | [HPE] ACTION: No trade.
2026-09-17 19:35:49,922 | [HPQ] ACTION: No trade.
2026-09-17 19:35:49,949 | [HSIC] ACTION: No trade.
2026-09-17 19:35:49,975 | [HST] ACTION: No trade.
2026-09-17 19:35:50,002 | [HSY] ACTION: No trade.
2026-09-17 19:35:50,028 | [HUBB] ACTION: No trade.
2026-09-17 19:35:50,054 | [HUM] ACTION: No trade.
2026-09-17 19:35:50,080 | [HWM] ACTION: No trade.
2026-09-17 19:35:50,106 | [IBKR] ACTION: No trade.
2026-09-17 19:35:50,132 | [IBM] ACTION: No trade.
2026-09-17 19:35:50,159 | [ICE] ACTION: No trade.
2026-09-17 19:35:50,185 | [IDXX] ACTION: No trade.
2026-09-17 19:35:50,212 | [IEX] ACTION: No trade.
2026-09-17 19:35:50,238 | [IFF] ACTION: No trade.
2026-09-17 19:35:50,265 | [INCY] ACTION: No trade.
2026-09-17 19:35:50,291 | [INTC] ACTION: No trade.
2026-09-17 19:35:50,317 | [INTU] ACTION: No trade.
2026-09-17 19:35:50,343 | [INVH] ACTION: No trade.
2026-09-17 19:35:50,370 | [IP] ACTION: No trade.
2026-09-17 19:35:50,396 | [IQV] ACTION: No trade.
2026-09-17 19:35:50,422 | [IR] ACTION: No trade.
2026-09-17 19:35:50,448 | [IRM] ACTION: No trade.
2026-09-17 19:35:50,475 | [ISRG] ACTION: No trade.
2026-09-17 19:35:50,501 | [IT] ACTION: No trade.
2026-09-17 19:35:50,527 | [ITW] ACTION: No trade.
2026-09-17 19:35:50,554 | [IVZ] ACTION: No trade.
2026-09-17 19:35:50,580 | [J] ACTION: No trade.
2026-09-17 19:35:50,607 | [JBHT] ACTION: No trade.
2026-09-17 19:35:50,633 | [JBL] ACTION: No trade.
2026-09-17 19:35:50,659 | [JCI] ACTION: No trade.
2026-09-17 19:35:50,686 | [JKHY] ACTION: No trade.
2026-09-17 19:35:50,712 | [JNJ] ACTION: No trade.
2026-09-17 19:35:50,739 | [JPM] ACTION: No trade.
2026-09-17 19:35:50,765 | [KDP] ACTION: No trade.
2026-09-17 19:35:50,792 | [KEY] ACTION: No trade.
2026-09-17 19:35:50,818 | [KEYS] ACTION: No trade.
2026-09-17 19:35:50,845 | [KHC] ACTION: No trade.
2026-09-17 19:35:50,871 | [KIM] ACTION: No trade.
2026-09-17 19:35:50,897 | [KKR] ACTION: No trade.
2026-09-17 19:35:50,924 | [KLAC] ACTION: No trade.
2026-09-17 19:35:50,951 | [KMB] ACTION: No trade.
2026-09-17 19:35:50,977 | [KMI] ACTION: No trade.
2026-09-17 19:35:51,004 | [KO] ACTION: No trade.
2026-09-17 19:35:51,030 | [KR] ACTION: No trade.
2026-09-17 19:35:51,058 | [KVUE] ACTION: No trade.
2026-09-17 19:35:51,084 | [L] ACTION: No trade.
2026-09-17 19:35:51,110 | [LDOS] ACTION: No trade.
2026-09-17 19:35:51,137 | [LEN] ACTION: No trade.
2026-09-17 19:35:51,163 | [LH] ACTION: No trade.
2026-09-17 19:35:51,189 | [LHX] ACTION: No trade.
2026-09-17 19:35:51,216 | [LII] ACTION: No trade.
2026-09-17 19:35:51,242 | [LIN] ACTION: No trade.
2026-09-17 19:35:51,269 | [LITE] ACTION: No trade.
2026-09-17 19:35:51,295 | [LLY] ACTION: No trade.
2026-09-17 19:35:51,321 | [LMT] ACTION: No trade.
2026-09-17 19:35:51,348 | [LNT] ACTION: No trade.
2026-09-17 19:35:51,374 | [LOW] ACTION: No trade.
2026-09-17 19:35:51,401 | [LRCX] ACTION: No trade.
2026-09-17 19:35:51,427 | [LULU] ACTION: No trade.
2026-09-17 19:35:51,453 | [LUV] ACTION: No trade.
2026-09-17 19:35:51,480 | [LVS] ACTION: No trade.
2026-09-17 19:35:51,506 | [LYB] ACTION: No trade.
2026-09-17 19:35:51,532 | [LYV] ACTION: No trade.
2026-09-17 19:35:51,559 | [MA] ACTION: No trade.
2026-09-17 19:35:51,585 | [MAA] ACTION: No trade.
2026-09-17 19:35:51,611 | [MAR] ACTION: No trade.
2026-09-17 19:35:51,638 | [MAS] ACTION: No trade.
2026-09-17 19:35:51,664 | [MCD] ACTION: No trade.
2026-09-17 19:35:51,690 | [MCHP] ACTION: No trade.
2026-09-17 19:35:51,717 | [MCK] ACTION: No trade.
2026-09-17 19:35:51,743 | [MCO] ACTION: No trade.
2026-09-17 19:35:51,770 | [MDLZ] ACTION: No trade.
2026-09-17 19:35:51,796 | [MDT] ACTION: No trade.
2026-09-17 19:35:51,822 | [MET] ACTION: No trade.
2026-09-17 19:35:51,849 | [META] ACTION: No trade.
2026-09-17 19:35:51,875 | [MKC] ACTION: No trade.
2026-09-17 19:35:51,901 | [MLM] ACTION: No trade.
2026-09-17 19:35:51,928 | [MMM] ACTION: No trade.
2026-09-17 19:35:51,954 | [MNST] ACTION: No trade.
2026-09-17 19:35:51,980 | [MO] ACTION: No trade.
2026-09-17 19:35:52,007 | [MOS] ACTION: No trade.
2026-09-17 19:35:52,033 | [MPC] ACTION: No trade.
2026-09-17 19:35:52,059 | [MPWR] ACTION: No trade.
2026-09-17 19:35:52,085 | [MRK] ACTION: No trade.
2026-09-17 19:35:52,112 | [MRNA] ACTION: No trade.
2026-09-17 19:35:52,138 | [MRSH] ACTION: No trade.
2026-09-17 19:35:52,164 | [MRVL] ACTION: No trade.
2026-09-17 19:35:52,191 | [MS] ACTION: No trade.
2026-09-17 19:35:52,217 | [MSCI] ACTION: No trade.
2026-09-17 19:35:52,243 | [MSFT] ACTION: No trade.
2026-09-17 19:35:52,269 | [MSI] ACTION: No trade.
2026-09-17 19:35:52,296 | [MTB] ACTION: No trade.
2026-09-17 19:35:52,322 | [MTD] ACTION: No trade.
2026-09-17 19:35:52,348 | [MU] ACTION: No trade.
2026-09-17 19:35:52,374 | [NCLH] ACTION: No trade.
2026-09-17 19:35:52,401 | [NDAQ] ACTION: No trade.
2026-09-17 19:35:52,427 | [NDSN] ACTION: No trade.
2026-09-17 19:35:52,453 | [NEE] ACTION: No trade.
2026-09-17 19:35:52,480 | [NEM] ACTION: No trade.
2026-09-17 19:35:52,506 | [NFLX] ACTION: No trade.
2026-09-17 19:35:52,533 | [NI] ACTION: No trade.
2026-09-17 19:35:52,559 | [NKE] ACTION: No trade.
2026-09-17 19:35:52,585 | [NOC] ACTION: No trade.
2026-09-17 19:35:52,611 | [NOW] ACTION: No trade.
2026-09-17 19:35:52,638 | [NRG] ACTION: No trade.
2026-09-17 19:35:52,664 | [NSC] ACTION: No trade.
2026-09-17 19:35:52,690 | [NTAP] ACTION: No trade.
2026-09-17 19:35:52,717 | [NTRS] ACTION: No trade.
2026-09-17 19:35:52,743 | [NUE] ACTION: No trade.
2026-09-17 19:35:52,769 | [NVDA] ACTION: No trade.
2026-09-17 19:35:52,795 | [NVR] ACTION: No trade.
2026-09-17 19:35:52,821 | [NWSA] ACTION: No trade.
2026-09-17 19:35:52,847 | [NXPI] ACTION: No trade.
2026-09-17 19:35:52,874 | [O] ACTION: No trade.
2026-09-17 19:35:52,900 | [ODFL] ACTION: No trade.
2026-09-17 19:35:52,926 | [OKE] ACTION: No trade.
2026-09-17 19:35:52,953 | [OMC] ACTION: No trade.
2026-09-17 19:35:52,979 | [ON] ACTION: No trade.
2026-09-17 19:35:53,005 | [ORCL] ACTION: No trade.
2026-09-17 19:35:53,031 | [ORLY] ACTION: No trade.
2026-09-17 19:35:53,058 | [OTIS] ACTION: No trade.
2026-09-17 19:35:53,084 | [OXY] ACTION: No trade.
2026-09-17 19:35:53,110 | [PANW] ACTION: No trade.
2026-09-17 19:35:53,136 | [PAYX] ACTION: No trade.
2026-09-17 19:35:53,163 | [PCAR] ACTION: No trade.
2026-09-17 19:35:53,189 | [PCG] ACTION: No trade.
2026-09-17 19:35:53,216 | [PEG] ACTION: No trade.
2026-09-17 19:35:53,242 | [PEP] ACTION: No trade.
2026-09-17 19:35:53,268 | [PFE] ACTION: No trade.
2026-09-17 19:35:53,295 | [PFG] ACTION: No trade.
2026-09-17 19:35:53,321 | [PG] ACTION: No trade.
2026-09-17 19:35:53,347 | [PGR] ACTION: No trade.
2026-09-17 19:35:53,373 | [PH] ACTION: No trade.
2026-09-17 19:35:53,400 | [PHM] ACTION: No trade.
2026-09-17 19:35:53,426 | [PKG] ACTION: No trade.
2026-09-17 19:35:53,452 | [PLD] ACTION: No trade.
2026-09-17 19:35:53,478 | [PLTR] ACTION: No trade.
2026-09-17 19:35:53,505 | [PM] ACTION: No trade.
2026-09-17 19:35:53,531 | [PNC] ACTION: No trade.
2026-09-17 19:35:53,557 | [PNR] ACTION: No trade.
2026-09-17 19:35:53,584 | [PODD] ACTION: No trade.
2026-09-17 19:35:53,610 | [PPG] ACTION: No trade.
2026-09-17 19:35:53,636 | [PPL] ACTION: No trade.
2026-09-17 19:35:53,662 | [PRU] ACTION: No trade.
2026-09-17 19:35:53,688 | [PSA] ACTION: No trade.
2026-09-17 19:35:53,715 | [PSKY] ACTION: No trade.
2026-09-17 19:35:53,741 | [PSX] ACTION: No trade.
2026-09-17 19:35:53,768 | [PTC] ACTION: No trade.
2026-09-17 19:35:53,794 | [PWR] ACTION: No trade.
2026-09-17 19:35:53,820 | [PYPL] ACTION: No trade.
2026-09-17 19:35:53,847 | [Q] ACTION: No trade.
2026-09-17 19:35:53,873 | [QCOM] ACTION: No trade.
2026-09-17 19:35:53,900 | [RCL] ACTION: No trade.
2026-09-17 19:35:53,926 | [RDDT] ACTION: No trade.
2026-09-17 19:35:53,953 | [REG] ACTION: No trade.
2026-09-17 19:35:53,979 | [REGN] ACTION: No trade.
2026-09-17 19:35:54,005 | [RF] ACTION: No trade.
2026-09-17 19:35:54,032 | [RJF] ACTION: No trade.
2026-09-17 19:35:54,058 | [RL] ACTION: No trade.
2026-09-17 19:35:54,084 | [RMD] ACTION: No trade.
2026-09-17 19:35:54,111 | [ROK] ACTION: No trade.
2026-09-17 19:35:54,137 | [ROL] ACTION: No trade.
2026-09-17 19:35:54,163 | [ROP] ACTION: No trade.
2026-09-17 19:35:54,189 | [ROST] ACTION: No trade.
2026-09-17 19:35:54,216 | [RSG] ACTION: No trade.
2026-09-17 19:35:54,242 | [RTX] ACTION: No trade.
2026-09-17 19:35:54,268 | [RVTY] ACTION: No trade.
2026-09-17 19:35:54,294 | [SBAC] ACTION: No trade.
2026-09-17 19:35:54,320 | [SBUX] ACTION: No trade.
2026-09-17 19:35:54,347 | [SCHW] ACTION: No trade.
2026-09-17 19:35:54,373 | [SHW] ACTION: No trade.
2026-09-17 19:35:54,399 | [SJM] ACTION: No trade.
2026-09-17 19:35:54,426 | [SLB] ACTION: No trade.
2026-09-17 19:35:54,452 | [SMCI] ACTION: No trade.
2026-09-17 19:35:54,478 | [SNA] ACTION: No trade.
2026-09-17 19:35:54,504 | [SNDK] ACTION: No trade.
2026-09-17 19:35:54,530 | [SNPS] ACTION: No trade.
2026-09-17 19:35:54,557 | [SO] ACTION: No trade.
2026-09-17 19:35:54,583 | [SPG] ACTION: No trade.
2026-09-17 19:35:54,610 | [SPGI] ACTION: No trade.
2026-09-17 19:35:54,636 | [SRE] ACTION: No trade.
2026-09-17 19:35:54,666 | [STE] ACTION: No trade.
2026-09-17 19:35:54,696 | [STLD] ACTION: No trade.
2026-09-17 19:35:54,729 | [STT] ACTION: No trade.
2026-09-17 19:35:54,755 | [STX] ACTION: No trade.
2026-09-17 19:35:54,781 | [STZ] ACTION: No trade.
2026-09-17 19:35:54,808 | [SW] ACTION: No trade.
2026-09-17 19:35:54,834 | [SWK] ACTION: No trade.
2026-09-17 19:35:54,860 | [SWKS] ACTION: No trade.
2026-09-17 19:35:54,887 | [SYF] ACTION: No trade.
2026-09-17 19:35:54,913 | [SYK] ACTION: No trade.
2026-09-17 19:35:54,940 | [SYY] ACTION: No trade.
2026-09-17 19:35:54,966 | [T] ACTION: No trade.
2026-09-17 19:35:54,993 | [TAP] ACTION: No trade.
2026-09-17 19:35:55,019 | [TDG] ACTION: No trade.
2026-09-17 19:35:55,045 | [TDY] ACTION: No trade.
2026-09-17 19:35:55,072 | [TECH] ACTION: No trade.
2026-09-17 19:35:55,098 | [TEL] ACTION: No trade.
2026-09-17 19:35:55,125 | [TER] ACTION: No trade.
2026-09-17 19:35:55,151 | [TFC] ACTION: No trade.
2026-09-17 19:35:55,177 | [TGT] ACTION: No trade.
2026-09-17 19:35:55,204 | [TJX] ACTION: No trade.
2026-09-17 19:35:55,230 | [TKO] ACTION: No trade.
2026-09-17 19:35:55,256 | [TMO] ACTION: No trade.
2026-09-17 19:35:55,283 | [TMUS] ACTION: No trade.
2026-09-17 19:35:55,309 | [TPL] ACTION: No trade.
2026-09-17 19:35:55,335 | [TPR] ACTION: No trade.
2026-09-17 19:35:55,361 | [TRGP] ACTION: No trade.
2026-09-17 19:35:55,388 | [TRMB] ACTION: No trade.
2026-09-17 19:35:55,414 | [TROW] ACTION: No trade.
2026-09-17 19:35:55,440 | [TRV] ACTION: No trade.
2026-09-17 19:35:55,466 | [TSCO] ACTION: No trade.
2026-09-17 19:35:55,493 | [TSLA] ACTION: No trade.
2026-09-17 19:35:55,519 | [TSN] ACTION: No trade.
2026-09-17 19:35:55,545 | [TT] ACTION: No trade.
2026-09-17 19:35:55,572 | [TTD] ACTION: No trade.
2026-09-17 19:35:55,598 | [TTWO] ACTION: No trade.
2026-09-17 19:35:55,624 | [TXN] ACTION: No trade.
2026-09-17 19:35:55,651 | [TXT] ACTION: No trade.
2026-09-17 19:35:55,677 | [TYL] ACTION: No trade.
2026-09-17 19:35:55,703 | [UAL] ACTION: No trade.
2026-09-17 19:35:55,730 | [UBER] ACTION: No trade.
2026-09-17 19:35:55,757 | [UDR] ACTION: No trade.
2026-09-17 19:35:55,783 | [UHS] ACTION: No trade.
2026-09-17 19:35:55,810 | [ULTA] ACTION: No trade.
2026-09-17 19:35:55,836 | [UNH] ACTION: No trade.
2026-09-17 19:35:55,862 | [UNP] ACTION: No trade.
2026-09-17 19:35:55,889 | [UPS] ACTION: No trade.
2026-09-17 19:35:55,915 | [URI] ACTION: No trade.
2026-09-17 19:35:55,941 | [USB] ACTION: No trade.
2026-09-17 19:35:55,967 | [V] ACTION: No trade.
2026-09-17 19:35:55,993 | [VEEV] ACTION: No trade.
2026-09-17 19:35:56,020 | [VICI] ACTION: No trade.
2026-09-17 19:35:56,046 | [VLO] ACTION: No trade.
2026-09-17 19:35:56,072 | [VLTO] ACTION: No trade.
2026-09-17 19:35:56,098 | [VMC] ACTION: No trade.
2026-09-17 19:35:56,125 | [VMRK] ACTION: No trade.
2026-09-17 19:35:56,151 | [VRSK] ACTION: No trade.
2026-09-17 19:35:56,177 | [VRSN] ACTION: No trade.
2026-09-17 19:35:56,203 | [VRT] ACTION: No trade.
2026-09-17 19:35:56,230 | [VRTX] ACTION: No trade.
2026-09-17 19:35:56,256 | [VST] ACTION: No trade.
2026-09-17 19:35:56,283 | [VTR] ACTION: No trade.
2026-09-17 19:35:56,309 | [VTRS] ACTION: No trade.
2026-09-17 19:35:56,336 | [VZ] ACTION: No trade.
2026-09-17 19:35:56,362 | [WAB] ACTION: No trade.
2026-09-17 19:35:56,388 | [WAT] ACTION: No trade.
2026-09-17 19:35:56,415 | [WBD] ACTION: No trade.
2026-09-17 19:35:56,441 | [WDAY] ACTION: No trade.
2026-09-17 19:35:56,468 | [WDC] ACTION: No trade.
2026-09-17 19:35:56,494 | [WEC] ACTION: No trade.
2026-09-17 19:35:56,520 | [WELL] ACTION: No trade.
2026-09-17 19:35:56,546 | [WFC] ACTION: No trade.
2026-09-17 19:35:56,573 | [WM] ACTION: No trade.
2026-09-17 19:35:56,599 | [WMB] ACTION: No trade.
2026-09-17 19:35:56,625 | [WMT] ACTION: No trade.
2026-09-17 19:35:56,652 | [WRB] ACTION: No trade.
2026-09-17 19:35:56,678 | [WSM] ACTION: No trade.
2026-09-17 19:35:56,704 | [WST] ACTION: No trade.
2026-09-17 19:35:56,731 | [WTW] ACTION: No trade.
2026-09-17 19:35:56,757 | [WY] ACTION: No trade.
2026-09-17 19:35:56,783 | [WYNN] ACTION: No trade.
2026-09-17 19:35:56,809 | [XEL] ACTION: No trade.
2026-09-17 19:35:56,836 | [XOM] ACTION: No trade.
2026-09-17 19:35:56,862 | [XYL] ACTION: No trade.
2026-09-17 19:35:56,889 | [XYZ] ACTION: No trade.
2026-09-17 19:35:56,915 | [YUM] ACTION: No trade.
2026-09-17 19:35:56,941 | [ZBH] ACTION: No trade.
2026-09-17 19:35:56,967 | [ZBRA] ACTION: No trade.
2026-09-17 19:35:56,994 | [ZTS] ACTION: No trade.
2026-09-17 19:50:02,273 | Within 10 min of close -- flattening all positions for the day.
2026-09-17 19:50:02,331 | EOD FLATTEN: no open positions to close.
2026-09-17 20:00:02,080 | Market is closed. Next open: 2026-09-18 15:30:00 CEST (your local time) -- in 17.5 hours.
2026-09-17 20:00:02,137 | Market is closed for the day -- exiting early instead of idling.
2026-09-17 20:00:02,137 | Duration window finished.
