2026-09-30 20:00:31,562 | === Adaptive Intraday Trading Bot starting (PAPER TRADING MODE) ===
2026-09-30 20:00:31,562 | Watchlist mode: AUTOMATIC SCANNER (refreshes every 0.5h, up to 50 movers + S&P 500 backstop, 500 watchlist slots total, min price $10, max extension 20%, leveraged ETFs excluded: True, news filter: True). Fallback list: TSLA, NVDA, COIN, AMD, PLTR
2026-09-30 20:00:31,562 | Scanner minimum listing age: ON -- requires >= 100 trading days of daily bar history (real cases this catches: ALMR ~80d, EROC ~43d)
2026-09-30 20:00:31,562 | Bar size: 15min | Check interval while market open: 15min
2026-09-30 20:00:31,562 | Active strategies: gap_continuation, trend_following, mean_reversion (regime-switched by ADX)
2026-09-30 20:00:31,563 | Trend strategy: EMA 9/21 crossover | Range strategy: RSI 14 (25.0/75.0) | Switched by ADX 14 (threshold 25.0)
2026-09-30 20:00:31,563 | No new entries between 210-270 min after the open (historically weak window in backtesting)
2026-09-30 20:00:31,563 | Scanner opening-range blackout: ON -- no new scanner-pick (non-S&P-500) entries in the first 45 min after the open (real-money-confirmed, additive to the lunch-window blackout above, not a replacement for it)
2026-09-30 20:00:31,563 | Risk management: fixed stop-loss -5% / take-profit +10% on every buy
2026-09-30 20:00:31,563 | Position sizing: flat $500 per trade
2026-09-30 20:00:31,563 | Graduated conviction sizing: ON -- qualifying strategies: none yet (real evidence-gated, see strategy.py). 1 of 3 confirming signals (strategy match / ADX >= 35 / volume >= 2.5x avg) sizes at $5000; 2 or more signals sizes at up to the full remaining $25,000/day pool (volatility-based size-down always wins when a trade qualifies for both)
2026-09-30 20:00:31,563 | Position limits: max 18 concurrent positions | max 5.0% aggregate portfolio risk | daily loss circuit breaker at -3% (pauses new entries only)
2026-09-30 20:00:31,563 | Portfolio heat cap: max $2,000 aggregate $-at-risk across all open positions
2026-09-30 20:00:31,563 | Sector concentration cap: max 2 open positions per sector (new entries only; symbols with no known sector are exempt)
2026-09-30 20:00:31,563 | End-of-day mode: positions will be auto-closed 10 min before market close.
2026-09-30 20:00:31,563 | Loaded saved watchlist from previous run: NVDA, MU, META, TSLA, MSFT, INTC, AMD, SNDK, AAPL, AMZN, GOOGL, AVGO, BE, ORCL, GOOG, LITE, DELL, MRVL, COST, JPM, LRCX, WDC, STX, PLTR, QCOM, V, LLY, AMAT, MDT, TMO, MRNA, CRM, AZO, CSCO, JNJ, NFLX, WMT, PANW, MA, GS, BA, CAT, DHR, XOM, CRWD, TJX, AKAM, TXN, MRK, BAC, CVX, BRK.B, HD, VLO, GEV, ADI, UNH, C, ILMN, AMGN, COHR, GE, HOOD, ABBV, DASH, KLAC, DDOG, MS, ACN, SMCI, PSX, PG, CVS, PGR, WBD, GILD, WFC, DE, NEE, URI, FICO, BKNG, MPC, MCD, NOW, COF, SYK, HUM, DIS, ISRG, NXPI, TMUS, LIN, TT, NKE, SCHW, APH, PH, SHW, REGN, COIN, ABT, EQIX, PM, AXP, CRH, ETN, COP, UNP, CB, KO, ALL, MLM, CDNS, KR, BMY, BNY, INTU, HLT, APP, LOW, MAR, BLK, EXPE, MRSH, BX, WELL, ANET, ABNB, MPWR, GLW, SNPS, MMM, PEP, GD, IBM, CAH, HCA, SLB, ADBE, VRT, ELV, CCL, GWW, BSX, RCL, MCHP, UBER, SPGI, SBUX, CTAS, GM, HWM, CMI, JCI, ADP, MCK, RTX, ROST, VZ, ON, AON, AMT, HPE, IR, HBAN, TER, TEL, PWR, A, SO, TGT, VEEV, XEL, PNC, VMC, AIG, COR, CI, SYY, VRTX, T, CIEN, FERG, NTAP, USB, PYPL, HON, WMB, PFE, PCAR, ITW, ACGL, CME, AMP, AME, P, IQV, ICE, FCX, WAT, CASY, PLD, HONA, DUK, DHI, MNST, JBL, ORLY, EFX, STT, FDX, FIX, CBOE, MDLZ, CMCSA, ADSK, EMR, LMT, CL, AJG, CSX, PAYX, EBAY, TDG, WEC, KKR, FAST, WM, DRI, CVNA, MCO, CMG, KEY, DAL, MET, RF, AEP, BDX, FTNT, KEYS, CBRE, EOG, TFC, NEM, RDDT, LHX, LYV, MSI, TRV, SWKS, EW, VST, YUM, FANG, CEG, CHTR, FITB, BKR, CARR, APO, DG, CMS, DOV, AXON, TRGP, MSCI, NUE, ECL, WDAY, DTE, DVN, JBHT, EXC, VMRK, ETR, CTVA, GEN, FSLR, EL, SRE, LEN, PCG, RVTY, ROP, APD, LULU, O, UPS, OTIS, ROL, TTWO, EQT, MTD, FISV, OXY, EXE, NDAQ, HPQ, BIIB, CFG, TSCO, DLR, CRL, ODFL, COO, FLEX, OKE, HAL, KDP, VRSK, PSA, ARES, UAL, KMB, CNC, MO, DLTR, FFIV, EME, F, NOC, XYZ, AEE, FIS, TECH, GIS, CTSH, HIG, ZBRA, CF, PEG, ECHO, KMI, DGX, RL, NRG, GEHC, XYL, DXCM, NI, LH, KVUE, IDXX, TPR, FOXA, WAB, D, ED, LNT, RSG, GRMN, BBY, CPAY, EIX, NSC, PPL, VTR, FDS, ROK, AWK, OMC, NVR, IBKR, GDDY, CCI, SPG, WST, SW, ADM, CNP, HSY, ES, ZTS, LUV, CDW, AFL, APA, DPZ, SYF, HUBB, ALB, TKO, DECK, LII, ULTA, CPRT, IVZ, RMD, STLD, IP, INCY, TYL, PPG, IT, VRSN, PODD, MTB, EVRG, MGM, BG, VTRS, TDY, PRU, EXR, RJF, ZBH, PHM, WTW, GPN, EXPD, LYB, HST, ATO, DOW, WSM, CHRW, IFF, FDXF, HAS, WRB, BAX, GNRC, NCLH, LVS, MAA, CPT, FE, NTRS, KHC, ALLE, ESS, SWK, STZ, CSGP, BR, VLTO, WYNN, MAS, PTC, IEX, INVH, VICI, PFG, MOS, SBAC, CLX, IRM, TXT, UDR, SJM, FRT, TSN, CHD, TROW, APTV, NWSA, ALGN, MKC, BRO, UHS, LDOS, PKG, BEN, JKHY, FTV, EG, BALL, Q, AMCR, TRMB, DOC, DD, J, AES, PNW, PNR, NDSN, HII, KIM, STE, HSIC, AIZ, WY, DVA, AVY, GL, SNA, REG, GPC
2026-09-30 20:00:31,563 | Restored daily risk state from previous run: day 2026-09-29, breaker tripped: False
2026-09-30 20:00:31,564 | Restored open-position context for 2 symbol(s) from previous run.
2026-09-30 20:00:31,564 | Running in --duration-minutes mode: cycling for 150 minutes, then exiting.
2026-09-30 20:00:31,646 | Market is closed. Next open: 2026-10-01 15:30:00 CEST (your local time) -- in 17.5 hours.
2026-09-30 20:00:31,666 | Market is closed for the day -- exiting early instead of idling.
2026-09-30 20:00:31,666 | Duration window finished.
