2026-10-09 20:00:29,798 | === Adaptive Intraday Trading Bot starting (PAPER TRADING MODE) ===
2026-10-09 20:00:29,798 | Watchlist mode: AUTOMATIC SCANNER (refreshes every 0.5h, up to 50 movers + S&P 500 backstop, 500 watchlist slots total, min price $10, max extension 20%, leveraged ETFs excluded: True, news filter: True). Fallback list: TSLA, NVDA, COIN, AMD, PLTR
2026-10-09 20:00:29,798 | Scanner minimum listing age: ON -- requires >= 100 trading days of daily bar history (real cases this catches: ALMR ~80d, EROC ~43d)
2026-10-09 20:00:29,798 | Bar size: 15min | Check interval while market open: 15min
2026-10-09 20:00:29,798 | Active strategies: gap_continuation, trend_following, mean_reversion (regime-switched by ADX)
2026-10-09 20:00:29,798 | Trend strategy: EMA 9/21 crossover | Range strategy: RSI 14 (25.0/75.0) | Switched by ADX 14 (threshold 25.0)
2026-10-09 20:00:29,798 | No new entries between 210-270 min after the open (historically weak window in backtesting)
2026-10-09 20:00:29,798 | Scanner opening-range blackout: ON -- no new scanner-pick (non-S&P-500) entries in the first 45 min after the open (real-money-confirmed, additive to the lunch-window blackout above, not a replacement for it)
2026-10-09 20:00:29,798 | Risk management: fixed stop-loss -5% / take-profit +10% on every buy
2026-10-09 20:00:29,798 | Position sizing: flat $500 per trade
2026-10-09 20:00:29,798 | Graduated conviction sizing: ON -- qualifying strategies: none yet (real evidence-gated, see strategy.py). 1 of 3 confirming signals (strategy match / ADX >= 35 / volume >= 2.5x avg) sizes at $5000; 2 or more signals sizes at up to the full remaining $25,000/day pool (volatility-based size-down always wins when a trade qualifies for both)
2026-10-09 20:00:29,798 | Position limits: max 18 concurrent positions | max 5.0% aggregate portfolio risk | daily loss circuit breaker at -3% (pauses new entries only)
2026-10-09 20:00:29,798 | Portfolio heat cap: max $2,000 aggregate $-at-risk across all open positions
2026-10-09 20:00:29,799 | Sector concentration cap: max 2 open positions per sector (new entries only; symbols with no known sector are exempt)
2026-10-09 20:00:29,799 | End-of-day mode: positions will be auto-closed 10 min before market close.
2026-10-09 20:00:29,799 | Loaded saved watchlist from previous run: HAE, MU, NVDA, WBD, SNDK, AMD, TSLA, MSFT, INTC, AAPL, META, MDT, AMZN, AVGO, MRVL, GOOGL, STX, PLTR, LITE, GOOG, WDC, PTC, LLY, BE, MRNA, ORCL, DELL, TMO, LRCX, GEV, AMAT, CAT, NFLX, MA, CEG, PANW, V, JPM, COST, ABBV, JNJ, HOOD, UNH, XOM, VST, COHR, BAC, BRK.B, CRWD, CSCO, GS, WMT, LIN, SWKS, TJX, CIEN, TXN, PG, NKE, PEP, QCOM, DHR, CVX, ACN, ILMN, SBUX, KLAC, SNPS, PM, HD, CRM, GE, MPC, HUM, MRK, ADI, SMCI, TT, MCD, VLO, BA, C, ABT, COF, AMGN, APP, HPE, MS, KO, GILD, ANET, COIN, MCK, WFC, CVS, SYK, IBM, VRT, NOW, PWR, GLW, ETN, AZO, DE, BKNG, BMY, TMUS, UNP, FICO, COP, PGR, AXP, CMG, WELL, BLK, ORLY, CB, NEE, NTAP, APH, INTU, TGT, RTX, TER, CTVA, HWM, ADBE, CHRW, MPWR, CDNS, UBER, ROST, CMI, DIS, ON, DHI, VZ, CME, PEG, PSX, EQIX, SCHW, WMB, FIX, FANG, ISRG, JCI, NXPI, SO, MRSH, SPGI, DDOG, HCA, EMR, VRTX, REGN, DASH, T, FTNT, CRL, URI, FCX, XEL, PNC, WAT, AMT, ABNB, SLB, MSI, ADSK, PLD, PH, DUK, WM, ECHO, P, HON, PFE, VTR, RCL, LOW, EXPE, ALL, HLT, BNY, KEYS, USB, SHW, DAL, TFC, MMM, KKR, NOC, ADP, GM, MO, MAR, MET, MCHP, TDG, AON, UAL, TRGP, GD, HBAN, YUM, EOG, STZ, CL, MDLZ, AXON, A, IR, BSX, EW, CI, CASY, RDDT, CRH, APO, FDX, FITB, BX, DLR, ELV, AIG, BDX, KR, MLM, TTWO, TSCO, ITW, NRG, TEL, PCAR, STT, AEP, ROK, CBOE, LMT, CMCSA, IQV, LYV, ICE, PYPL, CSX, IDXX, CAH, ECL, VRSN, MCO, MTD, LEN, AEE, SYY, TRV, NUE, KEY, NEM, RVTY, WDAY, EBAY, CNP, CTSH, PSA, WSM, VEEV, COR, AME, CBRE, ODFL, DVN, FERG, BBY, HONA, RF, MNST, AWK, GWW, NVR, OXY, OKE, AMP, RSG, FAST, CCL, FOXA, AJG, CFG, ETR, KMI, TECH, CMS, EME, UPS, FLEX, TPR, DGX, CHTR, KMB, APD, VMRK, KHC, PCG, JBL, NDAQ, EQT, EFX, MSCI, LULU, CF, WEC, ED, HUBB, WAB, CTAS, EXC, VMC, CNC, OTIS, BKR, DLTR, BIIB, SPG, KDP, DXCM, XYZ, PAYX, XYL, AKAM, ROL, HPQ, CARR, GIS, D, IBKR, ZTS, CPAY, EXR, SRE, DRI, HIG, COO, MTB, LH, PPL, F, CVNA, FSLR, EIX, STLD, FFIV, DPZ, GEHC, PHM, ROP, DG, EXPD, LHX, INCY, AFL, NSC, DTE, ARES, ACGL, GEN, HAL, RMD, GRMN, ADM, HSY, NI, CCI, FE, PODD, CPRT, RJF, EL, GNRC, DECK, ULTA, NCLH, NTRS, Q, WST, TROW, FDS, PRU, WRB, JBHT, ATO, O, WY, ZBH, IRM, TKO, EXE, PPG, ZBRA, LUV, ALLE, KVUE, VRSK, LNT, RL, IEX, FISV, LDOS, VLTO, ES, LYB, CHD, EVRG, FIS, IFF, PFG, SYF, DOW, ALB, CDW, HST, IP, APA, SW, FTV, GPN, HAS, OMC, TSN, SBAC, MKC, MAA, LII, INVH, BRO, BG, FDXF, MAS, BALL, ALGN, BEN, GDDY, TYL, TDY, HSIC, STE, BAX, CLX, DOV, AMCR, SWK, LVS, TXT, WTW, CSGP, EG, PNW, HII, TRMB, NDSN, AES, UDR, ESS, IT, VTRS, DOC, PNR, MOS, VICI, SJM, AVY, IVZ, WYNN, J, NWSA, TPL, APTV, SNA, BR, MGM, PKG, KIM, GPC, REG, L, JKHY, DD, AIZ, ARE, HRL, CPT
2026-10-09 20:00:29,799 | Restored daily risk state from previous run: day 2026-10-08, breaker tripped: False
2026-10-09 20:00:29,799 | Restored open-position context for 2 symbol(s) from previous run.
2026-10-09 20:00:29,799 | Running in --duration-minutes mode: cycling for 150 minutes, then exiting.
2026-10-09 20:00:29,951 | Market is closed. Next open: 2026-10-12 15:30:00 CEST (your local time) -- in 65.5 hours.
2026-10-09 20:00:29,991 | Market is closed for the day -- exiting early instead of idling.
2026-10-09 20:00:29,991 | Duration window finished.
