2026-09-21 20:00:35,021 | === Adaptive Intraday Trading Bot starting (PAPER TRADING MODE) ===
2026-09-21 20:00:35,021 | Watchlist mode: AUTOMATIC SCANNER (refreshes every 0.5h, up to 50 movers + S&P 500 backstop, 500 watchlist slots total, min price $10, max extension 20%, leveraged ETFs excluded: True, news filter: True). Fallback list: TSLA, NVDA, COIN, AMD, PLTR
2026-09-21 20:00:35,021 | Scanner minimum listing age: ON -- requires >= 100 trading days of daily bar history (real cases this catches: ALMR ~80d, EROC ~43d)
2026-09-21 20:00:35,021 | Bar size: 15min | Check interval while market open: 15min
2026-09-21 20:00:35,021 | Active strategies: gap_continuation, trend_following, mean_reversion (regime-switched by ADX)
2026-09-21 20:00:35,021 | Trend strategy: EMA 9/21 crossover | Range strategy: RSI 14 (25.0/75.0) | Switched by ADX 14 (threshold 25.0)
2026-09-21 20:00:35,021 | No new entries between 210-270 min after the open (historically weak window in backtesting)
2026-09-21 20:00:35,021 | Scanner opening-range blackout: ON -- no new scanner-pick (non-S&P-500) entries in the first 45 min after the open (real-money-confirmed, additive to the lunch-window blackout above, not a replacement for it)
2026-09-21 20:00:35,021 | Risk management: fixed stop-loss -5% / take-profit +10% on every buy
2026-09-21 20:00:35,021 | Position sizing: flat $500 per trade
2026-09-21 20:00:35,021 | Graduated conviction sizing: ON -- qualifying strategies: none yet (real evidence-gated, see strategy.py). 1 of 3 confirming signals (strategy match / ADX >= 35 / volume >= 2.5x avg) sizes at $5000; 2 or more signals sizes at up to the full remaining $25,000/day pool (volatility-based size-down always wins when a trade qualifies for both)
2026-09-21 20:00:35,022 | Position limits: max 18 concurrent positions | max 5.0% aggregate portfolio risk | daily loss circuit breaker at -3% (pauses new entries only)
2026-09-21 20:00:35,022 | Portfolio heat cap: max $2,000 aggregate $-at-risk across all open positions
2026-09-21 20:00:35,022 | Sector concentration cap: max 2 open positions per sector (new entries only; symbols with no known sector are exempt)
2026-09-21 20:00:35,022 | End-of-day mode: positions will be auto-closed 10 min before market close.
2026-09-21 20:00:35,022 | Loaded saved watchlist from previous run: MU, NVDA, SNDK, TSLA, META, AAPL, AMD, INTC, MSFT, AVGO, GOOGL, AMZN, GOOG, DELL, ORCL, PLTR, LITE, MRVL, CRWD, STX, TMO, JPM, CRM, GS, HOOD, PANW, WDC, BAC, AMAT, GEV, V, COIN, LRCX, BRK.B, NFLX, LLY, QCOM, COST, XOM, CAT, WMT, CVX, JNJ, TXN, COHR, MS, C, MA, VLO, CSCO, GE, ABBV, TJX, BA, FANG, PG, UNH, MRNA, NOW, MPC, HD, MRK, APP, AMGN, WFC, DHR, AZO, VRT, IBM, ADI, HONA, SMCI, KLAC, AON, ETN, SCHW, GLW, GILD, PEP, MDT, KO, HPE, DE, MCD, DIS, TMUS, SYK, AXP, BKNG, LIN, COF, ANET, MCK, COP, NEE, ABT, VZ, ISRG, ADBE, NKE, PSX, HON, INTU, NXPI, ACN, UBER, CMI, PM, RTX, HWM, BNY, BLK, SWKS, ADP, MPWR, CIEN, HBAN, HCA, ON, UNP, T, BSX, TER, PH, EQIX, WMB, BMY, SPGI, DDOG, PGR, ELV, USB, EXPE, APH, DASH, HLT, AXON, GM, TRV, FTNT, SHW, TT, WELL, SBUX, MRSH, TDG, ORLY, MMM, EBAY, SLB, LOW, MAR, CEG, CVS, IQV, CDNS, TGT, SO, SNPS, MSI, ACGL, KR, KVUE, ROST, JCI, URI, CB, XEL, CAH, PNC, NEM, CSX, PFE, EOG, REGN, MLM, AMT, SYY, VRTX, VMRK, AEP, PLD, FCX, CL, WBD, CMCSA, WDAY, CTVA, ABNB, CARR, TEL, ADSK, PWR, CRH, RVTY, CME, OTIS, LMT, WM, BKR, DUK, MCHP, GNRC, JBHT, KEYS, KEY, NOC, RDDT, ICE, BDX, RSG, ALL, GD, CTAS, IR, TFC, STT, MTD, DVN, MDLZ, PCAR, DLTR, KMB, KMI, DHI, AMP, GWW, FERG, OKE, CASY, APO, MO, DLR, LHX, F, APD, MSCI, RCL, EW, AME, AJG, TTWO, MNST, ROK, COR, DXCM, A, NSC, KKR, BX, EMR, HUM, FIX, VST, ECL, HPQ, CVNA, ETR, ODFL, DG, NTAP, MTB, CNP, VEEV, LYV, TRGP, AIG, LEN, YUM, OXY, CI, CTSH, BBY, CMG, FITB, MCO, UPS, FDX, FSLR, FOXA, ITW, NUE, DAL, TPR, PAYX, CFG, AKAM, ADM, ROP, WAT, CRL, WSM, MET, CBRE, DGX, O, CHTR, PYPL, KDP, HAL, CCI, SPG, DRI, WEC, SRE, EQT, PSA, VMC, LULU, RMD, IBKR, FAST, ULTA, NRG, IDXX, UAL, CNC, DOV, FLEX, EME, KHC, EXE, CBOE, AWK, VTR, ZBH, FFIV, DTE, XYL, NDAQ, WRB, STLD, STZ, TECH, JBL, AFL, PEG, HSY, ZTS, PCG, WST, LH, D, GRMN, LYB, RF, EFX, HUBB, FISV, BG, CCL, TSCO, HIG, FICO, GEHC, IT, EXR, EXC, FDS, SW, COO, NVR, IP, GIS, JKHY, APA, ECHO, VRSK, PODD, EIX, CF, DOW, ALB, SYF, ARES, CHRW, XYZ, DECK, WAB, FDXF, LUV, TYL, DPZ, CMS, RL, RJF, ROL, ATO, ED, TKO, VRSN, EL, PTC, EXPD, CPRT, PPG, OMC, NTRS, MAS, GPN, IRM, INCY, LVS, CDW, CLX, CHD, EVRG, TROW, ZBRA, AEE, PFG, PRU, LII, FIS, TSN, HST, BLDR, SBAC, PPL, ALLE, Q, GEN, NI, STE, PHM, DVA, INVH, FE, BRO, EG, DD, TDY, GDDY, UDR, BIIB, CSGP, CPAY, UHS, APTV, TXT, BR, ES, SJM, MOS, IFF, BAX, LDOS, SWK, VICI, MKC, FTV, PSKY, PNR, GPC, WY, AMCR, MAA, ALGN, TAP, LNT, TTD, PKG, TPL, AVY, KIM, WYNN, NCLH, WTW, HSIC, TRMB, L, HII, IVZ, VLTO, ARE, BALL, ESS, CINF, SNA, HAS, NDSN, AIZ, VTRS, IEX, AES, NWSA, REG, DOC, CPT, PNW
2026-09-21 20:00:35,022 | Restored daily risk state from previous run: day 2026-09-18, breaker tripped: False
2026-09-21 20:00:35,022 | Restored open-position context for 2 symbol(s) from previous run.
2026-09-21 20:00:35,022 | Running in --duration-minutes mode: cycling for 150 minutes, then exiting.
2026-09-21 20:00:35,255 | Market is closed. Next open: 2026-09-22 15:30:00 CEST (your local time) -- in 17.5 hours.
2026-09-21 20:00:35,323 | Market is closed for the day -- exiting early instead of idling.
2026-09-21 20:00:35,323 | Duration window finished.
