2026-07-29 13:42:27,009 | === Adaptive Intraday Trading Bot starting (PAPER TRADING MODE) ===
2026-07-29 13:42:27,009 | Watchlist mode: AUTOMATIC SCANNER (refreshes every 0.5h, top 12 movers of 50 candidates, min price $10, max extension 50%, leveraged ETFs excluded: True, news filter: True). Fallback list: TSLA, NVDA, COIN, AMD, PLTR
2026-07-29 13:42:27,009 | Bar size: 5min | Check interval while market open: 5min
2026-07-29 13:42:27,009 | Active strategies: breakout, gap_continuation, vwap_reversion, trend_following, mean_reversion (regime-switched by ADX)
2026-07-29 13:42:27,009 | Trend strategy: EMA 9/21 crossover | Range strategy: RSI 14 (25.0/75.0) | Switched by ADX 14 (threshold 25.0)
2026-07-29 13:42:27,009 | No new entries between 210-270 min after the open (historically weak window in backtesting)
2026-07-29 13:42:27,009 | Risk management: fixed stop-loss -5% / take-profit +10% on every buy
2026-07-29 13:42:27,009 | Position sizing: flat $500 per trade
2026-07-29 13:42:27,009 | Position limits: max 5 concurrent positions | max 5.0% aggregate portfolio risk | daily loss circuit breaker at -3% (pauses new entries only)
2026-07-29 13:42:27,009 | End-of-day mode: positions will be auto-closed 10 min before market close.
2026-07-29 13:42:27,010 | Loaded saved watchlist from previous run: ADVB, KNSA, ITRI, MPLT, TSLA
2026-07-29 13:42:27,010 | Restored daily risk state from previous run: day 2026-07-28, breaker tripped: False
2026-07-29 13:42:27,010 | Running in --duration-minutes mode: cycling for 150 minutes, then exiting.
2026-07-29 13:42:27,078 | Daily loss circuit breaker: tracking from starting equity $99,779.46 (limit -3%).
2026-07-29 13:42:27,078 | SCANNER: refreshing watchlist...
2026-07-29 13:42:27,718 | SCANNER: excluded 6 leveraged/inverse ETF(s) from 31 candidate(s).
2026-07-29 13:42:28,371 | SCANNER: candidate DFNS -- +47.9% today, $35.49, liquid, 4 recent news item(s)
2026-07-29 13:42:28,371 | SCANNER: candidate PSN -- -33.4% today, $41.29, liquid, 3 recent news item(s)
2026-07-29 13:42:28,371 | SCANNER: candidate BAND -- -30.8% today, $36.16, liquid, 2 recent news item(s)
2026-07-29 13:42:28,371 | SCANNER: candidate MANH -- +25.2% today, $210.60, liquid, 6 recent news item(s)
2026-07-29 13:42:28,371 | SCANNER: candidate HURN -- +21.9% today, $147.99, liquid, 2 recent news item(s)
2026-07-29 13:42:28,372 | SCANNER: candidate LMND -- -20.6% today, $49.29, liquid, 4 recent news item(s)
2026-07-29 13:42:28,372 | SCANNER: candidate CBZ -- +16.4% today, $54.37, liquid, 2 recent news item(s)
2026-07-29 13:42:28,372 | SCANNER: candidate LII -- -16.3% today, $455.29, liquid, 2 recent news item(s)
2026-07-29 13:42:28,372 | SCANNER: candidate VFC -- -15.9% today, $15.36, liquid, 3 recent news item(s)
2026-07-29 13:42:28,372 | SCANNER: candidate AVTR -- +15.7% today, $14.37, liquid, 3 recent news item(s)
2026-07-29 13:42:28,372 | SCANNER: candidate NEO -- +15.2% today, $15.44, liquid, 4 recent news item(s)
2026-07-29 13:42:28,372 | SCANNER: candidate BLKB -- +14.5% today, $41.14, liquid, 2 recent news item(s)
2026-07-29 13:42:28,372 | SCANNER: new watchlist -> DFNS, PSN, BAND, MANH, HURN, LMND, CBZ, LII, VFC, AVTR, NEO, BLKB
2026-07-29 13:42:28,384 | Market is open (closes 2026-07-29 22:00:00 CEST your local time). Checking 12 symbols: AVTR, BAND, BLKB, CBZ, DFNS, HURN, LII, LMND, MANH, NEO, PSN, VFC
2026-07-29 13:42:28,872 | [AVTR] trending (ADX 35.9) -> trend-following strategy | Signal: HOLD | Shares held: 0.0 | Last price: $14.48
2026-07-29 13:42:28,872 | [AVTR] ACTION: No trade.
2026-07-29 13:42:28,900 | [BAND] trending (ADX 29.2) -> trend-following strategy | Signal: HOLD | Shares held: 0.0 | Last price: $37.82
2026-07-29 13:42:28,900 | [BAND] ACTION: No trade.
2026-07-29 13:42:28,927 | [BLKB] choppy/sideways (ADX 23.3) -> mean-reversion strategy | Signal: HOLD | Shares held: 0.0 | Last price: $37.75
2026-07-29 13:42:28,927 | [BLKB] ACTION: No trade.
2026-07-29 13:42:28,954 | [CBZ] trending (ADX 63.8) -> trend-following strategy | Signal: HOLD | Shares held: 0.0 | Last price: $54.54
2026-07-29 13:42:28,955 | [CBZ] ACTION: No trade.
2026-07-29 13:42:28,992 | [DFNS] choppy/sideways (ADX 24.2) -> mean-reversion strategy | Signal: HOLD | Shares held: 0.0 | Last price: $39.00
2026-07-29 13:42:28,992 | [DFNS] ACTION: No trade.
2026-07-29 13:42:29,018 | [HURN] choppy/sideways (ADX 23.9) -> mean-reversion strategy | Signal: HOLD | Shares held: 0.0 | Last price: $121.37
2026-07-29 13:42:29,018 | [HURN] ACTION: No trade.
2026-07-29 13:42:29,045 | [LII] trending (ADX 54.9) -> trend-following strategy | Signal: HOLD | Shares held: 0.0 | Last price: $487.99
2026-07-29 13:42:29,045 | [LII] ACTION: No trade.
2026-07-29 13:42:29,074 | [LMND] trending (ADX 43.3) -> trend-following strategy | Signal: HOLD | Shares held: 0.0 | Last price: $49.26
2026-07-29 13:42:29,074 | [LMND] ACTION: No trade.
2026-07-29 13:42:29,102 | [MANH] trending (ADX 35.5) -> trend-following strategy | Signal: HOLD | Shares held: 0.0 | Last price: $193.46
2026-07-29 13:42:29,102 | [MANH] ACTION: No trade.
2026-07-29 13:42:29,129 | [NEO] trending (ADX 41.2) -> trend-following strategy | Signal: HOLD | Shares held: 0.0 | Last price: $15.23
2026-07-29 13:42:29,129 | [NEO] ACTION: No trade.
2026-07-29 13:42:29,157 | [PSN] trending (ADX 42.0) -> trend-following strategy | Signal: HOLD | Shares held: 0.0 | Last price: $45.70
2026-07-29 13:42:29,157 | [PSN] ACTION: No trade.
2026-07-29 13:42:29,185 | [VFC] trending (ADX 50.9) -> trend-following strategy | Signal: HOLD | Shares held: 0.0 | Last price: $16.00
2026-07-29 13:42:29,185 | [VFC] ACTION: No trade.
2026-07-29 13:47:29,250 | Market is open (closes 2026-07-29 22:00:00 CEST your local time). Checking 12 symbols: AVTR, BAND, BLKB, CBZ, DFNS, HURN, LII, LMND, MANH, NEO, PSN, VFC
2026-07-29 13:47:30,655 | [AVTR] trending (ADX 35.6) -> trend-following strategy | Signal: HOLD | Shares held: 0.0 | Last price: $14.16
2026-07-29 13:47:30,655 | [AVTR] ACTION: No trade.
2026-07-29 13:47:30,682 | [BAND] trending (ADX 29.6) -> trend-following strategy | Signal: HOLD | Shares held: 0.0 | Last price: $35.84
2026-07-29 13:47:30,682 | [BAND] ACTION: No trade.
2026-07-29 13:47:30,708 | [BLKB] volume-confirmed breakout above 20-bar high | Signal: BUY | Shares held: 0.0 | Last price: $39.79
2026-07-29 13:47:30,728 | [BLKB] Buying 11 share(s) (~$459, flat $ sizing) | stop-loss $39.61 | take-profit $45.86 (fixed %)
2026-07-29 13:47:30,748 | [BLKB] ACTION: BUY (order id b5549ed7-f159-48ac-bb68-c8fa68106859, strategy: breakout)
2026-07-29 13:47:30,775 | [CBZ] trending (ADX 65.4) -> trend-following strategy | Signal: HOLD | Shares held: 0.0 | Last price: $54.37
2026-07-29 13:47:30,775 | [CBZ] ACTION: No trade.
2026-07-29 13:47:30,813 | [DFNS] volume-confirmed breakout above 20-bar high | Signal: BUY | Shares held: 0.0 | Last price: $42.97
2026-07-29 13:47:30,819 | [DFNS] ACTION: No trade -- too volatile to protect. ATR is $2.10 (5.8% per bar) but the stop is only 5.0% away, so it sits inside the noise and would be hit at random. Needs 2.0x ATR of room.
2026-07-29 13:47:30,844 | [HURN] trending (ADX 27.6) -> trend-following strategy | Signal: BUY | Shares held: 0.0 | Last price: $141.97
2026-07-29 13:47:30,859 | [HURN] Buying 3 share(s) (~$447, flat $ sizing) | stop-loss $141.60 | take-profit $163.96 (fixed %)
2026-07-29 13:47:30,911 | [HURN] ACTION: BUY (order id 3b808ac9-5dc8-4218-9985-8cb818cfaae9, strategy: trend_following)
2026-07-29 13:47:30,939 | [LII] trending (ADX 56.1) -> trend-following strategy | Signal: HOLD | Shares held: 0.0 | Last price: $469.31
2026-07-29 13:47:30,939 | [LII] ACTION: No trade.
2026-07-29 13:47:30,968 | [LMND] trending (ADX 44.8) -> trend-following strategy | Signal: HOLD | Shares held: 0.0 | Last price: $51.08
2026-07-29 13:47:30,968 | [LMND] ACTION: No trade.
2026-07-29 13:47:30,996 | [MANH] volume-confirmed breakout above 20-bar high | Signal: BUY | Shares held: 0.0 | Last price: $204.02
2026-07-29 13:47:31,002 | [MANH] Buying 2 share(s) (~$417, flat $ sizing) | stop-loss $197.99 | take-profit $229.25 (fixed %)
2026-07-29 13:47:31,090 | [MANH] ACTION: BUY (order id cd44193c-8ea9-44b7-99aa-b66ea1a27a32, strategy: breakout)
2026-07-29 13:47:31,118 | [NEO] trending (ADX 42.8) -> trend-following strategy | Signal: HOLD | Shares held: 0.0 | Last price: $15.20
2026-07-29 13:47:31,118 | [NEO] ACTION: No trade.
2026-07-29 13:47:31,145 | [PSN] trending (ADX 41.0) -> trend-following strategy | Signal: HOLD | Shares held: 0.0 | Last price: $45.12
2026-07-29 13:47:31,145 | [PSN] ACTION: No trade.
2026-07-29 13:47:31,173 | [VFC] trending (ADX 52.1) -> trend-following strategy | Signal: HOLD | Shares held: 0.0 | Last price: $15.71
2026-07-29 13:47:31,173 | [VFC] ACTION: No trade.
2026-07-29 13:52:31,234 | Market is open (closes 2026-07-29 22:00:00 CEST your local time). Checking 12 symbols: AVTR, BAND, BLKB, CBZ, DFNS, HURN, LII, LMND, MANH, NEO, PSN, VFC
2026-07-29 13:52:31,871 | [AVTR] trending (ADX 35.4) -> trend-following strategy | Signal: HOLD | Shares held: 0.0 | Last price: $14.18
2026-07-29 13:52:31,872 | [AVTR] ACTION: No trade.
2026-07-29 13:52:31,899 | [BAND] stretched below VWAP and turning back up | Signal: BUY | Shares held: 0.0 | Last price: $36.42
2026-07-29 13:52:31,906 | [BAND] ACTION: No trade -- too volatile to protect. ATR is $1.34 (3.6% per bar) but the stop is only 5.0% away, so it sits inside the noise and would be hit at random. Needs 2.0x ATR of room.
2026-07-29 13:52:31,932 | [BLKB] trending (ADX 29.7) -> trend-following strategy | Signal: HOLD | Shares held: 11.0 | Last price: $40.15
2026-07-29 13:52:31,932 | [BLKB] ACTION: No trade.
2026-07-29 13:52:31,959 | [CBZ] trending (ADX 67.0) -> trend-following strategy | Signal: HOLD | Shares held: 0.0 | Last price: $54.40
2026-07-29 13:52:31,959 | [CBZ] ACTION: No trade.
2026-07-29 13:52:31,997 | [DFNS] trending (ADX 29.9) -> trend-following strategy | Signal: HOLD | Shares held: 0.0 | Last price: $38.69
2026-07-29 13:52:31,997 | [DFNS] ACTION: No trade.
2026-07-29 13:52:32,021 | [HURN] Gap Pattern (Type A) continuation, gap held and extended | Signal: BUY | Shares held: 3.0 | Last price: $147.98
2026-07-29 13:52:32,021 | [HURN] ACTION: No trade.
2026-07-29 13:52:32,048 | [LII] trending (ADX 57.4) -> trend-following strategy | Signal: HOLD | Shares held: 0.0 | Last price: $458.73
2026-07-29 13:52:32,048 | [LII] ACTION: No trade.
2026-07-29 13:52:32,077 | [LMND] trending (ADX 46.1) -> trend-following strategy | Signal: HOLD | Shares held: 0.0 | Last price: $51.01
2026-07-29 13:52:32,077 | [LMND] ACTION: No trade.
2026-07-29 13:52:32,104 | [MANH] volume-confirmed breakout above 20-bar high | Signal: BUY | Shares held: 2.0 | Last price: $207.09
2026-07-29 13:52:32,104 | [MANH] ACTION: No trade.
2026-07-29 13:52:32,132 | [NEO] trending (ADX 44.4) -> trend-following strategy | Signal: HOLD | Shares held: 0.0 | Last price: $15.57
2026-07-29 13:52:32,132 | [NEO] ACTION: No trade.
2026-07-29 13:52:32,159 | [PSN] trending (ADX 41.5) -> trend-following strategy | Signal: HOLD | Shares held: 0.0 | Last price: $41.29
2026-07-29 13:52:32,159 | [PSN] ACTION: No trade.
2026-07-29 13:52:32,186 | [VFC] trending (ADX 53.3) -> trend-following strategy | Signal: HOLD | Shares held: 0.0 | Last price: $15.72
2026-07-29 13:52:32,187 | [VFC] ACTION: No trade.
2026-07-29 13:57:32,246 | Market is open (closes 2026-07-29 22:00:00 CEST your local time). Checking 12 symbols: AVTR, BAND, BLKB, CBZ, DFNS, HURN, LII, LMND, MANH, NEO, PSN, VFC
2026-07-29 13:57:33,045 | [AVTR] trending (ADX 35.8) -> trend-following strategy | Signal: HOLD | Shares held: 0.0 | Last price: $14.53
2026-07-29 13:57:33,045 | [AVTR] ACTION: No trade.
2026-07-29 13:57:33,073 | [BAND] trending (ADX 30.4) -> trend-following strategy | Signal: HOLD | Shares held: 0.0 | Last price: $37.55
2026-07-29 13:57:33,073 | [BAND] ACTION: No trade.
2026-07-29 13:57:33,099 | [BLKB] trending (ADX 32.9) -> trend-following strategy | Signal: HOLD | Shares held: 11.0 | Last price: $41.30
2026-07-29 13:57:33,099 | [BLKB] ACTION: No trade.
2026-07-29 13:57:33,126 | [CBZ] trending (ADX 68.3) -> trend-following strategy | Signal: HOLD | Shares held: 0.0 | Last price: $54.38
2026-07-29 13:57:33,126 | [CBZ] ACTION: No trade.
2026-07-29 13:57:33,163 | [DFNS] trending (ADX 29.2) -> trend-following strategy | Signal: HOLD | Shares held: 0.0 | Last price: $34.01
2026-07-29 13:57:33,164 | [DFNS] ACTION: No trade.
2026-07-29 13:57:33,188 | [HURN] volume-confirmed breakout above 20-bar high | Signal: BUY | Shares held: 3.0 | Last price: $148.92
2026-07-29 13:57:33,188 | [HURN] ACTION: No trade.
2026-07-29 13:57:33,215 | [LII] trending (ADX 58.8) -> trend-following strategy | Signal: HOLD | Shares held: 0.0 | Last price: $451.94
2026-07-29 13:57:33,215 | [LII] ACTION: No trade.
2026-07-29 13:57:33,244 | [LMND] trending (ADX 47.6) -> trend-following strategy | Signal: HOLD | Shares held: 0.0 | Last price: $49.89
2026-07-29 13:57:33,244 | [LMND] ACTION: No trade.
2026-07-29 13:57:33,271 | [MANH] volume-confirmed breakout above 20-bar high | Signal: BUY | Shares held: 2.0 | Last price: $211.42
2026-07-29 13:57:33,271 | [MANH] ACTION: No trade.
2026-07-29 13:57:33,298 | [NEO] trending (ADX 45.4) -> trend-following strategy | Signal: HOLD | Shares held: 0.0 | Last price: $15.42
2026-07-29 13:57:33,298 | [NEO] ACTION: No trade.
2026-07-29 13:57:33,326 | [PSN] trending (ADX 41.5) -> trend-following strategy | Signal: HOLD | Shares held: 0.0 | Last price: $41.29
2026-07-29 13:57:33,326 | [PSN] ACTION: No trade.
2026-07-29 13:57:33,353 | [VFC] trending (ADX 55.0) -> trend-following strategy | Signal: HOLD | Shares held: 0.0 | Last price: $15.02
2026-07-29 13:57:33,353 | [VFC] ACTION: No trade.
2026-07-29 14:02:33,701 | Market is open (closes 2026-07-29 22:00:00 CEST your local time). Checking 12 symbols: AVTR, BAND, BLKB, CBZ, DFNS, HURN, LII, LMND, MANH, NEO, PSN, VFC
2026-07-29 14:02:34,556 | [AVTR] trending (ADX 36.3) -> trend-following strategy | Signal: HOLD | Shares held: 0.0 | Last price: $14.53
2026-07-29 14:02:34,556 | [AVTR] ACTION: No trade.
2026-07-29 14:02:34,583 | [BAND] trending (ADX 30.5) -> trend-following strategy | Signal: HOLD | Shares held: 0.0 | Last price: $37.23
2026-07-29 14:02:34,583 | [BAND] ACTION: No trade.
2026-07-29 14:02:34,610 | [BLKB] trending (ADX 36.0) -> trend-following strategy | Signal: HOLD | Shares held: 11.0 | Last price: $42.30
2026-07-29 14:02:34,610 | [BLKB] ACTION: No trade.
2026-07-29 14:02:34,637 | [CBZ] trending (ADX 69.6) -> trend-following strategy | Signal: HOLD | Shares held: 0.0 | Last price: $54.41
2026-07-29 14:02:34,637 | [CBZ] ACTION: No trade.
2026-07-29 14:02:34,674 | [DFNS] trending (ADX 28.7) -> trend-following strategy | Signal: HOLD | Shares held: 0.0 | Last price: $35.30
2026-07-29 14:02:34,674 | [DFNS] ACTION: No trade.
2026-07-29 14:02:34,699 | [HURN] volume-confirmed breakout above 20-bar high | Signal: BUY | Shares held: 3.0 | Last price: $150.65
2026-07-29 14:02:34,699 | [HURN] ACTION: No trade.
2026-07-29 14:02:34,726 | [LII] trending (ADX 60.1) -> trend-following strategy | Signal: HOLD | Shares held: 0.0 | Last price: $456.25
2026-07-29 14:02:34,726 | [LII] ACTION: No trade.
2026-07-29 14:02:34,755 | [LMND] trending (ADX 49.0) -> trend-following strategy | Signal: HOLD | Shares held: 0.0 | Last price: $49.72
2026-07-29 14:02:34,755 | [LMND] ACTION: No trade.
2026-07-29 14:02:34,782 | [MANH] trending (ADX 45.2) -> trend-following strategy | Signal: HOLD | Shares held: 2.0 | Last price: $209.06
2026-07-29 14:02:34,783 | [MANH] ACTION: No trade.
2026-07-29 14:02:34,810 | [NEO] trending (ADX 46.5) -> trend-following strategy | Signal: HOLD | Shares held: 0.0 | Last price: $15.47
2026-07-29 14:02:34,810 | [NEO] ACTION: No trade.
2026-07-29 14:02:34,837 | [PSN] trending (ADX 42.8) -> trend-following strategy | Signal: HOLD | Shares held: 0.0 | Last price: $38.31
2026-07-29 14:02:34,837 | [PSN] ACTION: No trade.
2026-07-29 14:02:34,865 | [VFC] trending (ADX 56.6) -> trend-following strategy | Signal: HOLD | Shares held: 0.0 | Last price: $15.02
2026-07-29 14:02:34,865 | [VFC] ACTION: No trade.
2026-07-29 14:07:35,164 | Market is open (closes 2026-07-29 22:00:00 CEST your local time). Checking 12 symbols: AVTR, BAND, BLKB, CBZ, DFNS, HURN, LII, LMND, MANH, NEO, PSN, VFC
2026-07-29 14:07:36,299 | [AVTR] trending (ADX 36.2) -> trend-following strategy | Signal: HOLD | Shares held: 0.0 | Last price: $14.42
2026-07-29 14:07:36,300 | [AVTR] ACTION: No trade.
2026-07-29 14:07:36,328 | [BAND] trending (ADX 30.7) -> trend-following strategy | Signal: HOLD | Shares held: 0.0 | Last price: $36.83
2026-07-29 14:07:36,328 | [BAND] ACTION: No trade.
2026-07-29 14:07:36,354 | [BLKB] trending (ADX 39.1) -> trend-following strategy | Signal: HOLD | Shares held: 11.0 | Last price: $42.87
2026-07-29 14:07:36,355 | [BLKB] ACTION: No trade.
2026-07-29 14:07:36,381 | [CBZ] trending (ADX 70.8) -> trend-following strategy | Signal: HOLD | Shares held: 0.0 | Last price: $54.39
2026-07-29 14:07:36,381 | [CBZ] ACTION: No trade.
2026-07-29 14:07:36,419 | [DFNS] trending (ADX 26.6) -> trend-following strategy | Signal: HOLD | Shares held: 0.0 | Last price: $33.35
2026-07-29 14:07:36,419 | [DFNS] ACTION: No trade.
2026-07-29 14:07:36,444 | [HURN] trending (ADX 41.5) -> trend-following strategy | Signal: HOLD | Shares held: 3.0 | Last price: $151.44
2026-07-29 14:07:36,444 | [HURN] ACTION: No trade.
2026-07-29 14:07:36,471 | [LII] trending (ADX 61.3) -> trend-following strategy | Signal: HOLD | Shares held: 0.0 | Last price: $451.73
2026-07-29 14:07:36,471 | [LII] ACTION: No trade.
2026-07-29 14:07:36,500 | [LMND] trending (ADX 50.3) -> trend-following strategy | Signal: HOLD | Shares held: 0.0 | Last price: $49.69
2026-07-29 14:07:36,500 | [LMND] ACTION: No trade.
2026-07-29 14:07:36,528 | [MANH] trending (ADX 47.1) -> trend-following strategy | Signal: HOLD | Shares held: 2.0 | Last price: $209.11
2026-07-29 14:07:36,528 | [MANH] ACTION: No trade.
2026-07-29 14:07:36,555 | [NEO] trending (ADX 47.3) -> trend-following strategy | Signal: HOLD | Shares held: 0.0 | Last price: $15.27
2026-07-29 14:07:36,555 | [NEO] ACTION: No trade.
2026-07-29 14:07:36,583 | [PSN] trending (ADX 44.2) -> trend-following strategy | Signal: HOLD | Shares held: 0.0 | Last price: $37.71
2026-07-29 14:07:36,583 | [PSN] ACTION: No trade.
2026-07-29 14:07:36,611 | [VFC] trending (ADX 58.1) -> trend-following strategy | Signal: HOLD | Shares held: 0.0 | Last price: $14.91
2026-07-29 14:07:36,611 | [VFC] ACTION: No trade.
2026-07-29 14:12:36,671 | SCANNER: refreshing watchlist...
2026-07-29 14:12:36,779 | SCANNER: excluded 7 leveraged/inverse ETF(s) from 28 candidate(s).
2026-07-29 14:12:37,501 | SCANNER: candidate DFNS -- +45.6% today, $34.94, liquid, 5 recent news item(s)
2026-07-29 14:12:37,501 | SCANNER: candidate PSN -- -40.0% today, $37.23, liquid, 4 recent news item(s)
2026-07-29 14:12:37,501 | SCANNER: candidate BAND -- -28.7% today, $37.23, liquid, 2 recent news item(s)
2026-07-29 14:12:37,501 | SCANNER: candidate HURN -- +26.9% today, $153.96, liquid, 3 recent news item(s)
2026-07-29 14:12:37,502 | SCANNER: candidate MANH -- +24.9% today, $210.09, liquid, 7 recent news item(s)
2026-07-29 14:12:37,502 | SCANNER: candidate LMND -- -24.6% today, $46.86, liquid, 4 recent news item(s)
2026-07-29 14:12:37,502 | SCANNER: candidate LII -- -19.8% today, $436.51, liquid, 2 recent news item(s)
2026-07-29 14:12:37,502 | SCANNER: candidate VFC -- -18.5% today, $14.88, liquid, 3 recent news item(s)
2026-07-29 14:12:37,502 | SCANNER: candidate BLKB -- +18.0% today, $42.41, liquid, 3 recent news item(s)
2026-07-29 14:12:37,502 | SCANNER: candidate CBZ -- +16.7% today, $54.50, liquid, 3 recent news item(s)
2026-07-29 14:12:37,502 | SCANNER: candidate GRMN -- +16.5% today, $295.44, liquid, 4 recent news item(s)
2026-07-29 14:12:37,502 | SCANNER: candidate NEO -- +15.5% today, $15.47, liquid, 4 recent news item(s)
2026-07-29 14:12:37,502 | SCANNER: new watchlist -> DFNS, PSN, BAND, HURN, MANH, LMND, LII, VFC, BLKB, CBZ, GRMN, NEO
2026-07-29 14:12:37,517 | Market is open (closes 2026-07-29 22:00:00 CEST your local time). Checking 12 symbols: BAND, BLKB, CBZ, DFNS, GRMN, HURN, LII, LMND, MANH, NEO, PSN, VFC
2026-07-29 14:12:38,062 | [BAND] trending (ADX 30.1) -> trend-following strategy | Signal: HOLD | Shares held: 0.0 | Last price: $38.19
2026-07-29 14:12:38,062 | [BAND] ACTION: No trade.
2026-07-29 14:12:38,088 | [BLKB] trending (ADX 42.0) -> trend-following strategy | Signal: HOLD | Shares held: 11.0 | Last price: $43.13
2026-07-29 14:12:38,089 | [BLKB] ACTION: No trade.
2026-07-29 14:12:38,115 | [CBZ] trending (ADX 71.8) -> trend-following strategy | Signal: HOLD | Shares held: 0.0 | Last price: $54.41
2026-07-29 14:12:38,115 | [CBZ] ACTION: No trade.
2026-07-29 14:12:38,153 | [DFNS] trending (ADX 25.6) -> trend-following strategy | Signal: HOLD | Shares held: 0.0 | Last price: $35.41
2026-07-29 14:12:38,153 | [DFNS] ACTION: No trade.
2026-07-29 14:12:38,180 | [GRMN] trending (ADX 37.5) -> trend-following strategy | Signal: HOLD | Shares held: 0.0 | Last price: $295.88
2026-07-29 14:12:38,180 | [GRMN] ACTION: No trade.
2026-07-29 14:12:38,205 | [HURN] volume-confirmed breakout above 20-bar high | Signal: BUY | Shares held: 3.0 | Last price: $155.54
2026-07-29 14:12:38,205 | [HURN] ACTION: No trade.
2026-07-29 14:12:38,232 | [LII] trending (ADX 62.5) -> trend-following strategy | Signal: HOLD | Shares held: 0.0 | Last price: $449.81
2026-07-29 14:12:38,232 | [LII] ACTION: No trade.
2026-07-29 14:12:38,261 | [LMND] trending (ADX 51.6) -> trend-following strategy | Signal: HOLD | Shares held: 0.0 | Last price: $49.46
2026-07-29 14:12:38,261 | [LMND] ACTION: No trade.
2026-07-29 14:12:38,289 | [MANH] trending (ADX 48.8) -> trend-following strategy | Signal: HOLD | Shares held: 2.0 | Last price: $208.03
2026-07-29 14:12:38,290 | [MANH] ACTION: No trade.
2026-07-29 14:12:38,317 | [NEO] trending (ADX 47.9) -> trend-following strategy | Signal: HOLD | Shares held: 0.0 | Last price: $15.25
2026-07-29 14:12:38,317 | [NEO] ACTION: No trade.
2026-07-29 14:12:38,345 | [PSN] trending (ADX 45.7) -> trend-following strategy | Signal: HOLD | Shares held: 0.0 | Last price: $37.00
2026-07-29 14:12:38,345 | [PSN] ACTION: No trade.
2026-07-29 14:12:38,373 | [VFC] trending (ADX 59.6) -> trend-following strategy | Signal: HOLD | Shares held: 0.0 | Last price: $15.06
2026-07-29 14:12:38,373 | [VFC] ACTION: No trade.
2026-07-29 14:17:38,452 | Market is open (closes 2026-07-29 22:00:00 CEST your local time). Checking 12 symbols: BAND, BLKB, CBZ, DFNS, GRMN, HURN, LII, LMND, MANH, NEO, PSN, VFC
2026-07-29 14:17:39,269 | [BAND] trending (ADX 28.9) -> trend-following strategy | Signal: HOLD | Shares held: 0.0 | Last price: $38.16
2026-07-29 14:17:39,269 | [BAND] ACTION: No trade.
2026-07-29 14:17:39,297 | [BLKB] trending (ADX 44.2) -> trend-following strategy | Signal: HOLD | Shares held: 11.0 | Last price: $43.16
2026-07-29 14:17:39,297 | [BLKB] ACTION: No trade.
2026-07-29 14:17:39,325 | [CBZ] trending (ADX 72.9) -> trend-following strategy | Signal: HOLD | Shares held: 0.0 | Last price: $54.50
2026-07-29 14:17:39,325 | [CBZ] ACTION: No trade.
2026-07-29 14:17:39,364 | [DFNS] choppy/sideways (ADX 24.6) -> mean-reversion strategy | Signal: HOLD | Shares held: 0.0 | Last price: $35.75
2026-07-29 14:17:39,364 | [DFNS] ACTION: No trade.
2026-07-29 14:17:39,391 | [GRMN] volume-confirmed breakout above 20-bar high | Signal: BUY | Shares held: 0.0 | Last price: $297.56
2026-07-29 14:17:39,398 | [GRMN] Buying 1 share(s) (~$295, flat $ sizing) | stop-loss $280.21 | take-profit $324.45 (fixed %)
2026-07-29 14:17:39,413 | [GRMN] ACTION: BUY (order id cd735b88-8498-4482-9d0e-835f2e67bd95, strategy: breakout)
2026-07-29 14:17:39,440 | [HURN] trending (ADX 47.5) -> trend-following strategy | Signal: HOLD | Shares held: 3.0 | Last price: $153.65
2026-07-29 14:17:39,440 | [HURN] ACTION: No trade.
2026-07-29 14:17:39,467 | [LII] trending (ADX 63.8) -> trend-following strategy | Signal: HOLD | Shares held: 0.0 | Last price: $443.81
2026-07-29 14:17:39,467 | [LII] ACTION: No trade.
2026-07-29 14:17:39,497 | [LMND] trending (ADX 52.9) -> trend-following strategy | Signal: HOLD | Shares held: 0.0 | Last price: $48.80
2026-07-29 14:17:39,497 | [LMND] ACTION: No trade.
2026-07-29 14:17:39,526 | [MANH] trending (ADX 50.0) -> trend-following strategy | Signal: HOLD | Shares held: 2.0 | Last price: $206.24
2026-07-29 14:17:39,526 | [MANH] ACTION: No trade.
2026-07-29 14:17:39,554 | [NEO] trending (ADX 48.6) -> trend-following strategy | Signal: HOLD | Shares held: 0.0 | Last price: $15.35
2026-07-29 14:17:39,554 | [NEO] ACTION: No trade.
2026-07-29 14:17:39,582 | [PSN] trending (ADX 47.1) -> trend-following strategy | Signal: HOLD | Shares held: 0.0 | Last price: $36.58
2026-07-29 14:17:39,582 | [PSN] ACTION: No trade.
2026-07-29 14:17:39,611 | [VFC] trending (ADX 59.8) -> trend-following strategy | Signal: HOLD | Shares held: 0.0 | Last price: $15.07
2026-07-29 14:17:39,611 | [VFC] ACTION: No trade.
2026-07-29 14:22:39,672 | Market is open (closes 2026-07-29 22:00:00 CEST your local time). Checking 12 symbols: BAND, BLKB, CBZ, DFNS, GRMN, HURN, LII, LMND, MANH, NEO, PSN, VFC
2026-07-29 14:22:40,132 | [BAND] trending (ADX 28.3) -> trend-following strategy | Signal: HOLD | Shares held: 0.0 | Last price: $36.93
2026-07-29 14:22:40,132 | [BAND] ACTION: No trade.
2026-07-29 14:22:40,159 | [BLKB] trending (ADX 46.2) -> trend-following strategy | Signal: HOLD | Shares held: 11.0 | Last price: $43.00
2026-07-29 14:22:40,160 | [BLKB] ACTION: No trade.
2026-07-29 14:22:40,187 | [CBZ] trending (ADX 73.8) -> trend-following strategy | Signal: HOLD | Shares held: 0.0 | Last price: $54.50
2026-07-29 14:22:40,187 | [CBZ] ACTION: No trade.
2026-07-29 14:22:40,226 | [DFNS] choppy/sideways (ADX 23.8) -> mean-reversion strategy | Signal: HOLD | Shares held: 0.0 | Last price: $35.42
2026-07-29 14:22:40,227 | [DFNS] ACTION: No trade.
2026-07-29 14:22:40,255 | [GRMN] trending (ADX 40.1) -> trend-following strategy | Signal: HOLD | Shares held: 1.0 | Last price: $295.77
2026-07-29 14:22:40,255 | [GRMN] ACTION: No trade.
2026-07-29 14:22:40,281 | [HURN] trending (ADX 50.1) -> trend-following strategy | Signal: HOLD | Shares held: 3.0 | Last price: $154.12
2026-07-29 14:22:40,281 | [HURN] ACTION: No trade.
2026-07-29 14:22:40,307 | [LII] trending (ADX 65.0) -> trend-following strategy | Signal: HOLD | Shares held: 0.0 | Last price: $439.60
2026-07-29 14:22:40,308 | [LII] ACTION: No trade.
2026-07-29 14:22:40,337 | [LMND] trending (ADX 54.5) -> trend-following strategy | Signal: HOLD | Shares held: 0.0 | Last price: $47.23
2026-07-29 14:22:40,337 | [LMND] ACTION: No trade.
2026-07-29 14:22:40,365 | [MANH] trending (ADX 51.3) -> trend-following strategy | Signal: HOLD | Shares held: 2.0 | Last price: $210.68
2026-07-29 14:22:40,365 | [MANH] ACTION: No trade.
2026-07-29 14:22:40,393 | [NEO] trending (ADX 49.3) -> trend-following strategy | Signal: HOLD | Shares held: 0.0 | Last price: $15.30
2026-07-29 14:22:40,393 | [NEO] ACTION: No trade.
2026-07-29 14:22:40,421 | [PSN] stretched below VWAP and turning back up | Signal: BUY | Shares held: 0.0 | Last price: $36.75
2026-07-29 14:22:40,430 | [PSN] ACTION: No trade -- too volatile to protect. ATR is $1.35 (3.6% per bar) but the stop is only 5.0% away, so it sits inside the noise and would be hit at random. Needs 2.0x ATR of room.
2026-07-29 14:22:40,458 | [VFC] trending (ADX 60.3) -> trend-following strategy | Signal: HOLD | Shares held: 0.0 | Last price: $14.79
2026-07-29 14:22:40,458 | [VFC] ACTION: No trade.
2026-07-29 14:27:40,531 | Market is open (closes 2026-07-29 22:00:00 CEST your local time). Checking 12 symbols: BAND, BLKB, CBZ, DFNS, GRMN, HURN, LII, LMND, MANH, NEO, PSN, VFC
2026-07-29 14:27:41,197 | [BAND] trending (ADX 28.0) -> trend-following strategy | Signal: HOLD | Shares held: 0.0 | Last price: $36.90
2026-07-29 14:27:41,197 | [BAND] ACTION: No trade.
2026-07-29 14:27:41,227 | [BLKB] trending (ADX 47.3) -> trend-following strategy | Signal: HOLD | Shares held: 11.0 | Last price: $42.56
2026-07-29 14:27:41,227 | [BLKB] ACTION: No trade.
2026-07-29 14:27:41,256 | [CBZ] trending (ADX 74.7) -> trend-following strategy | Signal: HOLD | Shares held: 0.0 | Last price: $54.55
2026-07-29 14:27:41,256 | [CBZ] ACTION: No trade.
2026-07-29 14:27:41,296 | [DFNS] choppy/sideways (ADX 22.3) -> mean-reversion strategy | Signal: HOLD | Shares held: 0.0 | Last price: $34.40
2026-07-29 14:27:41,296 | [DFNS] ACTION: No trade.
2026-07-29 14:27:41,324 | [GRMN] trending (ADX 40.6) -> trend-following strategy | Signal: HOLD | Shares held: 1.0 | Last price: $294.87
2026-07-29 14:27:41,324 | [GRMN] ACTION: No trade.
2026-07-29 14:27:41,350 | [HURN] trending (ADX 52.5) -> trend-following strategy | Signal: HOLD | Shares held: 3.0 | Last price: $155.61
2026-07-29 14:27:41,350 | [HURN] ACTION: No trade.
2026-07-29 14:27:41,388 | [LII] trending (ADX 66.3) -> trend-following strategy | Signal: HOLD | Shares held: 0.0 | Last price: $437.26
2026-07-29 14:27:41,388 | [LII] ACTION: No trade.
2026-07-29 14:27:41,418 | [LMND] trending (ADX 56.2) -> trend-following strategy | Signal: HOLD | Shares held: 0.0 | Last price: $46.61
2026-07-29 14:27:41,418 | [LMND] ACTION: No trade.
2026-07-29 14:27:41,447 | [MANH] trending (ADX 52.6) -> trend-following strategy | Signal: HOLD | Shares held: 2.0 | Last price: $210.46
2026-07-29 14:27:41,447 | [MANH] ACTION: No trade.
2026-07-29 14:27:41,475 | [NEO] trending (ADX 50.1) -> trend-following strategy | Signal: HOLD | Shares held: 0.0 | Last price: $15.44
2026-07-29 14:27:41,476 | [NEO] ACTION: No trade.
2026-07-29 14:27:41,503 | [PSN] stretched below VWAP and turning back up | Signal: BUY | Shares held: 0.0 | Last price: $37.61
2026-07-29 14:27:41,510 | [PSN] ACTION: No trade -- too volatile to protect. ATR is $1.34 (3.6% per bar) but the stop is only 5.0% away, so it sits inside the noise and would be hit at random. Needs 2.0x ATR of room.
2026-07-29 14:27:41,539 | [VFC] trending (ADX 60.8) -> trend-following strategy | Signal: HOLD | Shares held: 0.0 | Last price: $14.89
2026-07-29 14:27:41,539 | [VFC] ACTION: No trade.
2026-07-29 14:32:41,608 | Market is open (closes 2026-07-29 22:00:00 CEST your local time). Checking 12 symbols: BAND, BLKB, CBZ, DFNS, GRMN, HURN, LII, LMND, MANH, NEO, PSN, VFC
2026-07-29 14:32:43,366 | [BAND] trending (ADX 27.2) -> trend-following strategy | Signal: HOLD | Shares held: 0.0 | Last price: $37.27
2026-07-29 14:32:43,366 | [BAND] ACTION: No trade.
2026-07-29 14:32:43,392 | [BLKB] trending (ADX 48.4) -> trend-following strategy | Signal: HOLD | Shares held: 11.0 | Last price: $43.30
2026-07-29 14:32:43,392 | [BLKB] ACTION: No trade.
2026-07-29 14:32:43,419 | [CBZ] trending (ADX 75.5) -> trend-following strategy | Signal: HOLD | Shares held: 0.0 | Last price: $54.55
2026-07-29 14:32:43,419 | [CBZ] ACTION: No trade.
2026-07-29 14:32:43,457 | [DFNS] choppy/sideways (ADX 20.8) -> mean-reversion strategy | Signal: HOLD | Shares held: 0.0 | Last price: $32.85
2026-07-29 14:32:43,457 | [DFNS] ACTION: No trade.
2026-07-29 14:32:43,484 | [GRMN] trending (ADX 41.0) -> trend-following strategy | Signal: HOLD | Shares held: 1.0 | Last price: $294.00
2026-07-29 14:32:43,484 | [GRMN] ACTION: No trade.
2026-07-29 14:32:43,509 | [HURN] trending (ADX 54.8) -> trend-following strategy | Signal: HOLD | Shares held: 3.0 | Last price: $156.51
2026-07-29 14:32:43,509 | [HURN] ACTION: No trade.
2026-07-29 14:32:43,536 | [LII] trending (ADX 67.0) -> trend-following strategy | Signal: HOLD | Shares held: 0.0 | Last price: $437.69
2026-07-29 14:32:43,536 | [LII] ACTION: No trade.
2026-07-29 14:32:43,565 | [LMND] trending (ADX 57.6) -> trend-following strategy | Signal: HOLD | Shares held: 0.0 | Last price: $46.96
2026-07-29 14:32:43,565 | [LMND] ACTION: No trade.
2026-07-29 14:32:43,593 | [MANH] trending (ADX 53.8) -> trend-following strategy | Signal: HOLD | Shares held: 2.0 | Last price: $210.99
2026-07-29 14:32:43,593 | [MANH] ACTION: No trade.
2026-07-29 14:32:43,620 | [NEO] trending (ADX 50.8) -> trend-following strategy | Signal: HOLD | Shares held: 0.0 | Last price: $15.39
2026-07-29 14:32:43,620 | [NEO] ACTION: No trade.
2026-07-29 14:32:43,647 | [PSN] trending (ADX 49.1) -> trend-following strategy | Signal: HOLD | Shares held: 0.0 | Last price: $37.30
2026-07-29 14:32:43,648 | [PSN] ACTION: No trade.
2026-07-29 14:32:43,675 | [VFC] trending (ADX 61.0) -> trend-following strategy | Signal: HOLD | Shares held: 0.0 | Last price: $14.93
2026-07-29 14:32:43,675 | [VFC] ACTION: No trade.
2026-07-29 14:37:43,740 | Market is open (closes 2026-07-29 22:00:00 CEST your local time). Checking 12 symbols: BAND, BLKB, CBZ, DFNS, GRMN, HURN, LII, LMND, MANH, NEO, PSN, VFC
2026-07-29 14:37:45,298 | [BAND] trending (ADX 26.6) -> trend-following strategy | Signal: HOLD | Shares held: 0.0 | Last price: $36.59
2026-07-29 14:37:45,298 | [BAND] ACTION: No trade.
2026-07-29 14:37:45,325 | [BLKB] trending (ADX 49.5) -> trend-following strategy | Signal: HOLD | Shares held: 11.0 | Last price: $43.12
2026-07-29 14:37:45,325 | [BLKB] ACTION: No trade.
2026-07-29 14:37:45,352 | [CBZ] trending (ADX 76.3) -> trend-following strategy | Signal: HOLD | Shares held: 0.0 | Last price: $54.52
2026-07-29 14:37:45,352 | [CBZ] ACTION: No trade.
2026-07-29 14:37:45,390 | [DFNS] choppy/sideways (ADX 19.5) -> mean-reversion strategy | Signal: HOLD | Shares held: 0.0 | Last price: $32.57
2026-07-29 14:37:45,390 | [DFNS] ACTION: No trade.
2026-07-29 14:37:45,417 | [GRMN] trending (ADX 41.5) -> trend-following strategy | Signal: HOLD | Shares held: 1.0 | Last price: $297.12
2026-07-29 14:37:45,417 | [GRMN] ACTION: No trade.
2026-07-29 14:37:45,442 | [HURN] trending (ADX 57.1) -> trend-following strategy | Signal: HOLD | Shares held: 3.0 | Last price: $158.28
2026-07-29 14:37:45,442 | [HURN] ACTION: No trade.
2026-07-29 14:37:45,469 | [LII] trending (ADX 67.6) -> trend-following strategy | Signal: HOLD | Shares held: 0.0 | Last price: $440.72
2026-07-29 14:37:45,469 | [LII] ACTION: No trade.
2026-07-29 14:37:45,498 | [LMND] trending (ADX 58.8) -> trend-following strategy | Signal: HOLD | Shares held: 0.0 | Last price: $47.19
2026-07-29 14:37:45,498 | [LMND] ACTION: No trade.
2026-07-29 14:37:45,526 | [MANH] trending (ADX 54.7) -> trend-following strategy | Signal: HOLD | Shares held: 2.0 | Last price: $210.65
2026-07-29 14:37:45,526 | [MANH] ACTION: No trade.
2026-07-29 14:37:45,553 | [NEO] trending (ADX 51.2) -> trend-following strategy | Signal: HOLD | Shares held: 0.0 | Last price: $15.37
2026-07-29 14:37:45,553 | [NEO] ACTION: No trade.
2026-07-29 14:37:45,580 | [PSN] stretched below VWAP and turning back up | Signal: BUY | Shares held: 0.0 | Last price: $37.44
2026-07-29 14:37:45,616 | [PSN] ACTION: No trade -- too volatile to protect. ATR is $1.27 (3.4% per bar) but the stop is only 5.0% away, so it sits inside the noise and would be hit at random. Needs 2.0x ATR of room.
2026-07-29 14:37:45,644 | [VFC] trending (ADX 60.6) -> trend-following strategy | Signal: HOLD | Shares held: 0.0 | Last price: $14.96
2026-07-29 14:37:45,644 | [VFC] ACTION: No trade.
2026-07-29 14:42:45,690 | SCANNER: refreshing watchlist...
2026-07-29 14:42:45,814 | SCANNER: excluded 10 leveraged/inverse ETF(s) from 26 candidate(s).
2026-07-29 14:42:47,531 | SCANNER: candidate DFNS -- +41.7% today, $34.00, liquid, 5 recent news item(s)
2026-07-29 14:42:47,531 | SCANNER: candidate PSN -- -40.2% today, $37.12, liquid, 4 recent news item(s)
2026-07-29 14:42:47,531 | SCANNER: candidate HURN -- +31.8% today, $160.01, liquid, 3 recent news item(s)
2026-07-29 14:42:47,531 | SCANNER: candidate BAND -- -29.4% today, $36.91, liquid, 2 recent news item(s)
2026-07-29 14:42:47,531 | SCANNER: candidate MANH -- +25.5% today, $211.05, liquid, 7 recent news item(s)
2026-07-29 14:42:47,531 | SCANNER: candidate LMND -- -24.4% today, $46.97, liquid, 4 recent news item(s)
2026-07-29 14:42:47,531 | SCANNER: candidate BLKB -- +21.2% today, $43.56, liquid, 3 recent news item(s)
2026-07-29 14:42:47,531 | SCANNER: candidate LII -- -19.4% today, $438.45, liquid, 2 recent news item(s)
2026-07-29 14:42:47,531 | SCANNER: candidate NEO -- +16.9% today, $15.66, liquid, 4 recent news item(s)
2026-07-29 14:42:47,531 | SCANNER: candidate CBZ -- +16.8% today, $54.53, liquid, 3 recent news item(s)
2026-07-29 14:42:47,531 | SCANNER: candidate GRMN -- +15.6% today, $293.25, liquid, 4 recent news item(s)
2026-07-29 14:42:47,531 | SCANNER: candidate EXLS -- +13.9% today, $34.77, liquid, 3 recent news item(s)
2026-07-29 14:42:47,532 | SCANNER: new watchlist -> DFNS, PSN, HURN, BAND, MANH, LMND, BLKB, LII, NEO, CBZ, GRMN, EXLS
2026-07-29 14:42:47,550 | Market is open (closes 2026-07-29 22:00:00 CEST your local time). Checking 12 symbols: BAND, BLKB, CBZ, DFNS, EXLS, GRMN, HURN, LII, LMND, MANH, NEO, PSN
2026-07-29 14:42:48,847 | [BAND] trending (ADX 26.1) -> trend-following strategy | Signal: HOLD | Shares held: 0.0 | Last price: $37.28
2026-07-29 14:42:48,847 | [BAND] ACTION: No trade.
2026-07-29 14:42:48,875 | [BLKB] trending (ADX 50.5) -> trend-following strategy | Signal: HOLD | Shares held: 11.0 | Last price: $43.29
2026-07-29 14:42:48,875 | [BLKB] ACTION: No trade.
2026-07-29 14:42:48,905 | [CBZ] trending (ADX 77.0) -> trend-following strategy | Signal: HOLD | Shares held: 0.0 | Last price: $54.52
2026-07-29 14:42:48,905 | [CBZ] ACTION: No trade.
2026-07-29 14:42:48,944 | [DFNS] choppy/sideways (ADX 18.6) -> mean-reversion strategy | Signal: HOLD | Shares held: 0.0 | Last price: $32.12
2026-07-29 14:42:48,944 | [DFNS] ACTION: No trade.
2026-07-29 14:42:48,974 | [EXLS] trending (ADX 56.5) -> trend-following strategy | Signal: HOLD | Shares held: 0.0 | Last price: $34.86
2026-07-29 14:42:48,974 | [EXLS] ACTION: No trade.
2026-07-29 14:42:49,002 | [GRMN] trending (ADX 42.1) -> trend-following strategy | Signal: HOLD | Shares held: 1.0 | Last price: $298.33
2026-07-29 14:42:49,002 | [GRMN] ACTION: No trade.
2026-07-29 14:42:49,028 | [HURN] trending (ADX 59.2) -> trend-following strategy | Signal: HOLD | Shares held: 3.0 | Last price: $159.07
2026-07-29 14:42:49,028 | [HURN] ACTION: No trade.
2026-07-29 14:42:49,057 | [LII] trending (ADX 67.8) -> trend-following strategy | Signal: HOLD | Shares held: 0.0 | Last price: $440.99
2026-07-29 14:42:49,057 | [LII] ACTION: No trade.
2026-07-29 14:42:49,088 | [LMND] trending (ADX 59.9) -> trend-following strategy | Signal: HOLD | Shares held: 0.0 | Last price: $47.30
2026-07-29 14:42:49,088 | [LMND] ACTION: No trade.
2026-07-29 14:42:49,118 | [MANH] trending (ADX 55.5) -> trend-following strategy | Signal: HOLD | Shares held: 2.0 | Last price: $211.08
2026-07-29 14:42:49,118 | [MANH] ACTION: No trade.
2026-07-29 14:42:49,147 | [NEO] trending (ADX 51.9) -> trend-following strategy | Signal: HOLD | Shares held: 0.0 | Last price: $15.52
2026-07-29 14:42:49,147 | [NEO] ACTION: No trade.
2026-07-29 14:42:49,176 | [PSN] trending (ADX 49.4) -> trend-following strategy | Signal: HOLD | Shares held: 0.0 | Last price: $37.43
2026-07-29 14:42:49,176 | [PSN] ACTION: No trade.
2026-07-29 14:47:49,247 | Market is open (closes 2026-07-29 22:00:00 CEST your local time). Checking 12 symbols: BAND, BLKB, CBZ, DFNS, EXLS, GRMN, HURN, LII, LMND, MANH, NEO, PSN
2026-07-29 14:47:50,865 | [BAND] trending (ADX 25.5) -> trend-following strategy | Signal: HOLD | Shares held: 0.0 | Last price: $37.03
2026-07-29 14:47:50,865 | [BAND] ACTION: No trade.
2026-07-29 14:47:50,892 | [BLKB] trending (ADX 51.6) -> trend-following strategy | Signal: HOLD | Shares held: 11.0 | Last price: $43.70
2026-07-29 14:47:50,893 | [BLKB] ACTION: No trade.
2026-07-29 14:47:50,920 | [CBZ] trending (ADX 77.7) -> trend-following strategy | Signal: HOLD | Shares held: 0.0 | Last price: $54.57
2026-07-29 14:47:50,920 | [CBZ] ACTION: No trade.
2026-07-29 14:47:50,958 | [DFNS] stretched below VWAP and turning back up | Signal: BUY | Shares held: 0.0 | Last price: $32.74
2026-07-29 14:47:50,967 | [DFNS] ACTION: No trade -- too volatile to protect. ATR is $2.49 (7.6% per bar) but the stop is only 5.0% away, so it sits inside the noise and would be hit at random. Needs 2.0x ATR of room.
2026-07-29 14:47:50,996 | [EXLS] trending (ADX 57.8) -> trend-following strategy | Signal: HOLD | Shares held: 0.0 | Last price: $34.70
2026-07-29 14:47:50,997 | [EXLS] ACTION: No trade.
2026-07-29 14:47:51,024 | [GRMN] trending (ADX 42.1) -> trend-following strategy | Signal: HOLD | Shares held: 1.0 | Last price: $293.95
2026-07-29 14:47:51,024 | [GRMN] ACTION: No trade.
2026-07-29 14:47:51,050 | [HURN] trending (ADX 61.1) -> trend-following strategy | Signal: HOLD | Shares held: 3.0 | Last price: $159.91
2026-07-29 14:47:51,050 | [HURN] ACTION: No trade.
2026-07-29 14:47:51,077 | [LII] trending (ADX 67.9) -> trend-following strategy | Signal: HOLD | Shares held: 0.0 | Last price: $441.26
2026-07-29 14:47:51,077 | [LII] ACTION: No trade.
2026-07-29 14:47:51,107 | [LMND] trending (ADX 60.9) -> trend-following strategy | Signal: HOLD | Shares held: 0.0 | Last price: $47.17
2026-07-29 14:47:51,107 | [LMND] ACTION: No trade.
2026-07-29 14:47:51,136 | [MANH] trending (ADX 56.3) -> trend-following strategy | Signal: HOLD | Shares held: 2.0 | Last price: $211.58
2026-07-29 14:47:51,136 | [MANH] ACTION: No trade.
2026-07-29 14:47:51,165 | [NEO] trending (ADX 53.1) -> trend-following strategy | Signal: HOLD | Shares held: 0.0 | Last price: $15.71
2026-07-29 14:47:51,165 | [NEO] ACTION: No trade.
2026-07-29 14:47:51,195 | [PSN] trending (ADX 49.7) -> trend-following strategy | Signal: HOLD | Shares held: 0.0 | Last price: $37.06
2026-07-29 14:47:51,195 | [PSN] ACTION: No trade.
2026-07-29 14:52:51,264 | Market is open (closes 2026-07-29 22:00:00 CEST your local time). Checking 12 symbols: BAND, BLKB, CBZ, DFNS, EXLS, GRMN, HURN, LII, LMND, MANH, NEO, PSN
2026-07-29 14:52:52,493 | [BAND] trending (ADX 25.2) -> trend-following strategy | Signal: HOLD | Shares held: 0.0 | Last price: $36.78
2026-07-29 14:52:52,493 | [BAND] ACTION: No trade.
2026-07-29 14:52:52,520 | [BLKB] trending (ADX 52.7) -> trend-following strategy | Signal: HOLD | Shares held: 11.0 | Last price: $43.97
2026-07-29 14:52:52,520 | [BLKB] ACTION: No trade.
2026-07-29 14:52:52,548 | [CBZ] trending (ADX 78.3) -> trend-following strategy | Signal: HOLD | Shares held: 0.0 | Last price: $54.54
2026-07-29 14:52:52,548 | [CBZ] ACTION: No trade.
2026-07-29 14:52:52,587 | [DFNS] stretched below VWAP and turning back up | Signal: BUY | Shares held: 0.0 | Last price: $34.13
2026-07-29 14:52:52,594 | [DFNS] ACTION: No trade -- too volatile to protect. ATR is $2.52 (7.6% per bar) but the stop is only 5.0% away, so it sits inside the noise and would be hit at random. Needs 2.0x ATR of room.
2026-07-29 14:52:52,623 | [EXLS] trending (ADX 58.8) -> trend-following strategy | Signal: HOLD | Shares held: 0.0 | Last price: $34.79
2026-07-29 14:52:52,623 | [EXLS] ACTION: No trade.
2026-07-29 14:52:52,650 | [GRMN] trending (ADX 41.8) -> trend-following strategy | Signal: HOLD | Shares held: 1.0 | Last price: $295.40
2026-07-29 14:52:52,650 | [GRMN] ACTION: No trade.
2026-07-29 14:52:52,675 | [HURN] trending (ADX 62.3) -> trend-following strategy | Signal: HOLD | Shares held: 3.0 | Last price: $159.68
2026-07-29 14:52:52,675 | [HURN] ACTION: No trade.
2026-07-29 14:52:52,703 | [LII] trending (ADX 68.0) -> trend-following strategy | Signal: HOLD | Shares held: 0.0 | Last price: $439.99
2026-07-29 14:52:52,703 | [LII] ACTION: No trade.
2026-07-29 14:52:52,733 | [LMND] trending (ADX 61.8) -> trend-following strategy | Signal: HOLD | Shares held: 0.0 | Last price: $47.15
2026-07-29 14:52:52,733 | [LMND] ACTION: No trade.
2026-07-29 14:52:52,761 | [MANH] trending (ADX 56.5) -> trend-following strategy | Signal: HOLD | Shares held: 2.0 | Last price: $210.90
2026-07-29 14:52:52,761 | [MANH] ACTION: No trade.
2026-07-29 14:52:52,790 | [NEO] trending (ADX 54.2) -> trend-following strategy | Signal: HOLD | Shares held: 0.0 | Last price: $15.62
2026-07-29 14:52:52,790 | [NEO] ACTION: No trade.
2026-07-29 14:52:52,817 | [PSN] stretched below VWAP and turning back up | Signal: BUY | Shares held: 0.0 | Last price: $37.14
2026-07-29 14:52:52,823 | [PSN] ACTION: No trade -- too volatile to protect. ATR is $1.15 (3.1% per bar) but the stop is only 5.0% away, so it sits inside the noise and would be hit at random. Needs 2.0x ATR of room.
2026-07-29 14:57:52,893 | Market is open (closes 2026-07-29 22:00:00 CEST your local time). Checking 12 symbols: BAND, BLKB, CBZ, DFNS, EXLS, GRMN, HURN, LII, LMND, MANH, NEO, PSN
2026-07-29 14:57:53,522 | [BAND] choppy/sideways (ADX 24.4) -> mean-reversion strategy | Signal: HOLD | Shares held: 0.0 | Last price: $37.55
2026-07-29 14:57:53,522 | [BAND] ACTION: No trade.
2026-07-29 14:57:53,549 | [BLKB] trending (ADX 53.6) -> trend-following strategy | Signal: HOLD | Shares held: 11.0 | Last price: $43.65
2026-07-29 14:57:53,549 | [BLKB] ACTION: No trade.
2026-07-29 14:57:53,576 | [CBZ] trending (ADX 78.6) -> trend-following strategy | Signal: HOLD | Shares held: 0.0 | Last price: $54.52
2026-07-29 14:57:53,576 | [CBZ] ACTION: No trade.
2026-07-29 14:57:53,614 | [DFNS] choppy/sideways (ADX 16.7) -> mean-reversion strategy | Signal: HOLD | Shares held: 0.0 | Last price: $33.29
2026-07-29 14:57:53,614 | [DFNS] ACTION: No trade.
2026-07-29 14:57:53,642 | [EXLS] trending (ADX 59.8) -> trend-following strategy | Signal: HOLD | Shares held: 0.0 | Last price: $34.84
2026-07-29 14:57:53,642 | [EXLS] ACTION: No trade.
2026-07-29 14:57:53,669 | [GRMN] trending (ADX 41.3) -> trend-following strategy | Signal: HOLD | Shares held: 1.0 | Last price: $292.52
2026-07-29 14:57:53,669 | [GRMN] ACTION: No trade.
2026-07-29 14:57:53,694 | [HURN] trending (ADX 63.4) -> trend-following strategy | Signal: HOLD | Shares held: 3.0 | Last price: $160.10
2026-07-29 14:57:53,694 | [HURN] ACTION: No trade.
2026-07-29 14:57:53,721 | [LII] trending (ADX 68.3) -> trend-following strategy | Signal: HOLD | Shares held: 0.0 | Last price: $436.29
2026-07-29 14:57:53,721 | [LII] ACTION: No trade.
2026-07-29 14:57:53,750 | [LMND] trending (ADX 62.9) -> trend-following strategy | Signal: HOLD | Shares held: 0.0 | Last price: $46.33
2026-07-29 14:57:53,750 | [LMND] ACTION: No trade.
2026-07-29 14:57:53,777 | [MANH] trending (ADX 56.7) -> trend-following strategy | Signal: HOLD | Shares held: 2.0 | Last price: $211.17
2026-07-29 14:57:53,777 | [MANH] ACTION: No trade.
2026-07-29 14:57:53,805 | [NEO] trending (ADX 55.2) -> trend-following strategy | Signal: HOLD | Shares held: 0.0 | Last price: $15.62
2026-07-29 14:57:53,805 | [NEO] ACTION: No trade.
2026-07-29 14:57:53,832 | [PSN] trending (ADX 50.0) -> trend-following strategy | Signal: HOLD | Shares held: 0.0 | Last price: $37.22
2026-07-29 14:57:53,832 | [PSN] ACTION: No trade.
2026-07-29 15:02:53,910 | Market is open (closes 2026-07-29 22:00:00 CEST your local time). Checking 12 symbols: BAND, BLKB, CBZ, DFNS, EXLS, GRMN, HURN, LII, LMND, MANH, NEO, PSN
2026-07-29 15:02:54,872 | [BAND] choppy/sideways (ADX 22.9) -> mean-reversion strategy | Signal: HOLD | Shares held: 0.0 | Last price: $38.38
2026-07-29 15:02:54,872 | [BAND] ACTION: No trade.
2026-07-29 15:02:54,899 | [BLKB] trending (ADX 54.5) -> trend-following strategy | Signal: HOLD | Shares held: 11.0 | Last price: $43.79
2026-07-29 15:02:54,899 | [BLKB] ACTION: No trade.
2026-07-29 15:02:54,927 | [CBZ] trending (ADX 78.8) -> trend-following strategy | Signal: HOLD | Shares held: 0.0 | Last price: $54.52
2026-07-29 15:02:54,927 | [CBZ] ACTION: No trade.
2026-07-29 15:02:54,966 | [DFNS] stretched below VWAP and turning back up | Signal: BUY | Shares held: 0.0 | Last price: $33.62
2026-07-29 15:02:54,972 | [DFNS] ACTION: No trade -- too volatile to protect. ATR is $2.48 (7.2% per bar) but the stop is only 5.0% away, so it sits inside the noise and would be hit at random. Needs 2.0x ATR of room.
2026-07-29 15:02:55,002 | [EXLS] trending (ADX 60.8) -> trend-following strategy | Signal: HOLD | Shares held: 0.0 | Last price: $34.92
2026-07-29 15:02:55,002 | [EXLS] ACTION: No trade.
2026-07-29 15:02:55,029 | [GRMN] trending (ADX 40.8) -> trend-following strategy | Signal: HOLD | Shares held: 1.0 | Last price: $293.63
2026-07-29 15:02:55,029 | [GRMN] ACTION: No trade.
2026-07-29 15:02:55,055 | [HURN] trending (ADX 64.4) -> trend-following strategy | Signal: HOLD | Shares held: 3.0 | Last price: $159.92
2026-07-29 15:02:55,055 | [HURN] ACTION: No trade.
2026-07-29 15:02:55,083 | [LII] trending (ADX 68.6) -> trend-following strategy | Signal: HOLD | Shares held: 0.0 | Last price: $436.27
2026-07-29 15:02:55,083 | [LII] ACTION: No trade.
2026-07-29 15:02:55,113 | [LMND] trending (ADX 63.9) -> trend-following strategy | Signal: HOLD | Shares held: 0.0 | Last price: $46.45
2026-07-29 15:02:55,113 | [LMND] ACTION: No trade.
2026-07-29 15:02:55,141 | [MANH] trending (ADX 57.0) -> trend-following strategy | Signal: HOLD | Shares held: 2.0 | Last price: $210.38
2026-07-29 15:02:55,141 | [MANH] ACTION: No trade.
2026-07-29 15:02:55,170 | [NEO] trending (ADX 56.2) -> trend-following strategy | Signal: HOLD | Shares held: 0.0 | Last price: $15.68
2026-07-29 15:02:55,170 | [NEO] ACTION: No trade.
2026-07-29 15:02:55,198 | [PSN] stretched below VWAP and turning back up | Signal: BUY | Shares held: 0.0 | Last price: $37.49
2026-07-29 15:02:55,203 | [PSN] ACTION: No trade -- too volatile to protect. ATR is $1.04 (2.8% per bar) but the stop is only 5.0% away, so it sits inside the noise and would be hit at random. Needs 2.0x ATR of room.
2026-07-29 15:07:55,273 | Market is open (closes 2026-07-29 22:00:00 CEST your local time). Checking 12 symbols: BAND, BLKB, CBZ, DFNS, EXLS, GRMN, HURN, LII, LMND, MANH, NEO, PSN
2026-07-29 15:07:56,064 | [BAND] choppy/sideways (ADX 21.3) -> mean-reversion strategy | Signal: HOLD | Shares held: 0.0 | Last price: $38.66
2026-07-29 15:07:56,064 | [BAND] ACTION: No trade.
2026-07-29 15:07:56,091 | [BLKB] trending (ADX 55.0) -> trend-following strategy | Signal: HOLD | Shares held: 11.0 | Last price: $43.50
2026-07-29 15:07:56,091 | [BLKB] ACTION: No trade.
2026-07-29 15:07:56,118 | [CBZ] trending (ADX 79.0) -> trend-following strategy | Signal: HOLD | Shares held: 0.0 | Last price: $54.52
2026-07-29 15:07:56,118 | [CBZ] ACTION: No trade.
2026-07-29 15:07:56,156 | [DFNS] stretched below VWAP and turning back up | Signal: BUY | Shares held: 0.0 | Last price: $33.99
2026-07-29 15:07:56,175 | [DFNS] ACTION: No trade -- too volatile to protect. ATR is $2.40 (6.8% per bar) but the stop is only 5.0% away, so it sits inside the noise and would be hit at random. Needs 2.0x ATR of room.
2026-07-29 15:07:56,204 | [EXLS] trending (ADX 61.7) -> trend-following strategy | Signal: HOLD | Shares held: 0.0 | Last price: $34.92
2026-07-29 15:07:56,204 | [EXLS] ACTION: No trade.
2026-07-29 15:07:56,231 | [GRMN] trending (ADX 40.5) -> trend-following strategy | Signal: HOLD | Shares held: 1.0 | Last price: $295.02
2026-07-29 15:07:56,231 | [GRMN] ACTION: No trade.
2026-07-29 15:07:56,257 | [HURN] trending (ADX 64.5) -> trend-following strategy | Signal: HOLD | Shares held: 3.0 | Last price: $159.50
2026-07-29 15:07:56,257 | [HURN] ACTION: No trade.
2026-07-29 15:07:56,283 | [LII] trending (ADX 68.9) -> trend-following strategy | Signal: HOLD | Shares held: 0.0 | Last price: $435.77
2026-07-29 15:07:56,284 | [LII] ACTION: No trade.
2026-07-29 15:07:56,313 | [LMND] trending (ADX 64.2) -> trend-following strategy | Signal: HOLD | Shares held: 0.0 | Last price: $46.85
2026-07-29 15:07:56,313 | [LMND] ACTION: No trade.
2026-07-29 15:07:56,341 | [MANH] trending (ADX 57.3) -> trend-following strategy | Signal: HOLD | Shares held: 2.0 | Last price: $211.01
2026-07-29 15:07:56,341 | [MANH] ACTION: No trade.
2026-07-29 15:07:56,368 | [NEO] trending (ADX 56.3) -> trend-following strategy | Signal: HOLD | Shares held: 0.0 | Last price: $15.70
2026-07-29 15:07:56,368 | [NEO] ACTION: No trade.
2026-07-29 15:07:56,395 | [PSN] trending (ADX 49.7) -> trend-following strategy | Signal: HOLD | Shares held: 0.0 | Last price: $37.19
2026-07-29 15:07:56,396 | [PSN] ACTION: No trade.
2026-07-29 15:12:56,444 | SCANNER: refreshing watchlist...
2026-07-29 15:12:56,508 | SCANNER: excluded 8 leveraged/inverse ETF(s) from 25 candidate(s).
2026-07-29 15:12:57,667 | SCANNER: candidate DFNS -- +40.9% today, $33.81, liquid, 5 recent news item(s)
2026-07-29 15:12:57,667 | SCANNER: candidate PSN -- -37.5% today, $38.77, liquid, 4 recent news item(s)
2026-07-29 15:12:57,667 | SCANNER: candidate HURN -- +30.4% today, $158.25, liquid, 3 recent news item(s)
2026-07-29 15:12:57,667 | SCANNER: candidate BAND -- -26.8% today, $38.26, liquid, 2 recent news item(s)
2026-07-29 15:12:57,667 | SCANNER: candidate MANH -- +26.1% today, $212.08, liquid, 7 recent news item(s)
2026-07-29 15:12:57,667 | SCANNER: candidate LMND -- -22.9% today, $47.88, liquid, 4 recent news item(s)
2026-07-29 15:12:57,667 | SCANNER: candidate BLKB -- +20.5% today, $43.30, liquid, 3 recent news item(s)
2026-07-29 15:12:57,667 | SCANNER: candidate NEO -- +17.7% today, $15.77, liquid, 4 recent news item(s)
2026-07-29 15:12:57,667 | SCANNER: candidate CBZ -- +16.7% today, $54.52, liquid, 3 recent news item(s)
2026-07-29 15:12:57,667 | SCANNER: candidate GRMN -- +16.7% today, $296.00, liquid, 4 recent news item(s)
2026-07-29 15:12:57,668 | SCANNER: candidate EXLS -- +14.4% today, $34.91, liquid, 3 recent news item(s)
2026-07-29 15:12:57,668 | SCANNER: candidate LAD -- +14.0% today, $408.50, liquid, 4 recent news item(s)
2026-07-29 15:12:57,668 | SCANNER: new watchlist -> DFNS, PSN, HURN, BAND, MANH, LMND, BLKB, NEO, CBZ, GRMN, EXLS, LAD
2026-07-29 15:12:57,692 | Market is open (closes 2026-07-29 22:00:00 CEST your local time). Checking 12 symbols: BAND, BLKB, CBZ, DFNS, EXLS, GRMN, HURN, LAD, LMND, MANH, NEO, PSN
2026-07-29 15:12:58,423 | [BAND] choppy/sideways (ADX 20.1) -> mean-reversion strategy | Signal: HOLD | Shares held: 0.0 | Last price: $38.85
2026-07-29 15:12:58,424 | [BAND] ACTION: No trade.
2026-07-29 15:12:58,450 | [BLKB] trending (ADX 55.2) -> trend-following strategy | Signal: HOLD | Shares held: 11.0 | Last price: $43.45
2026-07-29 15:12:58,450 | [BLKB] ACTION: No trade.
2026-07-29 15:12:58,477 | [CBZ] trending (ADX 79.2) -> trend-following strategy | Signal: HOLD | Shares held: 0.0 | Last price: $54.52
2026-07-29 15:12:58,477 | [CBZ] ACTION: No trade.
2026-07-29 15:12:58,515 | [DFNS] stretched below VWAP and turning back up | Signal: BUY | Shares held: 0.0 | Last price: $34.44
2026-07-29 15:12:58,522 | [DFNS] ACTION: No trade -- too volatile to protect. ATR is $2.33 (6.6% per bar) but the stop is only 5.0% away, so it sits inside the noise and would be hit at random. Needs 2.0x ATR of room.
2026-07-29 15:12:58,550 | [EXLS] trending (ADX 62.0) -> trend-following strategy | Signal: HOLD | Shares held: 0.0 | Last price: $34.79
2026-07-29 15:12:58,551 | [EXLS] ACTION: No trade.
2026-07-29 15:12:58,577 | [GRMN] trending (ADX 40.3) -> trend-following strategy | Signal: HOLD | Shares held: 1.0 | Last price: $294.05
2026-07-29 15:12:58,577 | [GRMN] ACTION: No trade.
2026-07-29 15:12:58,602 | [HURN] trending (ADX 63.0) -> trend-following strategy | Signal: HOLD | Shares held: 3.0 | Last price: $157.96
2026-07-29 15:12:58,602 | [HURN] ACTION: No trade.
2026-07-29 15:12:58,629 | [LAD] trending (ADX 41.6) -> trend-following strategy | Signal: HOLD | Shares held: 0.0 | Last price: $405.39
2026-07-29 15:12:58,629 | [LAD] ACTION: No trade.
2026-07-29 15:12:58,659 | [LMND] trending (ADX 63.3) -> trend-following strategy | Signal: HOLD | Shares held: 0.0 | Last price: $47.37
2026-07-29 15:12:58,659 | [LMND] ACTION: No trade.
2026-07-29 15:12:58,687 | [MANH] trending (ADX 57.6) -> trend-following strategy | Signal: HOLD | Shares held: 2.0 | Last price: $211.87
2026-07-29 15:12:58,687 | [MANH] ACTION: No trade.
2026-07-29 15:12:58,714 | [NEO] trending (ADX 56.5) -> trend-following strategy | Signal: HOLD | Shares held: 0.0 | Last price: $15.60
2026-07-29 15:12:58,715 | [NEO] ACTION: No trade.
2026-07-29 15:12:58,742 | [PSN] trending (ADX 49.6) -> trend-following strategy | Signal: HOLD | Shares held: 0.0 | Last price: $37.11
2026-07-29 15:12:58,742 | [PSN] ACTION: No trade.
2026-07-29 15:17:58,825 | Market is open (closes 2026-07-29 22:00:00 CEST your local time). Checking 12 symbols: BAND, BLKB, CBZ, DFNS, EXLS, GRMN, HURN, LAD, LMND, MANH, NEO, PSN
2026-07-29 15:18:00,261 | [BAND] choppy/sideways (ADX 18.8) -> mean-reversion strategy | Signal: HOLD | Shares held: 0.0 | Last price: $38.26
2026-07-29 15:18:00,261 | [BAND] ACTION: No trade.
2026-07-29 15:18:00,288 | [BLKB] trending (ADX 55.3) -> trend-following strategy | Signal: HOLD | Shares held: 11.0 | Last price: $43.58
2026-07-29 15:18:00,289 | [BLKB] ACTION: No trade.
2026-07-29 15:18:00,316 | [CBZ] trending (ADX 79.4) -> trend-following strategy | Signal: HOLD | Shares held: 0.0 | Last price: $54.52
2026-07-29 15:18:00,316 | [CBZ] ACTION: No trade.
2026-07-29 15:18:00,354 | [DFNS] choppy/sideways (ADX 17.1) -> mean-reversion strategy | Signal: HOLD | Shares held: 0.0 | Last price: $35.05
2026-07-29 15:18:00,354 | [DFNS] ACTION: No trade.
2026-07-29 15:18:00,383 | [EXLS] trending (ADX 62.3) -> trend-following strategy | Signal: HOLD | Shares held: 0.0 | Last price: $34.82
2026-07-29 15:18:00,383 | [EXLS] ACTION: No trade.
2026-07-29 15:18:00,410 | [GRMN] trending (ADX 39.9) -> trend-following strategy | Signal: HOLD | Shares held: 1.0 | Last price: $294.20
2026-07-29 15:18:00,410 | [GRMN] ACTION: No trade.
2026-07-29 15:18:00,435 | [HURN] trending (ADX 61.6) -> trend-following strategy | Signal: HOLD | Shares held: 3.0 | Last price: $157.81
2026-07-29 15:18:00,435 | [HURN] ACTION: No trade.
2026-07-29 15:18:00,462 | [LAD] trending (ADX 41.2) -> trend-following strategy | Signal: HOLD | Shares held: 0.0 | Last price: $406.01
2026-07-29 15:18:00,462 | [LAD] ACTION: No trade.
2026-07-29 15:18:00,492 | [LMND] trending (ADX 61.4) -> trend-following strategy | Signal: HOLD | Shares held: 0.0 | Last price: $47.91
2026-07-29 15:18:00,492 | [LMND] ACTION: No trade.
2026-07-29 15:18:00,520 | [MANH] trending (ADX 58.0) -> trend-following strategy | Signal: HOLD | Shares held: 2.0 | Last price: $212.72
2026-07-29 15:18:00,520 | [MANH] ACTION: No trade.
2026-07-29 15:18:00,547 | [NEO] trending (ADX 56.9) -> trend-following strategy | Signal: HOLD | Shares held: 0.0 | Last price: $15.78
2026-07-29 15:18:00,547 | [NEO] ACTION: No trade.
2026-07-29 15:18:00,574 | [PSN] stretched below VWAP and turning back up | Signal: BUY | Shares held: 0.0 | Last price: $37.71
2026-07-29 15:18:00,582 | [PSN] Buying 12 share(s) (~$462, flat $ sizing) | stop-loss $36.61 | take-profit $42.39 (fixed %)
2026-07-29 15:18:00,605 | [PSN] ACTION: BUY (order id 130215f2-a8fe-468d-8b67-25a3f5a89ae2, strategy: vwap_reversion)
2026-07-29 15:23:00,667 | Market is open (closes 2026-07-29 22:00:00 CEST your local time). Checking 12 symbols: BAND, BLKB, CBZ, DFNS, EXLS, GRMN, HURN, LAD, LMND, MANH, NEO, PSN
2026-07-29 15:23:01,598 | [BAND] choppy/sideways (ADX 17.5) -> mean-reversion strategy | Signal: HOLD | Shares held: 0.0 | Last price: $38.82
2026-07-29 15:23:01,598 | [BAND] ACTION: No trade.
2026-07-29 15:23:01,626 | [BLKB] trending (ADX 55.2) -> trend-following strategy | Signal: HOLD | Shares held: 11.0 | Last price: $43.27
2026-07-29 15:23:01,626 | [BLKB] ACTION: No trade.
2026-07-29 15:23:01,655 | [CBZ] trending (ADX 79.4) -> trend-following strategy | Signal: HOLD | Shares held: 0.0 | Last price: $54.51
2026-07-29 15:23:01,655 | [CBZ] ACTION: No trade.
2026-07-29 15:23:01,695 | [DFNS] choppy/sideways (ADX 17.6) -> mean-reversion strategy | Signal: HOLD | Shares held: 0.0 | Last price: $34.42
2026-07-29 15:23:01,695 | [DFNS] ACTION: No trade.
2026-07-29 15:23:01,725 | [EXLS] trending (ADX 62.7) -> trend-following strategy | Signal: HOLD | Shares held: 0.0 | Last price: $34.88
2026-07-29 15:23:01,725 | [EXLS] ACTION: No trade.
2026-07-29 15:23:01,755 | [GRMN] trending (ADX 39.9) -> trend-following strategy | Signal: HOLD | Shares held: 1.0 | Last price: $296.84
2026-07-29 15:23:01,755 | [GRMN] ACTION: No trade.
2026-07-29 15:23:01,782 | [HURN] trending (ADX 60.6) -> trend-following strategy | Signal: HOLD | Shares held: 3.0 | Last price: $159.05
2026-07-29 15:23:01,782 | [HURN] ACTION: No trade.
2026-07-29 15:23:01,812 | [LAD] trending (ADX 41.2) -> trend-following strategy | Signal: HOLD | Shares held: 0.0 | Last price: $407.19
2026-07-29 15:23:01,812 | [LAD] ACTION: No trade.
2026-07-29 15:23:01,842 | [LMND] trending (ADX 59.2) -> trend-following strategy | Signal: HOLD | Shares held: 0.0 | Last price: $47.96
2026-07-29 15:23:01,842 | [LMND] ACTION: No trade.
2026-07-29 15:23:01,871 | [MANH] trending (ADX 58.5) -> trend-following strategy | Signal: HOLD | Shares held: 2.0 | Last price: $212.21
2026-07-29 15:23:01,871 | [MANH] ACTION: No trade.
2026-07-29 15:23:01,899 | [NEO] trending (ADX 57.3) -> trend-following strategy | Signal: HOLD | Shares held: 0.0 | Last price: $15.81
2026-07-29 15:23:01,899 | [NEO] ACTION: No trade.
2026-07-29 15:23:01,927 | [PSN] trending (ADX 46.8) -> trend-following strategy | Signal: HOLD | Shares held: 12.0 | Last price: $38.70
2026-07-29 15:23:01,927 | [PSN] ACTION: No trade.
2026-07-29 15:28:02,057 | Market is open (closes 2026-07-29 22:00:00 CEST your local time). Checking 12 symbols: BAND, BLKB, CBZ, DFNS, EXLS, GRMN, HURN, LAD, LMND, MANH, NEO, PSN
2026-07-29 15:28:03,223 | [BAND] choppy/sideways (ADX 16.2) -> mean-reversion strategy | Signal: HOLD | Shares held: 0.0 | Last price: $38.11
2026-07-29 15:28:03,223 | [BAND] ACTION: No trade.
2026-07-29 15:28:03,252 | [BLKB] trending (ADX 55.2) -> trend-following strategy | Signal: HOLD | Shares held: 11.0 | Last price: $43.52
2026-07-29 15:28:03,252 | [BLKB] ACTION: No trade.
2026-07-29 15:28:03,281 | [CBZ] trending (ADX 79.5) -> trend-following strategy | Signal: HOLD | Shares held: 0.0 | Last price: $54.53
2026-07-29 15:28:03,281 | [CBZ] ACTION: No trade.
2026-07-29 15:28:03,320 | [DFNS] choppy/sideways (ADX 17.5) -> mean-reversion strategy | Signal: HOLD | Shares held: 0.0 | Last price: $35.17
2026-07-29 15:28:03,321 | [DFNS] ACTION: No trade.
2026-07-29 15:28:03,350 | [EXLS] trending (ADX 63.1) -> trend-following strategy | Signal: HOLD | Shares held: 0.0 | Last price: $34.99
2026-07-29 15:28:03,350 | [EXLS] ACTION: No trade.
2026-07-29 15:28:03,379 | [GRMN] trending (ADX 40.0) -> trend-following strategy | Signal: HOLD | Shares held: 1.0 | Last price: $295.94
2026-07-29 15:28:03,379 | [GRMN] ACTION: No trade.
2026-07-29 15:28:03,405 | [HURN] trending (ADX 58.8) -> trend-following strategy | Signal: HOLD | Shares held: 3.0 | Last price: $156.16
2026-07-29 15:28:03,405 | [HURN] ACTION: No trade.
2026-07-29 15:28:03,433 | [LAD] trending (ADX 41.2) -> trend-following strategy | Signal: HOLD | Shares held: 0.0 | Last price: $408.54
2026-07-29 15:28:03,433 | [LAD] ACTION: No trade.
2026-07-29 15:28:03,464 | [LMND] trending (ADX 57.0) -> trend-following strategy | Signal: HOLD | Shares held: 0.0 | Last price: $48.15
2026-07-29 15:28:03,464 | [LMND] ACTION: No trade.
2026-07-29 15:28:03,493 | [MANH] trending (ADX 56.9) -> trend-following strategy | Signal: HOLD | Shares held: 2.0 | Last price: $209.00
2026-07-29 15:28:03,493 | [MANH] ACTION: No trade.
2026-07-29 15:28:03,522 | [NEO] trending (ADX 57.7) -> trend-following strategy | Signal: HOLD | Shares held: 0.0 | Last price: $15.75
2026-07-29 15:28:03,522 | [NEO] ACTION: No trade.
2026-07-29 15:28:03,551 | [PSN] trending (ADX 44.6) -> trend-following strategy | Signal: HOLD | Shares held: 12.0 | Last price: $38.62
2026-07-29 15:28:03,551 | [PSN] ACTION: No trade.
2026-07-29 15:33:03,627 | Market is open (closes 2026-07-29 22:00:00 CEST your local time). Checking 12 symbols: BAND, BLKB, CBZ, DFNS, EXLS, GRMN, HURN, LAD, LMND, MANH, NEO, PSN
2026-07-29 15:33:04,272 | [BAND] choppy/sideways (ADX 15.1) -> mean-reversion strategy | Signal: HOLD | Shares held: 0.0 | Last price: $38.43
2026-07-29 15:33:04,272 | [BAND] ACTION: No trade.
2026-07-29 15:33:04,300 | [BLKB] trending (ADX 55.3) -> trend-following strategy | Signal: HOLD | Shares held: 11.0 | Last price: $43.55
2026-07-29 15:33:04,300 | [BLKB] ACTION: No trade.
2026-07-29 15:33:04,327 | [CBZ] trending (ADX 79.5) -> trend-following strategy | Signal: HOLD | Shares held: 0.0 | Last price: $54.55
2026-07-29 15:33:04,327 | [CBZ] ACTION: No trade.
2026-07-29 15:33:04,365 | [DFNS] choppy/sideways (ADX 17.5) -> mean-reversion strategy | Signal: HOLD | Shares held: 0.0 | Last price: $34.41
2026-07-29 15:33:04,365 | [DFNS] ACTION: No trade.
2026-07-29 15:33:04,393 | [EXLS] trending (ADX 63.6) -> trend-following strategy | Signal: HOLD | Shares held: 0.0 | Last price: $35.05
2026-07-29 15:33:04,393 | [EXLS] ACTION: No trade.
2026-07-29 15:33:04,420 | [GRMN] trending (ADX 40.1) -> trend-following strategy | Signal: HOLD | Shares held: 1.0 | Last price: $296.32
2026-07-29 15:33:04,421 | [GRMN] ACTION: No trade.
2026-07-29 15:33:04,446 | [HURN] trending (ADX 57.1) -> trend-following strategy | Signal: HOLD | Shares held: 3.0 | Last price: $158.25
2026-07-29 15:33:04,446 | [HURN] ACTION: No trade.
2026-07-29 15:33:04,473 | [LAD] trending (ADX 41.6) -> trend-following strategy | Signal: HOLD | Shares held: 0.0 | Last price: $409.83
2026-07-29 15:33:04,473 | [LAD] ACTION: No trade.
2026-07-29 15:33:04,503 | [LMND] trending (ADX 54.6) -> trend-following strategy | Signal: HOLD | Shares held: 0.0 | Last price: $48.42
2026-07-29 15:33:04,503 | [LMND] ACTION: No trade.
2026-07-29 15:33:04,531 | [MANH] trending (ADX 55.3) -> trend-following strategy | Signal: HOLD | Shares held: 2.0 | Last price: $211.17
2026-07-29 15:33:04,531 | [MANH] ACTION: No trade.
2026-07-29 15:33:04,558 | [NEO] trending (ADX 58.1) -> trend-following strategy | Signal: HOLD | Shares held: 0.0 | Last price: $15.74
2026-07-29 15:33:04,558 | [NEO] ACTION: No trade.
2026-07-29 15:33:04,586 | [PSN] trending (ADX 42.6) -> trend-following strategy | Signal: HOLD | Shares held: 12.0 | Last price: $38.57
2026-07-29 15:33:04,586 | [PSN] ACTION: No trade.
2026-07-29 15:38:04,679 | Market is open (closes 2026-07-29 22:00:00 CEST your local time). Checking 12 symbols: BAND, BLKB, CBZ, DFNS, EXLS, GRMN, HURN, LAD, LMND, MANH, NEO, PSN
2026-07-29 15:38:06,334 | [BAND] choppy/sideways (ADX 14.1) -> mean-reversion strategy | Signal: HOLD | Shares held: 0.0 | Last price: $38.18
2026-07-29 15:38:06,334 | [BAND] ACTION: No trade.
2026-07-29 15:38:06,361 | [BLKB] trending (ADX 55.7) -> trend-following strategy | Signal: HOLD | Shares held: 11.0 | Last price: $43.75
2026-07-29 15:38:06,361 | [BLKB] ACTION: No trade.
2026-07-29 15:38:06,388 | [CBZ] trending (ADX 79.7) -> trend-following strategy | Signal: HOLD | Shares held: 0.0 | Last price: $54.56
2026-07-29 15:38:06,388 | [CBZ] ACTION: No trade.
2026-07-29 15:38:06,426 | [DFNS] choppy/sideways (ADX 17.7) -> mean-reversion strategy | Signal: HOLD | Shares held: 0.0 | Last price: $35.17
2026-07-29 15:38:06,426 | [DFNS] ACTION: No trade.
2026-07-29 15:38:06,455 | [EXLS] trending (ADX 64.2) -> trend-following strategy | Signal: HOLD | Shares held: 0.0 | Last price: $35.26
2026-07-29 15:38:06,455 | [EXLS] ACTION: No trade.
2026-07-29 15:38:06,482 | [GRMN] trending (ADX 40.5) -> trend-following strategy | Signal: HOLD | Shares held: 1.0 | Last price: $298.11
2026-07-29 15:38:06,482 | [GRMN] ACTION: No trade.
2026-07-29 15:38:06,508 | [HURN] trending (ADX 55.6) -> trend-following strategy | Signal: HOLD | Shares held: 3.0 | Last price: $158.26
2026-07-29 15:38:06,508 | [HURN] ACTION: No trade.
2026-07-29 15:38:06,535 | [LAD] trending (ADX 41.9) -> trend-following strategy | Signal: HOLD | Shares held: 0.0 | Last price: $411.45
2026-07-29 15:38:06,535 | [LAD] ACTION: No trade.
2026-07-29 15:38:06,565 | [LMND] trending (ADX 52.6) -> trend-following strategy | Signal: HOLD | Shares held: 0.0 | Last price: $47.87
2026-07-29 15:38:06,565 | [LMND] ACTION: No trade.
2026-07-29 15:38:06,593 | [MANH] trending (ADX 53.7) -> trend-following strategy | Signal: HOLD | Shares held: 2.0 | Last price: $211.12
2026-07-29 15:38:06,593 | [MANH] ACTION: No trade.
2026-07-29 15:38:06,621 | [NEO] trending (ADX 57.4) -> trend-following strategy | Signal: HOLD | Shares held: 0.0 | Last price: $15.64
2026-07-29 15:38:06,621 | [NEO] ACTION: No trade.
2026-07-29 15:38:06,648 | [PSN] trending (ADX 40.9) -> trend-following strategy | Signal: HOLD | Shares held: 12.0 | Last price: $38.85
2026-07-29 15:38:06,648 | [PSN] ACTION: No trade.
2026-07-29 15:43:06,695 | SCANNER: refreshing watchlist...
2026-07-29 15:43:07,132 | SCANNER: excluded 11 leveraged/inverse ETF(s) from 28 candidate(s).
2026-07-29 15:43:07,755 | SCANNER: candidate DFNS -- +38.4% today, $33.21, liquid, 5 recent news item(s)
2026-07-29 15:43:07,755 | SCANNER: candidate PSN -- -35.6% today, $39.95, liquid, 4 recent news item(s)
2026-07-29 15:43:07,755 | SCANNER: candidate HURN -- +32.7% today, $161.02, liquid, 3 recent news item(s)
2026-07-29 15:43:07,755 | SCANNER: candidate BAND -- -29.5% today, $36.84, liquid, 2 recent news item(s)
2026-07-29 15:43:07,755 | SCANNER: candidate MANH -- +26.9% today, $213.41, liquid, 7 recent news item(s)
2026-07-29 15:43:07,755 | SCANNER: candidate LMND -- -22.2% today, $48.32, liquid, 4 recent news item(s)
2026-07-29 15:43:07,755 | SCANNER: candidate BLKB -- +19.3% today, $42.88, liquid, 3 recent news item(s)
2026-07-29 15:43:07,755 | SCANNER: candidate GRMN -- +17.2% today, $297.28, liquid, 4 recent news item(s)
2026-07-29 15:43:07,755 | SCANNER: candidate CBZ -- +16.9% today, $54.59, liquid, 3 recent news item(s)
2026-07-29 15:43:07,756 | SCANNER: candidate LAD -- +16.7% today, $418.24, liquid, 4 recent news item(s)
2026-07-29 15:43:07,756 | SCANNER: candidate NEO -- +16.3% today, $15.59, liquid, 4 recent news item(s)
2026-07-29 15:43:07,756 | SCANNER: candidate EXLS -- +16.1% today, $35.45, liquid, 3 recent news item(s)
2026-07-29 15:43:07,756 | SCANNER: new watchlist -> DFNS, PSN, HURN, BAND, MANH, LMND, BLKB, GRMN, CBZ, LAD, NEO, EXLS
2026-07-29 15:43:07,776 | Market is open (closes 2026-07-29 22:00:00 CEST your local time). Checking 12 symbols: BAND, BLKB, CBZ, DFNS, EXLS, GRMN, HURN, LAD, LMND, MANH, NEO, PSN
2026-07-29 15:43:08,514 | [BAND] choppy/sideways (ADX 14.4) -> mean-reversion strategy | Signal: HOLD | Shares held: 0.0 | Last price: $37.01
2026-07-29 15:43:08,514 | [BAND] ACTION: No trade.
2026-07-29 15:43:08,541 | [BLKB] trending (ADX 56.0) -> trend-following strategy | Signal: HOLD | Shares held: 11.0 | Last price: $43.65
2026-07-29 15:43:08,541 | [BLKB] ACTION: No trade.
2026-07-29 15:43:08,568 | [CBZ] trending (ADX 79.6) -> trend-following strategy | Signal: HOLD | Shares held: 0.0 | Last price: $54.55
2026-07-29 15:43:08,568 | [CBZ] ACTION: No trade.
2026-07-29 15:43:08,607 | [DFNS] choppy/sideways (ADX 18.4) -> mean-reversion strategy | Signal: HOLD | Shares held: 0.0 | Last price: $36.06
2026-07-29 15:43:08,607 | [DFNS] ACTION: No trade.
2026-07-29 15:43:08,636 | [EXLS] trending (ADX 64.7) -> trend-following strategy | Signal: HOLD | Shares held: 0.0 | Last price: $35.17
2026-07-29 15:43:08,636 | [EXLS] ACTION: No trade.
2026-07-29 15:43:08,663 | [GRMN] trending (ADX 40.9) -> trend-following strategy | Signal: HOLD | Shares held: 1.0 | Last price: $296.81
2026-07-29 15:43:08,663 | [GRMN] ACTION: No trade.
2026-07-29 15:43:08,689 | [HURN] trending (ADX 54.1) -> trend-following strategy | Signal: HOLD | Shares held: 3.0 | Last price: $158.20
2026-07-29 15:43:08,689 | [HURN] ACTION: No trade.
2026-07-29 15:43:08,716 | [LAD] trending (ADX 42.7) -> trend-following strategy | Signal: HOLD | Shares held: 0.0 | Last price: $414.81
2026-07-29 15:43:08,716 | [LAD] ACTION: No trade.
2026-07-29 15:43:08,746 | [LMND] trending (ADX 50.9) -> trend-following strategy | Signal: HOLD | Shares held: 0.0 | Last price: $47.98
2026-07-29 15:43:08,746 | [LMND] ACTION: No trade.
2026-07-29 15:43:08,774 | [MANH] trending (ADX 52.2) -> trend-following strategy | Signal: HOLD | Shares held: 2.0 | Last price: $210.88
2026-07-29 15:43:08,774 | [MANH] ACTION: No trade.
2026-07-29 15:43:08,801 | [NEO] trending (ADX 56.9) -> trend-following strategy | Signal: HOLD | Shares held: 0.0 | Last price: $15.78
2026-07-29 15:43:08,801 | [NEO] ACTION: No trade.
2026-07-29 15:43:08,829 | [PSN] trending (ADX 38.9) -> trend-following strategy | Signal: HOLD | Shares held: 12.0 | Last price: $38.90
2026-07-29 15:43:08,829 | [PSN] ACTION: No trade.
2026-07-29 15:48:08,890 | Market is open (closes 2026-07-29 22:00:00 CEST your local time). Checking 12 symbols: BAND, BLKB, CBZ, DFNS, EXLS, GRMN, HURN, LAD, LMND, MANH, NEO, PSN
2026-07-29 15:48:09,743 | [BAND] choppy/sideways (ADX 14.9) -> mean-reversion strategy | Signal: HOLD | Shares held: 0.0 | Last price: $36.95
2026-07-29 15:48:09,743 | [BAND] ACTION: No trade.
2026-07-29 15:48:09,771 | [BLKB] trending (ADX 53.2) -> trend-following strategy | Signal: HOLD | Shares held: 11.0 | Last price: $42.77
2026-07-29 15:48:09,771 | [BLKB] ACTION: No trade.
2026-07-29 15:48:09,800 | [CBZ] trending (ADX 79.6) -> trend-following strategy | Signal: HOLD | Shares held: 0.0 | Last price: $54.55
2026-07-29 15:48:09,800 | [CBZ] ACTION: No trade.
2026-07-29 15:48:09,840 | [DFNS] choppy/sideways (ADX 17.7) -> mean-reversion strategy | Signal: HOLD | Shares held: 0.0 | Last price: $33.50
2026-07-29 15:48:09,840 | [DFNS] ACTION: No trade.
2026-07-29 15:48:09,870 | [EXLS] trending (ADX 65.4) -> trend-following strategy | Signal: HOLD | Shares held: 0.0 | Last price: $35.33
2026-07-29 15:48:09,870 | [EXLS] ACTION: No trade.
2026-07-29 15:48:09,897 | [GRMN] trending (ADX 41.0) -> trend-following strategy | Signal: HOLD | Shares held: 1.0 | Last price: $296.66
2026-07-29 15:48:09,897 | [GRMN] ACTION: No trade.
2026-07-29 15:48:09,923 | [HURN] trending (ADX 53.4) -> trend-following strategy | Signal: HOLD | Shares held: 3.0 | Last price: $160.26
2026-07-29 15:48:09,923 | [HURN] ACTION: No trade.
2026-07-29 15:48:09,950 | [LAD] trending (ADX 43.5) -> trend-following strategy | Signal: HOLD | Shares held: 0.0 | Last price: $415.24
2026-07-29 15:48:09,950 | [LAD] ACTION: No trade.
2026-07-29 15:48:09,980 | [LMND] stretched below VWAP and turning back up | Signal: BUY | Shares held: 0.0 | Last price: $48.06
2026-07-29 15:48:09,980 | [LMND] ACTION: No trade (at MAX_CONCURRENT_POSITIONS=5 cap).
2026-07-29 15:48:10,009 | [MANH] trending (ADX 50.1) -> trend-following strategy | Signal: HOLD | Shares held: 2.0 | Last price: $209.90
2026-07-29 15:48:10,009 | [MANH] ACTION: No trade.
2026-07-29 15:48:10,038 | [NEO] trending (ADX 55.8) -> trend-following strategy | Signal: HOLD | Shares held: 0.0 | Last price: $15.60
2026-07-29 15:48:10,038 | [NEO] ACTION: No trade.
2026-07-29 15:48:10,067 | [PSN] trending (ADX 36.3) -> trend-following strategy | Signal: HOLD | Shares held: 12.0 | Last price: $39.79
2026-07-29 15:48:10,067 | [PSN] ACTION: No trade.
2026-07-29 15:53:10,641 | Market is open (closes 2026-07-29 22:00:00 CEST your local time). Checking 12 symbols: BAND, BLKB, CBZ, DFNS, EXLS, GRMN, HURN, LAD, LMND, MANH, NEO, PSN
2026-07-29 15:53:11,694 | [BAND] choppy/sideways (ADX 15.2) -> mean-reversion strategy | Signal: HOLD | Shares held: 0.0 | Last price: $36.98
2026-07-29 15:53:11,694 | [BAND] ACTION: No trade.
2026-07-29 15:53:11,721 | [BLKB] trending (ADX 50.6) -> trend-following strategy | Signal: HOLD | Shares held: 11.0 | Last price: $42.90
2026-07-29 15:53:11,721 | [BLKB] ACTION: No trade.
2026-07-29 15:53:11,748 | [CBZ] trending (ADX 79.6) -> trend-following strategy | Signal: HOLD | Shares held: 0.0 | Last price: $54.56
2026-07-29 15:53:11,748 | [CBZ] ACTION: No trade.
2026-07-29 15:53:11,787 | [DFNS] choppy/sideways (ADX 16.8) -> mean-reversion strategy | Signal: HOLD | Shares held: 0.0 | Last price: $33.05
2026-07-29 15:53:11,787 | [DFNS] ACTION: No trade.
2026-07-29 15:53:11,815 | [EXLS] trending (ADX 66.0) -> trend-following strategy | Signal: HOLD | Shares held: 0.0 | Last price: $35.41
2026-07-29 15:53:11,816 | [EXLS] ACTION: No trade.
2026-07-29 15:53:11,843 | [GRMN] trending (ADX 41.1) -> trend-following strategy | Signal: HOLD | Shares held: 1.0 | Last price: $296.76
2026-07-29 15:53:11,843 | [GRMN] ACTION: No trade.
2026-07-29 15:53:11,868 | [HURN] trending (ADX 52.8) -> trend-following strategy | Signal: HOLD | Shares held: 3.0 | Last price: $159.75
2026-07-29 15:53:11,868 | [HURN] ACTION: No trade.
2026-07-29 15:53:11,895 | [LAD] trending (ADX 44.4) -> trend-following strategy | Signal: HOLD | Shares held: 0.0 | Last price: $417.03
2026-07-29 15:53:11,895 | [LAD] ACTION: No trade.
2026-07-29 15:53:11,925 | [LMND] trending (ADX 46.5) -> trend-following strategy | Signal: HOLD | Shares held: 0.0 | Last price: $48.60
2026-07-29 15:53:11,925 | [LMND] ACTION: No trade.
2026-07-29 15:53:11,953 | [MANH] trending (ADX 48.8) -> trend-following strategy | Signal: HOLD | Shares held: 2.0 | Last price: $212.60
2026-07-29 15:53:11,953 | [MANH] ACTION: No trade.
2026-07-29 15:53:11,981 | [NEO] trending (ADX 54.9) -> trend-following strategy | Signal: HOLD | Shares held: 0.0 | Last price: $15.66
2026-07-29 15:53:11,981 | [NEO] ACTION: No trade.
2026-07-29 15:53:12,008 | [PSN] trending (ADX 33.8) -> trend-following strategy | Signal: HOLD | Shares held: 12.0 | Last price: $39.84
2026-07-29 15:53:12,008 | [PSN] ACTION: No trade.
2026-07-29 15:58:12,094 | Market is open (closes 2026-07-29 22:00:00 CEST your local time). Checking 12 symbols: BAND, BLKB, CBZ, DFNS, EXLS, GRMN, HURN, LAD, LMND, MANH, NEO, PSN
2026-07-29 15:58:12,785 | [BAND] choppy/sideways (ADX 15.7) -> mean-reversion strategy | Signal: HOLD | Shares held: 0.0 | Last price: $36.98
2026-07-29 15:58:12,785 | [BAND] ACTION: No trade.
2026-07-29 15:58:12,812 | [BLKB] trending (ADX 48.2) -> trend-following strategy | Signal: HOLD | Shares held: 11.0 | Last price: $42.83
2026-07-29 15:58:12,812 | [BLKB] ACTION: No trade.
2026-07-29 15:58:12,840 | [CBZ] trending (ADX 79.7) -> trend-following strategy | Signal: HOLD | Shares held: 0.0 | Last price: $54.63
2026-07-29 15:58:12,840 | [CBZ] ACTION: No trade.
2026-07-29 15:58:12,877 | [DFNS] stretched below VWAP and turning back up | Signal: BUY | Shares held: 0.0 | Last price: $33.71
2026-07-29 15:58:12,877 | [DFNS] ACTION: No trade (at MAX_CONCURRENT_POSITIONS=5 cap).
2026-07-29 15:58:12,906 | [EXLS] trending (ADX 66.7) -> trend-following strategy | Signal: HOLD | Shares held: 0.0 | Last price: $35.45
2026-07-29 15:58:12,907 | [EXLS] ACTION: No trade.
2026-07-29 15:58:12,934 | [GRMN] trending (ADX 41.5) -> trend-following strategy | Signal: HOLD | Shares held: 1.0 | Last price: $299.00
2026-07-29 15:58:12,934 | [GRMN] ACTION: No trade.
2026-07-29 15:58:12,959 | [HURN] trending (ADX 52.4) -> trend-following strategy | Signal: HOLD | Shares held: 3.0 | Last price: $161.44
2026-07-29 15:58:12,960 | [HURN] ACTION: No trade.
2026-07-29 15:58:12,988 | [LAD] trending (ADX 45.4) -> trend-following strategy | Signal: HOLD | Shares held: 0.0 | Last price: $418.93
2026-07-29 15:58:12,988 | [LAD] ACTION: No trade.
2026-07-29 15:58:13,018 | [LMND] trending (ADX 44.2) -> trend-following strategy | Signal: HOLD | Shares held: 0.0 | Last price: $48.38
2026-07-29 15:58:13,018 | [LMND] ACTION: No trade.
2026-07-29 15:58:13,046 | [MANH] trending (ADX 47.9) -> trend-following strategy | Signal: HOLD | Shares held: 2.0 | Last price: $212.91
2026-07-29 15:58:13,046 | [MANH] ACTION: No trade.
2026-07-29 15:58:13,074 | [NEO] trending (ADX 53.6) -> trend-following strategy | Signal: HOLD | Shares held: 0.0 | Last price: $15.60
2026-07-29 15:58:13,074 | [NEO] ACTION: No trade.
2026-07-29 15:58:13,101 | [PSN] trending (ADX 32.0) -> trend-following strategy | Signal: HOLD | Shares held: 12.0 | Last price: $40.59
2026-07-29 15:58:13,101 | [PSN] ACTION: No trade.
2026-07-29 16:03:13,185 | Market is open (closes 2026-07-29 22:00:00 CEST your local time). Checking 12 symbols: BAND, BLKB, CBZ, DFNS, EXLS, GRMN, HURN, LAD, LMND, MANH, NEO, PSN
2026-07-29 16:03:14,117 | [BAND] choppy/sideways (ADX 15.6) -> mean-reversion strategy | Signal: HOLD | Shares held: 0.0 | Last price: $37.39
2026-07-29 16:03:14,117 | [BAND] ACTION: No trade.
2026-07-29 16:03:14,144 | [BLKB] trending (ADX 45.6) -> trend-following strategy | Signal: HOLD | Shares held: 11.0 | Last price: $42.65
2026-07-29 16:03:14,144 | [BLKB] ACTION: No trade.
2026-07-29 16:03:14,174 | [CBZ] trending (ADX 80.0) -> trend-following strategy | Signal: HOLD | Shares held: 0.0 | Last price: $54.67
2026-07-29 16:03:14,174 | [CBZ] ACTION: No trade.
2026-07-29 16:03:14,212 | [DFNS] stretched below VWAP and turning back up | Signal: BUY | Shares held: 0.0 | Last price: $33.81
2026-07-29 16:03:14,212 | [DFNS] ACTION: No trade (at MAX_CONCURRENT_POSITIONS=5 cap).
2026-07-29 16:03:14,241 | [EXLS] trending (ADX 67.4) -> trend-following strategy | Signal: HOLD | Shares held: 0.0 | Last price: $35.44
2026-07-29 16:03:14,241 | [EXLS] ACTION: No trade.
2026-07-29 16:03:14,269 | [GRMN] trending (ADX 42.0) -> trend-following strategy | Signal: HOLD | Shares held: 1.0 | Last price: $297.80
2026-07-29 16:03:14,269 | [GRMN] ACTION: No trade.
2026-07-29 16:03:14,294 | [HURN] trending (ADX 52.0) -> trend-following strategy | Signal: HOLD | Shares held: 3.0 | Last price: $161.41
2026-07-29 16:03:14,294 | [HURN] ACTION: No trade.
2026-07-29 16:03:14,322 | [LAD] trending (ADX 45.2) -> trend-following strategy | Signal: HOLD | Shares held: 0.0 | Last price: $416.46
2026-07-29 16:03:14,322 | [LAD] ACTION: No trade.
2026-07-29 16:03:14,351 | [LMND] trending (ADX 41.8) -> trend-following strategy | Signal: HOLD | Shares held: 0.0 | Last price: $48.30
2026-07-29 16:03:14,352 | [LMND] ACTION: No trade.
2026-07-29 16:03:14,379 | [MANH] trending (ADX 47.0) -> trend-following strategy | Signal: HOLD | Shares held: 2.0 | Last price: $213.22
2026-07-29 16:03:14,380 | [MANH] ACTION: No trade.
2026-07-29 16:03:14,407 | [NEO] trending (ADX 52.4) -> trend-following strategy | Signal: HOLD | Shares held: 0.0 | Last price: $15.67
2026-07-29 16:03:14,407 | [NEO] ACTION: No trade.
2026-07-29 16:03:14,436 | [PSN] trending (ADX 30.4) -> trend-following strategy | Signal: HOLD | Shares held: 12.0 | Last price: $40.55
2026-07-29 16:03:14,436 | [PSN] ACTION: No trade.
2026-07-29 16:08:14,512 | Market is open (closes 2026-07-29 22:00:00 CEST your local time). Checking 12 symbols: BAND, BLKB, CBZ, DFNS, EXLS, GRMN, HURN, LAD, LMND, MANH, NEO, PSN
2026-07-29 16:08:15,042 | [BAND] choppy/sideways (ADX 15.6) -> mean-reversion strategy | Signal: HOLD | Shares held: 0.0 | Last price: $37.36
2026-07-29 16:08:15,042 | [BAND] ACTION: No trade.
2026-07-29 16:08:15,070 | [BLKB] trending (ADX 42.8) -> trend-following strategy | Signal: HOLD | Shares held: 11.0 | Last price: $42.53
2026-07-29 16:08:15,070 | [BLKB] ACTION: No trade.
2026-07-29 16:08:15,098 | [CBZ] trending (ADX 80.2) -> trend-following strategy | Signal: HOLD | Shares held: 0.0 | Last price: $54.69
2026-07-29 16:08:15,098 | [CBZ] ACTION: No trade.
2026-07-29 16:08:15,137 | [DFNS] choppy/sideways (ADX 15.2) -> mean-reversion strategy | Signal: HOLD | Shares held: 0.0 | Last price: $33.50
2026-07-29 16:08:15,138 | [DFNS] ACTION: No trade.
2026-07-29 16:08:15,168 | [EXLS] trending (ADX 68.1) -> trend-following strategy | Signal: HOLD | Shares held: 0.0 | Last price: $35.56
2026-07-29 16:08:15,168 | [EXLS] ACTION: No trade.
2026-07-29 16:08:15,220 | [GRMN] trending (ADX 41.5) -> trend-following strategy | Signal: HOLD | Shares held: 1.0 | Last price: $296.54
2026-07-29 16:08:15,220 | [GRMN] ACTION: No trade.
2026-07-29 16:08:15,246 | [HURN] trending (ADX 52.0) -> trend-following strategy | Signal: HOLD | Shares held: 3.0 | Last price: $162.66
2026-07-29 16:08:15,246 | [HURN] ACTION: No trade.
2026-07-29 16:08:15,274 | [LAD] trending (ADX 44.9) -> trend-following strategy | Signal: HOLD | Shares held: 0.0 | Last price: $416.35
2026-07-29 16:08:15,274 | [LAD] ACTION: No trade.
2026-07-29 16:08:15,305 | [LMND] trending (ADX 39.7) -> trend-following strategy | Signal: HOLD | Shares held: 0.0 | Last price: $48.32
2026-07-29 16:08:15,305 | [LMND] ACTION: No trade.
2026-07-29 16:08:15,335 | [MANH] trending (ADX 46.5) -> trend-following strategy | Signal: HOLD | Shares held: 2.0 | Last price: $213.45
2026-07-29 16:08:15,335 | [MANH] ACTION: No trade.
2026-07-29 16:08:15,363 | [NEO] trending (ADX 51.4) -> trend-following strategy | Signal: HOLD | Shares held: 0.0 | Last price: $15.66
2026-07-29 16:08:15,363 | [NEO] ACTION: No trade.
2026-07-29 16:08:15,391 | [PSN] trending (ADX 28.3) -> trend-following strategy | Signal: BUY | Shares held: 12.0 | Last price: $40.11
2026-07-29 16:08:15,391 | [PSN] ACTION: No trade.
2026-07-29 16:12:27,010 | Duration window finished.
2026-07-29 20:00:37,394 | === Adaptive Intraday Trading Bot starting (PAPER TRADING MODE) ===
2026-07-29 20:00:37,394 | Watchlist mode: AUTOMATIC SCANNER (refreshes every 0.5h, top 12 movers of 50 candidates, min price $10, max extension 50%, leveraged ETFs excluded: True, news filter: True). Fallback list: TSLA, NVDA, COIN, AMD, PLTR
2026-07-29 20:00:37,394 | Bar size: 5min | Check interval while market open: 5min
2026-07-29 20:00:37,394 | Active strategies: breakout, gap_continuation, vwap_reversion, trend_following, mean_reversion (regime-switched by ADX)
2026-07-29 20:00:37,394 | Trend strategy: EMA 9/21 crossover | Range strategy: RSI 14 (25.0/75.0) | Switched by ADX 14 (threshold 25.0)
2026-07-29 20:00:37,394 | No new entries between 210-270 min after the open (historically weak window in backtesting)
2026-07-29 20:00:37,394 | Risk management: fixed stop-loss -5% / take-profit +10% on every buy
2026-07-29 20:00:37,394 | Position sizing: flat $500 per trade
2026-07-29 20:00:37,394 | Position limits: max 5 concurrent positions | max 5.0% aggregate portfolio risk | daily loss circuit breaker at -3% (pauses new entries only)
2026-07-29 20:00:37,394 | End-of-day mode: positions will be auto-closed 10 min before market close.
2026-07-29 20:00:37,394 | Loaded saved watchlist from previous run: DFNS, PSN, HURN, BAND, MANH, LMND, BLKB, GRMN, CBZ, LAD, NEO, EXLS
2026-07-29 20:00:37,395 | Restored daily risk state from previous run: day 2026-07-29, breaker tripped: False
2026-07-29 20:00:37,395 | Running in --duration-minutes mode: cycling for 150 minutes, then exiting.
2026-07-29 20:00:37,441 | Market is closed. Next open: 2026-07-30 15:30:00 CEST (your local time) -- in 17.5 hours.
2026-07-29 20:00:37,447 | Market is closed for the day -- exiting early instead of idling.
2026-07-29 20:00:37,447 | Duration window finished.
