2026-09-29 20:00:33,791 | === Adaptive Intraday Trading Bot starting (PAPER TRADING MODE) ===
2026-09-29 20:00:33,791 | Watchlist mode: AUTOMATIC SCANNER (refreshes every 0.5h, up to 50 movers + S&P 500 backstop, 500 watchlist slots total, min price $10, max extension 20%, leveraged ETFs excluded: True, news filter: True). Fallback list: TSLA, NVDA, COIN, AMD, PLTR
2026-09-29 20:00:33,791 | Scanner minimum listing age: ON -- requires >= 100 trading days of daily bar history (real cases this catches: ALMR ~80d, EROC ~43d)
2026-09-29 20:00:33,791 | Bar size: 15min | Check interval while market open: 15min
2026-09-29 20:00:33,791 | Active strategies: gap_continuation, trend_following, mean_reversion (regime-switched by ADX)
2026-09-29 20:00:33,791 | Trend strategy: EMA 9/21 crossover | Range strategy: RSI 14 (25.0/75.0) | Switched by ADX 14 (threshold 25.0)
2026-09-29 20:00:33,791 | No new entries between 210-270 min after the open (historically weak window in backtesting)
2026-09-29 20:00:33,791 | Scanner opening-range blackout: ON -- no new scanner-pick (non-S&P-500) entries in the first 45 min after the open (real-money-confirmed, additive to the lunch-window blackout above, not a replacement for it)
2026-09-29 20:00:33,791 | Risk management: fixed stop-loss -5% / take-profit +10% on every buy
2026-09-29 20:00:33,791 | Position sizing: flat $500 per trade
2026-09-29 20:00:33,791 | Graduated conviction sizing: ON -- qualifying strategies: none yet (real evidence-gated, see strategy.py). 1 of 3 confirming signals (strategy match / ADX >= 35 / volume >= 2.5x avg) sizes at $5000; 2 or more signals sizes at up to the full remaining $25,000/day pool (volatility-based size-down always wins when a trade qualifies for both)
2026-09-29 20:00:33,791 | Position limits: max 18 concurrent positions | max 5.0% aggregate portfolio risk | daily loss circuit breaker at -3% (pauses new entries only)
2026-09-29 20:00:33,791 | Portfolio heat cap: max $2,000 aggregate $-at-risk across all open positions
2026-09-29 20:00:33,791 | Sector concentration cap: max 2 open positions per sector (new entries only; symbols with no known sector are exempt)
2026-09-29 20:00:33,791 | End-of-day mode: positions will be auto-closed 10 min before market close.
2026-09-29 20:00:33,791 | Loaded saved watchlist from previous run: NVDA, MU, META, TSLA, INTC, SNDK, AMD, MSFT, AAPL, AMZN, GOOGL, AVGO, GOOG, ORCL, BE, DELL, LITE, PLTR, MRVL, COST, STX, LLY, WDC, LRCX, TMO, JPM, MRNA, CRM, QCOM, AZO, V, CSCO, MA, GS, AMAT, CAT, MDT, DHR, WMT, JNJ, CRWD, NFLX, XOM, MRK, PANW, CVX, AKAM, BAC, BA, BRK.B, VLO, HD, GEV, TJX, ILMN, TXN, GE, WBD, DASH, UNH, ADI, HOOD, C, SMCI, AMGN, MCD, COHR, GILD, DE, KLAC, MS, ABBV, PGR, BKNG, PG, PM, LIN, NEE, DDOG, COF, NXPI, NKE, PSX, CVS, TMUS, COIN, SHW, WFC, PH, SYK, BMY, NOW, ABT, ACN, ABNB, MPC, SCHW, CB, AXP, APP, HLT, MLM, ISRG, KO, APH, CDNS, DIS, EQIX, INTU, ETN, CTAS, ALL, WELL, BLK, UNP, HUM, TT, IBM, MCK, MAR, REGN, PEP, HPE, SNPS, P, EXPE, RCL, COP, SPGI, BX, VZ, MCHP, CMI, LOW, UBER, VRT, HCA, ANET, BNY, ELV, HWM, A, ADBE, GD, CAH, JCI, CRH, HBAN, RTX, MPWR, T, GM, MRSH, KR, MMM, VRTX, GWW, SYY, AMP, ADP, AMT, IR, GLW, ICE, HON, ON, URI, AON, BSX, AME, FAST, WM, SBUX, FANG, GDDY, STT, IQV, PFE, VEEV, ACGL, ROST, XEL, PCAR, PWR, FDX, CMCSA, WAT, CL, FSLR, CME, TEL, DVN, USB, TGT, VMC, PNC, MDLZ, AJG, FERG, PYPL, COR, HONA, SO, CASY, CI, MSI, GEN, EFX, ORLY, KKR, DUK, LMT, FCX, TER, CSX, DHI, PLD, AEP, WMB, AXON, CMG, ADSK, BKR, WEC, FTNT, FITB, NTAP, LYV, TRV, UPS, CBRE, MET, YUM, NEM, EMR, EOG, CRL, TFC, MO, CIEN, KEY, PAYX, MNST, DRI, DAL, CHTR, EW, APO, MCO, SWKS, KEYS, O, NUE, CTVA, SLB, MTD, TDG, BDX, EL, VMRK, RVTY, CEG, CARR, DOV, EQT, CFG, ECL, MSCI, FIX, XYL, JBL, CVNA, EBAY, TRGP, CCL, RL, RDDT, VST, CMS, JBHT, ITW, OXY, NDAQ, COO, BIIB, ARES, F, ETR, FLEX, RF, TTWO, EXC, TSCO, LULU, LEN, ROP, UAL, PCG, DLR, ROL, WDAY, NOC, OKE, APD, CCI, D, PSA, SRE, DTE, LHX, VTR, ED, ODFL, HPQ, EXE, CNP, NI, CBOE, FOXA, CNC, GIS, BBY, AIG, PEG, MGM, WST, KMB, TECH, DG, CTSH, LH, DXCM, FISV, SW, KDP, NVR, RJF, VRSK, DLTR, FICO, AEE, KMI, CF, TPR, HIG, GEHC, OTIS, ECHO, RSG, FIS, WAB, XYZ, AFL, NRG, IBKR, ZBRA, FFIV, TDY, EME, HAL, TKO, CPRT, SPG, ZTS, DGX, NSC, IVZ, EXR, CHRW, GRMN, APA, ADM, ZBH, CPAY, OMC, LUV, AWK, PPL, ROK, HUBB, ATO, PHM, ESS, RMD, ULTA, LNT, VTRS, SYF, IDXX, VLTO, EXPD, PPG, KVUE, ES, IT, HSY, TYL, INCY, DECK, BG, ALB, PRU, CDW, WSM, GPN, LVS, MTB, WYNN, MAA, LII, IP, DOW, LYB, EIX, BAX, DPZ, CPT, SBAC, FDXF, HST, VRSN, KHC, IFF, PODD, HAS, PTC, MOS, FE, IRM, MAS, STLD, TXT, INVH, BEN, APTV, PFG, CSGP, WTW, BR, NCLH, VICI, CLX, STZ, NTRS, FDS, UHS, UDR, EVRG, WRB, TROW, BALL, GNRC, ALGN, ALLE, SJM, Q, LDOS, IEX, SWK, BRO, TSN, CHD, NWSA, FRT, AMCR, PNR, AIZ, DOC, FTV, PKG, MKC, WY, JKHY, PNW, PSKY, EG, NDSN, STE, J, KIM, DD, DVA, TRMB, HSIC, REG, HII, AVY, TPL, GL, L
2026-09-29 20:00:33,791 | Restored daily risk state from previous run: day 2026-09-28, breaker tripped: False
2026-09-29 20:00:33,791 | Restored open-position context for 2 symbol(s) from previous run.
2026-09-29 20:00:33,791 | Running in --duration-minutes mode: cycling for 150 minutes, then exiting.
2026-09-29 20:00:34,046 | Market is closed. Next open: 2026-09-30 15:30:00 CEST (your local time) -- in 17.5 hours.
2026-09-29 20:00:34,122 | Market is closed for the day -- exiting early instead of idling.
2026-09-29 20:00:34,122 | Duration window finished.
