2026-08-28 05:36:10,566 | === Adaptive Intraday Trading Bot starting (PAPER TRADING MODE) ===
2026-08-28 05:36:10,566 | Watchlist mode: AUTOMATIC SCANNER (refreshes every 0.5h, top 18 movers of 50 candidates, min price $10, max extension 20%, leveraged ETFs excluded: True, news filter: True). Fallback list: TSLA, NVDA, COIN, AMD, PLTR
2026-08-28 05:36:10,566 | Scanner minimum listing age: ON -- requires >= 100 trading days of daily bar history (real cases this catches: ALMR ~80d, EROC ~43d)
2026-08-28 05:36:10,566 | Bar size: 15min | Check interval while market open: 15min
2026-08-28 05:36:10,566 | Active strategies: breakout, gap_continuation, vwap_reversion, trend_following, mean_reversion (regime-switched by ADX)
2026-08-28 05:36:10,566 | Trend strategy: EMA 9/21 crossover | Range strategy: RSI 14 (25.0/75.0) | Switched by ADX 14 (threshold 25.0)
2026-08-28 05:36:10,566 | No new entries between 210-270 min after the open (historically weak window in backtesting)
2026-08-28 05:36:10,566 | Scanner opening-range blackout: ON -- no new scanner-pick (non-S&P-500) entries in the first 45 min after the open (real-money-confirmed, additive to the lunch-window blackout above, not a replacement for it)
2026-08-28 05:36:10,566 | Risk management: fixed stop-loss -5% / take-profit +10% on every buy
2026-08-28 05:36:10,566 | Position sizing: flat $500 per trade
2026-08-28 05:36:10,567 | Graduated conviction sizing: ON -- qualifying strategies: none yet (real evidence-gated, see strategy.py). 1 of 3 confirming signals (strategy match / ADX >= 35 / volume >= 2.5x avg) sizes at $5000; 2 or more signals sizes at up to the full remaining $25,000/day pool (volatility-based size-down always wins when a trade qualifies for both)
2026-08-28 05:36:10,567 | Position limits: max 18 concurrent positions | max 5.0% aggregate portfolio risk | daily loss circuit breaker at -3% (pauses new entries only)
2026-08-28 05:36:10,567 | Portfolio heat cap: max $2,000 aggregate $-at-risk across all open positions
2026-08-28 05:36:10,567 | Sector concentration cap: max 2 open positions per sector (new entries only; symbols with no known sector are exempt)
2026-08-28 05:36:10,567 | End-of-day mode: positions will be auto-closed 10 min before market close.
2026-08-28 05:36:10,567 | Loaded saved watchlist from previous run: GENB, BZ, NVDA, MU, SNDK, TSLA, META, AAPL, MSFT, AMD, GOOGL, INTC
2026-08-28 05:36:10,567 | Restored daily risk state from previous run: day 2026-08-26, breaker tripped: False
2026-08-28 05:36:10,567 | Restored open-position context for 2 symbol(s) from previous run.
2026-08-28 05:36:10,567 | Running in --duration-minutes mode: cycling for 150 minutes, then exiting.
2026-08-28 05:36:11,116 | Market is closed. Next open: 2026-08-28 15:30:00 CEST (your local time) -- in 7.9 hours.
2026-08-28 05:36:11,207 | Market is closed for the day -- exiting early instead of idling.
2026-08-28 05:36:11,207 | Duration window finished.
2026-08-28 05:35:44,581 | === Adaptive Intraday Trading Bot starting (PAPER TRADING MODE) ===
2026-08-28 05:35:44,581 | Watchlist mode: AUTOMATIC SCANNER (refreshes every 0.5h, top 18 movers of 50 candidates, min price $10, max extension 20%, leveraged ETFs excluded: True, news filter: True). Fallback list: TSLA, NVDA, COIN, AMD, PLTR
2026-08-28 05:35:44,581 | Scanner minimum listing age: ON -- requires >= 100 trading days of daily bar history (real cases this catches: ALMR ~80d, EROC ~43d)
2026-08-28 05:35:44,581 | Bar size: 15min | Check interval while market open: 15min
2026-08-28 05:35:44,581 | Active strategies: breakout, gap_continuation, vwap_reversion, trend_following, mean_reversion (regime-switched by ADX)
2026-08-28 05:35:44,581 | Trend strategy: EMA 9/21 crossover | Range strategy: RSI 14 (25.0/75.0) | Switched by ADX 14 (threshold 25.0)
2026-08-28 05:35:44,581 | No new entries between 210-270 min after the open (historically weak window in backtesting)
2026-08-28 05:35:44,581 | Scanner opening-range blackout: ON -- no new scanner-pick (non-S&P-500) entries in the first 45 min after the open (real-money-confirmed, additive to the lunch-window blackout above, not a replacement for it)
2026-08-28 05:35:44,581 | Risk management: fixed stop-loss -5% / take-profit +10% on every buy
2026-08-28 05:35:44,581 | Position sizing: flat $500 per trade
2026-08-28 05:35:44,581 | Graduated conviction sizing: ON -- qualifying strategies: none yet (real evidence-gated, see strategy.py). 1 of 3 confirming signals (strategy match / ADX >= 35 / volume >= 2.5x avg) sizes at $5000; 2 or more signals sizes at up to the full remaining $25,000/day pool (volatility-based size-down always wins when a trade qualifies for both)
2026-08-28 05:35:44,581 | Position limits: max 18 concurrent positions | max 5.0% aggregate portfolio risk | daily loss circuit breaker at -3% (pauses new entries only)
2026-08-28 05:35:44,581 | Portfolio heat cap: max $2,000 aggregate $-at-risk across all open positions
2026-08-28 05:35:44,581 | Sector concentration cap: max 2 open positions per sector (new entries only; symbols with no known sector are exempt)
2026-08-28 05:35:44,581 | End-of-day mode: positions will be auto-closed 10 min before market close.
2026-08-28 05:35:44,581 | Loaded saved watchlist from previous run: GENB, BZ, NVDA, MU, SNDK, TSLA, META, AAPL, MSFT, AMD, GOOGL, INTC
2026-08-28 05:35:44,582 | Restored daily risk state from previous run: day 2026-08-26, breaker tripped: False
2026-08-28 05:35:44,582 | Restored open-position context for 2 symbol(s) from previous run.
2026-08-28 05:35:44,582 | Running in --duration-minutes mode: cycling for 150 minutes, then exiting.
2026-08-28 05:35:44,710 | Market is closed. Next open: 2026-08-28 15:30:00 CEST (your local time) -- in 7.9 hours.
2026-08-28 05:35:44,737 | Market is closed for the day -- exiting early instead of idling.
2026-08-28 05:35:44,737 | Duration window finished.
2026-08-28 21:34:26,891 | === Adaptive Intraday Trading Bot starting (PAPER TRADING MODE) ===
2026-08-28 21:34:26,891 | Watchlist mode: AUTOMATIC SCANNER (refreshes every 0.5h, top 18 movers of 50 candidates, min price $10, max extension 20%, leveraged ETFs excluded: True, news filter: True). Fallback list: TSLA, NVDA, COIN, AMD, PLTR
2026-08-28 21:34:26,891 | Scanner minimum listing age: ON -- requires >= 100 trading days of daily bar history (real cases this catches: ALMR ~80d, EROC ~43d)
2026-08-28 21:34:26,891 | Bar size: 15min | Check interval while market open: 15min
2026-08-28 21:34:26,891 | Active strategies: breakout, gap_continuation, vwap_reversion, trend_following, mean_reversion (regime-switched by ADX)
2026-08-28 21:34:26,892 | Trend strategy: EMA 9/21 crossover | Range strategy: RSI 14 (25.0/75.0) | Switched by ADX 14 (threshold 25.0)
2026-08-28 21:34:26,892 | No new entries between 210-270 min after the open (historically weak window in backtesting)
2026-08-28 21:34:26,892 | Scanner opening-range blackout: ON -- no new scanner-pick (non-S&P-500) entries in the first 45 min after the open (real-money-confirmed, additive to the lunch-window blackout above, not a replacement for it)
2026-08-28 21:34:26,892 | Risk management: fixed stop-loss -5% / take-profit +10% on every buy
2026-08-28 21:34:26,892 | Position sizing: flat $500 per trade
2026-08-28 21:34:26,892 | Graduated conviction sizing: ON -- qualifying strategies: none yet (real evidence-gated, see strategy.py). 1 of 3 confirming signals (strategy match / ADX >= 35 / volume >= 2.5x avg) sizes at $5000; 2 or more signals sizes at up to the full remaining $25,000/day pool (volatility-based size-down always wins when a trade qualifies for both)
2026-08-28 21:34:26,892 | Position limits: max 18 concurrent positions | max 5.0% aggregate portfolio risk | daily loss circuit breaker at -3% (pauses new entries only)
2026-08-28 21:34:26,892 | Portfolio heat cap: max $2,000 aggregate $-at-risk across all open positions
2026-08-28 21:34:26,892 | Sector concentration cap: max 2 open positions per sector (new entries only; symbols with no known sector are exempt)
2026-08-28 21:34:26,892 | End-of-day mode: positions will be auto-closed 10 min before market close.
2026-08-28 21:34:26,892 | Loaded saved watchlist from previous run: GENB, BZ, NVDA, MU, SNDK, TSLA, META, AAPL, MSFT, AMD, GOOGL, INTC
2026-08-28 21:34:26,892 | Restored daily risk state from previous run: day 2026-08-26, breaker tripped: False
2026-08-28 21:34:26,892 | Restored open-position context for 2 symbol(s) from previous run.
2026-08-28 21:34:26,892 | Running in --duration-minutes mode: cycling for 150 minutes, then exiting.
2026-08-28 21:34:26,935 | Market is closed. Next open: 2026-08-31 15:30:00 CEST (your local time) -- in 63.9 hours.
2026-08-28 21:34:26,941 | Market is closed for the day -- exiting early instead of idling.
2026-08-28 21:34:26,941 | Duration window finished.
2026-08-29 03:19:56,911 | === Adaptive Intraday Trading Bot starting (PAPER TRADING MODE) ===
2026-08-29 03:19:56,911 | Watchlist mode: AUTOMATIC SCANNER (refreshes every 0.5h, top 18 movers of 50 candidates, min price $10, max extension 20%, leveraged ETFs excluded: True, news filter: True). Fallback list: TSLA, NVDA, COIN, AMD, PLTR
2026-08-29 03:19:56,911 | Scanner minimum listing age: ON -- requires >= 100 trading days of daily bar history (real cases this catches: ALMR ~80d, EROC ~43d)
2026-08-29 03:19:56,911 | Bar size: 15min | Check interval while market open: 15min
2026-08-29 03:19:56,911 | Active strategies: breakout, gap_continuation, vwap_reversion, trend_following, mean_reversion (regime-switched by ADX)
2026-08-29 03:19:56,911 | Trend strategy: EMA 9/21 crossover | Range strategy: RSI 14 (25.0/75.0) | Switched by ADX 14 (threshold 25.0)
2026-08-29 03:19:56,911 | No new entries between 210-270 min after the open (historically weak window in backtesting)
2026-08-29 03:19:56,911 | Scanner opening-range blackout: ON -- no new scanner-pick (non-S&P-500) entries in the first 45 min after the open (real-money-confirmed, additive to the lunch-window blackout above, not a replacement for it)
2026-08-29 03:19:56,911 | Risk management: fixed stop-loss -5% / take-profit +10% on every buy
2026-08-29 03:19:56,911 | Position sizing: flat $500 per trade
2026-08-29 03:19:56,912 | Graduated conviction sizing: ON -- qualifying strategies: none yet (real evidence-gated, see strategy.py). 1 of 3 confirming signals (strategy match / ADX >= 35 / volume >= 2.5x avg) sizes at $5000; 2 or more signals sizes at up to the full remaining $25,000/day pool (volatility-based size-down always wins when a trade qualifies for both)
2026-08-29 03:19:56,912 | Position limits: max 18 concurrent positions | max 5.0% aggregate portfolio risk | daily loss circuit breaker at -3% (pauses new entries only)
2026-08-29 03:19:56,912 | Portfolio heat cap: max $2,000 aggregate $-at-risk across all open positions
2026-08-29 03:19:56,912 | Sector concentration cap: max 2 open positions per sector (new entries only; symbols with no known sector are exempt)
2026-08-29 03:19:56,912 | End-of-day mode: positions will be auto-closed 10 min before market close.
2026-08-29 03:19:56,912 | Loaded saved watchlist from previous run: GENB, BZ, NVDA, MU, SNDK, TSLA, META, AAPL, MSFT, AMD, GOOGL, INTC
2026-08-29 03:19:56,912 | Restored daily risk state from previous run: day 2026-08-26, breaker tripped: False
2026-08-29 03:19:56,912 | Restored open-position context for 2 symbol(s) from previous run.
2026-08-29 03:19:56,912 | Running in --duration-minutes mode: cycling for 150 minutes, then exiting.
2026-08-29 03:19:57,440 | Market is closed. Next open: 2026-08-31 15:30:00 CEST (your local time) -- in 58.2 hours.
2026-08-29 03:19:57,496 | Market is closed for the day -- exiting early instead of idling.
2026-08-29 03:19:57,496 | Duration window finished.
