2026-08-19 12:20:41,199 | === Adaptive Intraday Trading Bot starting (PAPER TRADING MODE) ===
2026-08-19 12:20:41,199 | Watchlist mode: AUTOMATIC SCANNER (refreshes every 0.5h, top 18 movers of 50 candidates, min price $10, max extension 50%, leveraged ETFs excluded: True, news filter: True). Fallback list: TSLA, NVDA, COIN, AMD, PLTR
2026-08-19 12:20:41,200 | Bar size: 15min | Check interval while market open: 15min
2026-08-19 12:20:41,200 | Active strategies: breakout, gap_continuation, vwap_reversion, trend_following, mean_reversion (regime-switched by ADX)
2026-08-19 12:20:41,200 | Trend strategy: EMA 9/21 crossover | Range strategy: RSI 14 (25.0/75.0) | Switched by ADX 14 (threshold 25.0)
2026-08-19 12:20:41,200 | No new entries between 210-270 min after the open (historically weak window in backtesting)
2026-08-19 12:20:41,200 | Risk management: fixed stop-loss -5% / take-profit +10% on every buy
2026-08-19 12:20:41,200 | Position sizing: flat $500 per trade
2026-08-19 12:20:41,200 | Position limits: max 18 concurrent positions | max 5.0% aggregate portfolio risk | daily loss circuit breaker at -3% (pauses new entries only)
2026-08-19 12:20:41,200 | Portfolio heat cap: max $450 aggregate $-at-risk across all open positions
2026-08-19 12:20:41,200 | Sector concentration cap: max 2 open positions per sector (new entries only; symbols with no known sector are exempt)
2026-08-19 12:20:41,200 | End-of-day mode: positions will be auto-closed 10 min before market close.
2026-08-19 12:20:41,200 | Loaded saved watchlist from previous run: SNDK, MU, NVDA, TSLA, AAPL, AMD
2026-08-19 12:20:41,200 | Restored daily risk state from previous run: day 2026-08-18, breaker tripped: False
2026-08-19 12:20:41,200 | Restored open-position context for 1 symbol(s) from previous run.
2026-08-19 12:20:41,200 | Running in --duration-minutes mode: cycling for 150 minutes, then exiting.
2026-08-19 12:20:41,302 | Market is closed. Next open: 2026-08-19 15:30:00 CEST (your local time) -- in 1.2 hours.
2026-08-19 13:20:46,413 | Market is closed. Next open: 2026-08-19 15:30:00 CEST (your local time) -- in 0.2 hours.
2026-08-19 13:30:05,136 | Daily loss circuit breaker: tracking from starting equity $99,506.17 (limit -3%).
2026-08-19 13:30:05,136 | SCANNER: refreshing watchlist...
2026-08-19 13:30:05,678 | SCANNER: excluded 13 leveraged/inverse ETF(s) from 17 candidate(s).
2026-08-19 13:30:06,319 | SCANNER: candidate WETO -- +34.2% today, $33.00, liquid, 3 recent news item(s)
2026-08-19 13:30:06,376 | S&P 500: refreshed constituent list (503 symbols).
2026-08-19 13:31:27,635 | S&P 500 liquidity backstop -> MU, SNDK, NVDA, AAPL, AMD, TSLA
2026-08-19 13:31:27,636 | SCANNER: new watchlist -> WETO, MU, SNDK, NVDA, AAPL, AMD, TSLA
2026-08-19 13:31:27,741 | Market is open (closes 2026-08-19 22:00:00 CEST your local time). Checking 7 symbols: AAPL, AMD, MU, NVDA, SNDK, TSLA, WETO
2026-08-19 13:31:31,427 | Multi-timeframe filter: refreshed daily trend for 7 symbol(s).
2026-08-19 13:31:31,464 | [AAPL] choppy/sideways (ADX 15.4) -> mean-reversion strategy | Signal: HOLD | Shares held: 0.0 | Last price: $310.12
2026-08-19 13:31:31,464 | [AAPL] ACTION: No trade.
2026-08-19 13:31:31,498 | [AMD] choppy/sideways (ADX 14.0) -> mean-reversion strategy | Signal: HOLD | Shares held: 0.0 | Last price: $486.20
2026-08-19 13:31:31,498 | [AMD] ACTION: No trade.
2026-08-19 13:31:31,532 | [MU] choppy/sideways (ADX 18.1) -> mean-reversion strategy | Signal: HOLD | Shares held: 0.0 | Last price: $959.20
2026-08-19 13:31:31,532 | [MU] ACTION: No trade.
2026-08-19 13:31:31,566 | [NVDA] choppy/sideways (ADX 20.5) -> mean-reversion strategy | Signal: HOLD | Shares held: 0.0 | Last price: $221.67
2026-08-19 13:31:31,566 | [NVDA] ACTION: No trade.
2026-08-19 13:31:31,627 | [SNDK] choppy/sideways (ADX 24.9) -> mean-reversion strategy | Signal: HOLD | Shares held: 0.0 | Last price: $1682.75
2026-08-19 13:31:31,627 | [SNDK] ACTION: No trade.
2026-08-19 13:31:31,661 | [TSLA] choppy/sideways (ADX 20.0) -> mean-reversion strategy | Signal: HOLD | Shares held: 0.0 | Last price: $338.90
2026-08-19 13:31:31,661 | [TSLA] ACTION: No trade.
2026-08-19 13:31:31,713 | [WETO] trending (ADX 38.5) -> trend-following strategy | Signal: HOLD | Shares held: 0.0 | Last price: $21.20
2026-08-19 13:31:31,713 | [WETO] ACTION: No trade.
2026-08-19 13:46:31,863 | Market is open (closes 2026-08-19 22:00:00 CEST your local time). Checking 7 symbols: AAPL, AMD, MU, NVDA, SNDK, TSLA, WETO
2026-08-19 13:46:33,793 | [AAPL] choppy/sideways (ADX 17.4) -> mean-reversion strategy | Signal: HOLD | Shares held: 0.0 | Last price: $311.70
2026-08-19 13:46:33,793 | [AAPL] ACTION: No trade.
2026-08-19 13:46:33,828 | [AMD] choppy/sideways (ADX 15.4) -> mean-reversion strategy | Signal: HOLD | Shares held: 0.0 | Last price: $476.69
2026-08-19 13:46:33,828 | [AMD] ACTION: No trade.
2026-08-19 13:46:33,862 | [MU] choppy/sideways (ADX 18.3) -> mean-reversion strategy | Signal: HOLD | Shares held: 0.0 | Last price: $944.00
2026-08-19 13:46:33,862 | [MU] ACTION: No trade.
2026-08-19 13:46:33,896 | [NVDA] choppy/sideways (ADX 19.6) -> mean-reversion strategy | Signal: HOLD | Shares held: 0.0 | Last price: $219.98
2026-08-19 13:46:33,896 | [NVDA] ACTION: No trade.
2026-08-19 13:46:33,930 | [SNDK] choppy/sideways (ADX 23.1) -> mean-reversion strategy | Signal: HOLD | Shares held: 0.0 | Last price: $1649.25
2026-08-19 13:46:33,931 | [SNDK] ACTION: No trade.
2026-08-19 13:46:33,964 | [TSLA] choppy/sideways (ADX 22.9) -> mean-reversion strategy | Signal: SELL | Shares held: 0.0 | Last price: $340.02
2026-08-19 13:46:33,965 | [TSLA] ACTION: No trade.
2026-08-19 13:46:33,996 | [WETO] stretched below VWAP and turning back up | Signal: BUY | Shares held: 0.0 | Last price: $22.25
2026-08-19 13:46:34,034 | [WETO] ACTION: No trade -- too volatile to protect. ATR is $2.05 (9.1% per bar) but the stop is only 5.0% away, so it sits inside the noise and would be hit at random. Needs 2.0x ATR of room.
2026-08-19 14:01:34,137 | SCANNER: refreshing watchlist...
2026-08-19 14:01:34,767 | SCANNER: excluded 13 leveraged/inverse ETF(s) from 22 candidate(s).
2026-08-19 14:01:38,823 | SCANNER: candidate PFSA -- -49.0% today, $14.00, liquid, 5 recent news item(s)
2026-08-19 14:01:38,824 | SCANNER: candidate WETO -- -35.8% today, $21.20, liquid, 3 recent news item(s)
2026-08-19 14:01:38,824 | SCANNER: candidate ARCT -- +26.5% today, $10.39, liquid, 1 recent news item(s)
2026-08-19 14:01:38,824 | SCANNER: candidate WYFI -- -26.3% today, $19.96, liquid, 7 recent news item(s)
2026-08-19 14:01:38,824 | SCANNER: candidate EL -- +18.4% today, $99.76, liquid, 7 recent news item(s)
2026-08-19 14:02:39,678 | S&P 500 liquidity backstop -> MU, SNDK, NVDA, AAPL, AMD
2026-08-19 14:02:39,680 | SCANNER: new watchlist -> PFSA, WETO, ARCT, WYFI, EL, MU, SNDK, NVDA, AAPL, AMD
2026-08-19 14:02:39,719 | Market is open (closes 2026-08-19 22:00:00 CEST your local time). Checking 10 symbols: AAPL, AMD, ARCT, EL, MU, NVDA, PFSA, SNDK, WETO, WYFI
2026-08-19 14:02:44,582 | Multi-timeframe filter: refreshed daily trend for 4 symbol(s).
2026-08-19 14:02:44,617 | [AAPL] choppy/sideways (ADX 21.1) -> mean-reversion strategy | Signal: SELL | Shares held: 0.0 | Last price: $316.37
2026-08-19 14:02:44,617 | [AAPL] ACTION: No trade.
2026-08-19 14:02:44,651 | [AMD] choppy/sideways (ADX 18.1) -> mean-reversion strategy | Signal: HOLD | Shares held: 0.0 | Last price: $468.18
2026-08-19 14:02:44,651 | [AMD] ACTION: No trade.
2026-08-19 14:02:44,700 | [ARCT] trending (ADX 38.7) -> trend-following strategy | Signal: HOLD | Shares held: 0.0 | Last price: $10.41
2026-08-19 14:02:44,700 | [ARCT] ACTION: No trade.
2026-08-19 14:02:44,750 | [EL] volume-confirmed breakout above 20-bar high | Signal: BUY | Shares held: 0.0 | Last price: $99.66
2026-08-19 14:02:44,771 | [EL] Buying 5 share(s) (~$497, flat $ sizing) | stop-loss $94.49 | take-profit $109.41 (fixed %)
2026-08-19 14:02:45,879 | [EL] ACTION: BUY (order id 22642db6-45d8-4a2b-a88e-e963ee71ccc1, strategy: breakout)
2026-08-19 14:02:45,915 | [MU] choppy/sideways (ADX 19.4) -> mean-reversion strategy | Signal: HOLD | Shares held: 0.0 | Last price: $930.13
2026-08-19 14:02:45,915 | [MU] ACTION: No trade.
2026-08-19 14:02:45,949 | [NVDA] choppy/sideways (ADX 20.4) -> mean-reversion strategy | Signal: HOLD | Shares held: 0.0 | Last price: $218.68
2026-08-19 14:02:45,949 | [NVDA] ACTION: No trade.
2026-08-19 14:02:46,000 | [PFSA] choppy/sideways (ADX 19.1) -> mean-reversion strategy | Signal: HOLD | Shares held: 0.0 | Last price: $13.97
2026-08-19 14:02:46,000 | [PFSA] ACTION: No trade.
2026-08-19 14:02:46,034 | [SNDK] choppy/sideways (ADX 23.0) -> mean-reversion strategy | Signal: HOLD | Shares held: 0.0 | Last price: $1588.44
2026-08-19 14:02:46,034 | [SNDK] ACTION: No trade.
2026-08-19 14:02:46,066 | [WETO] trending (ADX 38.0) -> trend-following strategy | Signal: HOLD | Shares held: 0.0 | Last price: $21.14
2026-08-19 14:02:46,066 | [WETO] ACTION: No trade.
2026-08-19 14:02:46,118 | [WYFI] trending (ADX 31.4) -> trend-following strategy | Signal: HOLD | Shares held: 0.0 | Last price: $20.07
2026-08-19 14:02:46,118 | [WYFI] ACTION: No trade.
2026-08-19 14:17:46,296 | Market is open (closes 2026-08-19 22:00:00 CEST your local time). Checking 10 symbols: AAPL, AMD, ARCT, EL, MU, NVDA, PFSA, SNDK, WETO, WYFI
2026-08-19 14:17:50,572 | [AAPL] volume-confirmed breakout above 20-bar high | Signal: BUY | Shares held: 0.0 | Last price: $317.13
2026-08-19 14:17:50,599 | [AAPL] Buying 1 share(s) (~$317, flat $ sizing) | stop-loss $301.58 | take-profit $349.19 (fixed %)
2026-08-19 14:17:51,709 | [AAPL] ACTION: BUY (order id 90ea63f9-dc43-4448-8cbf-4cf01792ee4a, strategy: breakout)
2026-08-19 14:17:51,745 | [AMD] choppy/sideways (ADX 20.6) -> mean-reversion strategy | Signal: HOLD | Shares held: 0.0 | Last price: $463.27
2026-08-19 14:17:51,745 | [AMD] ACTION: No trade.
2026-08-19 14:17:51,774 | [ARCT] trending (ADX 38.1) -> trend-following strategy | Signal: HOLD | Shares held: 0.0 | Last price: $9.53
2026-08-19 14:17:51,774 | [ARCT] ACTION: No trade.
2026-08-19 14:17:51,804 | [EL] trending (ADX 26.0) -> trend-following strategy | Signal: HOLD | Shares held: 5.0 | Last price: $97.41
2026-08-19 14:17:51,887 | [EL] ACTION: SELL - breakout invalidation exit (close $97.41 back below entry level $98.62, order id 17eeda1d-0464-4cec-8345-ee7aeb6b7717)
2026-08-19 14:17:51,923 | [MU] choppy/sideways (ADX 20.6) -> mean-reversion strategy | Signal: HOLD | Shares held: 0.0 | Last price: $917.98
2026-08-19 14:17:51,923 | [MU] ACTION: No trade.
2026-08-19 14:17:51,957 | [NVDA] choppy/sideways (ADX 22.0) -> mean-reversion strategy | Signal: HOLD | Shares held: 0.0 | Last price: $216.93
2026-08-19 14:17:51,957 | [NVDA] ACTION: No trade.
2026-08-19 14:17:51,988 | [PFSA] choppy/sideways (ADX 19.5) -> mean-reversion strategy | Signal: HOLD | Shares held: 0.0 | Last price: $13.80
2026-08-19 14:17:51,988 | [PFSA] ACTION: No trade.
2026-08-19 14:17:52,023 | [SNDK] choppy/sideways (ADX 23.5) -> mean-reversion strategy | Signal: HOLD | Shares held: 0.0 | Last price: $1549.10
2026-08-19 14:17:52,023 | [SNDK] ACTION: No trade.
2026-08-19 14:17:52,055 | [WETO] trending (ADX 37.8) -> trend-following strategy | Signal: HOLD | Shares held: 0.0 | Last price: $20.50
2026-08-19 14:17:52,055 | [WETO] ACTION: No trade.
2026-08-19 14:17:52,088 | [WYFI] trending (ADX 31.4) -> trend-following strategy | Signal: HOLD | Shares held: 0.0 | Last price: $19.62
2026-08-19 14:17:52,088 | [WYFI] ACTION: No trade.
2026-08-19 14:32:52,309 | SCANNER: refreshing watchlist...
2026-08-19 14:32:52,618 | SCANNER: excluded 11 leveraged/inverse ETF(s) from 19 candidate(s).
2026-08-19 14:32:53,828 | SCANNER: candidate WETO -- -43.6% today, $18.61, liquid, 3 recent news item(s)
2026-08-19 14:32:53,829 | SCANNER: candidate IPST -- -33.7% today, $10.45, liquid, 2 recent news item(s)
2026-08-19 14:32:53,829 | SCANNER: candidate WYFI -- -25.7% today, $20.12, liquid, 8 recent news item(s)
2026-08-19 14:32:53,829 | SCANNER: candidate BNTX -- +22.0% today, $113.19, liquid, 1 recent news item(s)
2026-08-19 14:32:53,829 | SCANNER: candidate TWST -- +18.1% today, $137.17, liquid, 1 recent news item(s)
2026-08-19 14:33:42,388 | S&P 500 liquidity backstop -> MU, SNDK, NVDA, AAPL, AMD, MSFT
2026-08-19 14:33:42,391 | SCANNER: new watchlist -> WETO, IPST, WYFI, BNTX, TWST, MU, SNDK, NVDA, AAPL, AMD, MSFT
2026-08-19 14:33:42,476 | [EL] Position closed -- no re-entry for 60 min (guards against repeatedly buying the same falling stock).
2026-08-19 14:33:42,594 | Market is open (closes 2026-08-19 22:00:00 CEST your local time). Checking 11 symbols: AAPL, AMD, BNTX, IPST, MSFT, MU, NVDA, SNDK, TWST, WETO, WYFI
2026-08-19 14:33:44,651 | Multi-timeframe filter: refreshed daily trend for 4 symbol(s).
2026-08-19 14:33:44,686 | [AAPL] trending (ADX 27.4) -> trend-following strategy | Signal: HOLD | Shares held: 1.0 | Last price: $316.01
2026-08-19 14:33:44,753 | [AAPL] ACTION: SELL - breakout invalidation exit (close $316.01 back below entry level $316.37, order id e9055c2b-cb0b-4fa7-a209-7d7ce88a4887)
2026-08-19 14:33:44,790 | [AMD] choppy/sideways (ADX 23.0) -> mean-reversion strategy | Signal: HOLD | Shares held: 0.0 | Last price: $467.25
2026-08-19 14:33:44,790 | [AMD] ACTION: No trade.
2026-08-19 14:33:44,839 | [BNTX] trending (ADX 65.1) -> trend-following strategy | Signal: HOLD | Shares held: 0.0 | Last price: $114.03
2026-08-19 14:33:44,839 | [BNTX] ACTION: No trade.
2026-08-19 14:33:44,892 | [IPST] stretched below VWAP and turning back up | Signal: BUY | Shares held: 0.0 | Last price: $10.20
2026-08-19 14:33:44,918 | [IPST] ACTION: No trade -- too volatile to protect. ATR is $1.34 (13.8% per bar) but the stop is only 5.0% away, so it sits inside the noise and would be hit at random. Needs 2.0x ATR of room.
2026-08-19 14:33:44,953 | [MSFT] trending (ADX 30.3) -> trend-following strategy | Signal: HOLD | Shares held: 0.0 | Last price: $481.87
2026-08-19 14:33:44,954 | [MSFT] ACTION: No trade.
2026-08-19 14:33:44,989 | [MU] choppy/sideways (ADX 21.8) -> mean-reversion strategy | Signal: HOLD | Shares held: 0.0 | Last price: $926.96
2026-08-19 14:33:44,989 | [MU] ACTION: No trade.
2026-08-19 14:33:45,025 | [NVDA] choppy/sideways (ADX 23.5) -> mean-reversion strategy | Signal: HOLD | Shares held: 0.0 | Last price: $218.16
2026-08-19 14:33:45,025 | [NVDA] ACTION: No trade.
2026-08-19 14:33:45,060 | [SNDK] stretched below VWAP and turning back up | Signal: BUY | Shares held: 0.0 | Last price: $1573.56
2026-08-19 14:33:45,111 | [SNDK] Computed position size is 0 shares at $1584.58 (flat $ sizing) -- skipping this trade.
2026-08-19 14:33:45,161 | [TWST] trending (ADX 48.8) -> trend-following strategy | Signal: HOLD | Shares held: 0.0 | Last price: $135.23
2026-08-19 14:33:45,161 | [TWST] ACTION: No trade.
2026-08-19 14:33:45,193 | [WETO] trending (ADX 38.0) -> trend-following strategy | Signal: HOLD | Shares held: 0.0 | Last price: $19.27
2026-08-19 14:33:45,193 | [WETO] ACTION: No trade.
2026-08-19 14:33:45,226 | [WYFI] stretched below VWAP and turning back up | Signal: BUY | Shares held: 0.0 | Last price: $20.05
2026-08-19 14:33:45,226 | [WYFI] ACTION: No trade (multi-timeframe filter -- the prior day's daily trend isn't confirmed up).
2026-08-19 14:48:45,367 | [AAPL] Position closed -- no re-entry for 60 min (guards against repeatedly buying the same falling stock).
2026-08-19 14:48:45,417 | Market is open (closes 2026-08-19 22:00:00 CEST your local time). Checking 11 symbols: AAPL, AMD, BNTX, IPST, MSFT, MU, NVDA, SNDK, TWST, WETO, WYFI
2026-08-19 14:48:50,270 | [AAPL] trending (ADX 29.7) -> trend-following strategy | Signal: HOLD | Shares held: 0.0 | Last price: $315.87
2026-08-19 14:48:50,270 | [AAPL] ACTION: No trade.
2026-08-19 14:48:50,304 | [AMD] choppy/sideways (ADX 24.9) -> mean-reversion strategy | Signal: HOLD | Shares held: 0.0 | Last price: $467.30
2026-08-19 14:48:50,304 | [AMD] ACTION: No trade.
2026-08-19 14:48:50,332 | [BNTX] trending (ADX 66.1) -> trend-following strategy | Signal: HOLD | Shares held: 0.0 | Last price: $114.23
2026-08-19 14:48:50,332 | [BNTX] ACTION: No trade.
2026-08-19 14:48:50,361 | [IPST] stretched below VWAP and turning back up | Signal: BUY | Shares held: 0.0 | Last price: $11.07
2026-08-19 14:48:50,384 | [IPST] ACTION: No trade -- too volatile to protect. ATR is $1.35 (11.9% per bar) but the stop is only 5.0% away, so it sits inside the noise and would be hit at random. Needs 2.0x ATR of room.
2026-08-19 14:48:50,419 | [MSFT] trending (ADX 30.8) -> trend-following strategy | Signal: HOLD | Shares held: 0.0 | Last price: $482.33
2026-08-19 14:48:50,419 | [MSFT] ACTION: No trade.
2026-08-19 14:48:50,454 | [MU] choppy/sideways (ADX 21.7) -> mean-reversion strategy | Signal: HOLD | Shares held: 0.0 | Last price: $932.15
2026-08-19 14:48:50,454 | [MU] ACTION: No trade.
2026-08-19 14:48:50,488 | [NVDA] choppy/sideways (ADX 22.9) -> mean-reversion strategy | Signal: HOLD | Shares held: 0.0 | Last price: $219.38
2026-08-19 14:48:50,488 | [NVDA] ACTION: No trade.
2026-08-19 14:48:50,522 | [SNDK] stretched below VWAP and turning back up | Signal: BUY | Shares held: 0.0 | Last price: $1587.04
2026-08-19 14:48:50,553 | [SNDK] Computed position size is 0 shares at $1567.05 (flat $ sizing) -- skipping this trade.
2026-08-19 14:48:50,583 | [TWST] trending (ADX 51.1) -> trend-following strategy | Signal: HOLD | Shares held: 0.0 | Last price: $140.13
2026-08-19 14:48:50,583 | [TWST] ACTION: No trade.
2026-08-19 14:48:50,615 | [WETO] trending (ADX 38.5) -> trend-following strategy | Signal: HOLD | Shares held: 0.0 | Last price: $19.10
2026-08-19 14:48:50,615 | [WETO] ACTION: No trade.
2026-08-19 14:48:50,648 | [WYFI] trending (ADX 30.0) -> trend-following strategy | Signal: HOLD | Shares held: 0.0 | Last price: $20.27
2026-08-19 14:48:50,648 | [WYFI] ACTION: No trade.
2026-08-19 14:50:41,201 | Duration window finished.
