2026-10-08 20:00:27,697 | === Adaptive Intraday Trading Bot starting (PAPER TRADING MODE) ===
2026-10-08 20:00:27,697 | Watchlist mode: AUTOMATIC SCANNER (refreshes every 0.5h, up to 50 movers + S&P 500 backstop, 500 watchlist slots total, min price $10, max extension 20%, leveraged ETFs excluded: True, news filter: True). Fallback list: TSLA, NVDA, COIN, AMD, PLTR
2026-10-08 20:00:27,697 | Scanner minimum listing age: ON -- requires >= 100 trading days of daily bar history (real cases this catches: ALMR ~80d, EROC ~43d)
2026-10-08 20:00:27,697 | Bar size: 15min | Check interval while market open: 15min
2026-10-08 20:00:27,697 | Active strategies: gap_continuation, trend_following, mean_reversion (regime-switched by ADX)
2026-10-08 20:00:27,697 | Trend strategy: EMA 9/21 crossover | Range strategy: RSI 14 (25.0/75.0) | Switched by ADX 14 (threshold 25.0)
2026-10-08 20:00:27,697 | No new entries between 210-270 min after the open (historically weak window in backtesting)
2026-10-08 20:00:27,697 | Scanner opening-range blackout: ON -- no new scanner-pick (non-S&P-500) entries in the first 45 min after the open (real-money-confirmed, additive to the lunch-window blackout above, not a replacement for it)
2026-10-08 20:00:27,697 | Risk management: fixed stop-loss -5% / take-profit +10% on every buy
2026-10-08 20:00:27,697 | Position sizing: flat $500 per trade
2026-10-08 20:00:27,697 | Graduated conviction sizing: ON -- qualifying strategies: none yet (real evidence-gated, see strategy.py). 1 of 3 confirming signals (strategy match / ADX >= 35 / volume >= 2.5x avg) sizes at $5000; 2 or more signals sizes at up to the full remaining $25,000/day pool (volatility-based size-down always wins when a trade qualifies for both)
2026-10-08 20:00:27,697 | Position limits: max 18 concurrent positions | max 5.0% aggregate portfolio risk | daily loss circuit breaker at -3% (pauses new entries only)
2026-10-08 20:00:27,697 | Portfolio heat cap: max $2,000 aggregate $-at-risk across all open positions
2026-10-08 20:00:27,697 | Sector concentration cap: max 2 open positions per sector (new entries only; symbols with no known sector are exempt)
2026-10-08 20:00:27,697 | End-of-day mode: positions will be auto-closed 10 min before market close.
2026-10-08 20:00:27,698 | Loaded saved watchlist from previous run: MU, NVDA, TSLA, SNDK, AMD, WBD, MSFT, AAPL, INTC, META, AMZN, AVGO, MRVL, GOOGL, MDT, STX, WDC, GOOG, PTC, LITE, MRNA, PLTR, LLY, ORCL, DELL, ABBV, BE, TMO, JNJ, CAT, LRCX, CEG, GEV, AMAT, PANW, COST, NFLX, MA, XOM, JPM, SWKS, UNH, VST, GS, WMT, CSCO, LIN, HOOD, V, TJX, BRK.B, COHR, CRWD, PG, CIEN, NKE, QCOM, TXN, AMGN, BAC, MRK, ILMN, CVX, PM, CRM, SNPS, TT, DHR, KLAC, GE, KO, APP, UNP, MCK, ACN, CVS, HUM, ADI, MS, PEP, COF, MPC, HD, ABT, VLO, BA, GILD, C, WFC, ANET, SYK, HPE, AZO, IBM, MCD, NEE, SMCI, BMY, COIN, PWR, BLK, ETN, DE, PGR, CB, BKNG, TMUS, GLW, CTVA, NOW, VRT, COP, NTAP, SO, VZ, RTX, DHI, INTU, CDNS, TGT, ROST, CHRW, HWM, SBUX, WELL, PEG, ORLY, JCI, PNC, SPGI, AXP, MPWR, ADBE, HCA, TER, FANG, DASH, UBER, APH, DIS, FICO, NXPI, REGN, CMI, ISRG, URI, WMB, SHW, ABNB, EMR, XEL, ON, PSX, ADP, FIX, SCHW, NOC, WM, MRSH, DDOG, FTNT, ADSK, EQIX, T, HLT, RCL, VRTX, MSI, PLD, TFC, CL, VTR, MMM, WAT, FCX, HON, MAR, SLB, GD, MDLZ, GM, EOG, AMT, CRL, ECHO, AEP, DAL, DUK, BNY, ALL, VRSN, MET, CASY, KKR, USB, CI, PFE, PH, LOW, KEYS, IR, CME, HBAN, P, TDG, TRGP, EXPE, BDX, TSCO, ELV, MCO, FDX, CAH, YUM, CRH, AIG, LYV, BX, STZ, AON, UAL, MCHP, APO, BSX, ITW, IQV, MLM, NUE, CSX, LMT, AXON, ECL, DLR, RDDT, A, ODFL, FITB, VMRK, ICE, MO, STT, IDXX, CMG, SYY, KR, AEE, GWW, PCAR, NRG, CMCSA, CNP, AME, RVTY, TRV, TEL, CBRE, WDAY, DVN, FOXA, NEM, LEN, CMS, MNST, EXC, KMI, KEY, TPR, HONA, ED, AWK, EME, WSM, COR, MTD, APD, AMP, PSA, EFX, EBAY, FAST, OTIS, CFG, AJG, EW, TTWO, MSCI, DGX, VEEV, WEC, ROK, ETR, FERG, NDAQ, NVR, CCL, RSG, PODD, BBY, UPS, RF, SPG, OKE, CBOE, CHTR, KDP, WAB, OXY, KMB, LULU, IBKR, CTSH, BKR, FLEX, VMC, XYL, PYPL, EQT, PCG, JBL, CTAS, SRE, PAYX, HIG, CNC, ROP, DXCM, LHX, CF, BIIB, ACGL, INCY, LH, CARR, GEHC, EIX, ARES, ZTS, HUBB, D, DTE, DLTR, EXPD, DG, CVNA, DRI, HPQ, FFIV, NSC, MTB, F, STLD, RMD, GEN, HSY, GIS, COO, PHM, KHC, CCI, CPAY, DPZ, NI, HAL, AKAM, AFL, ADM, ROL, CPRT, PPL, EXR, FE, WRB, FSLR, XYZ, TECH, EL, DECK, GRMN, NCLH, EXE, LNT, KVUE, FTV, WST, LUV, ZBH, Q, LYB, NTRS, PRU, ZBRA, ULTA, HST, FDS, TKO, RL, TROW, PPG, O, IRM, IFF, VLTO, PFG, BG, HAS, ALLE, IP, CHD, ES, GNRC, JBHT, LII, RJF, FIS, OMC, VRSK, MAA, IEX, SBAC, PNW, GPN, BAX, FISV, STE, EVRG, ATO, DOV, DOW, TSN, LDOS, MKC, SYF, SW, ALB, WY, ALGN, HII, TXT, INVH, GDDY, TRMB, CLX, BEN, TYL, EG, WTW, ESS, LVS, HSIC, BALL, FDXF, APA, UDR, AVY, MAS, SWK, CDW, BRO, AMCR, AES, PNR, IT, NDSN, TDY, IVZ, CSGP, WYNN, SJM, MOS, PKG, VICI, DOC, TPL, KIM, APTV, NWSA, J, VTRS, MGM, SNA, JKHY, DD, AIZ, GPC, CPT, L, REG, BR, ARE, UHS
2026-10-08 20:00:27,698 | Restored daily risk state from previous run: day 2026-10-07, breaker tripped: False
2026-10-08 20:00:27,698 | Restored open-position context for 2 symbol(s) from previous run.
2026-10-08 20:00:27,698 | Running in --duration-minutes mode: cycling for 150 minutes, then exiting.
2026-10-08 20:00:27,909 | Market is closed. Next open: 2026-10-09 15:30:00 CEST (your local time) -- in 17.5 hours.
2026-10-08 20:00:27,969 | Market is closed for the day -- exiting early instead of idling.
2026-10-08 20:00:27,969 | Duration window finished.
