2026-08-03 16:42:34,770 | === Adaptive Intraday Trading Bot starting (PAPER TRADING MODE) ===
2026-08-03 16:42:34,770 | Watchlist mode: AUTOMATIC SCANNER (refreshes every 0.5h, top 18 movers of 50 candidates, min price $10, max extension 50%, leveraged ETFs excluded: True, news filter: True). Fallback list: TSLA, NVDA, COIN, AMD, PLTR
2026-08-03 16:42:34,770 | Bar size: 15min | Check interval while market open: 15min
2026-08-03 16:42:34,770 | Active strategies: breakout, gap_continuation, vwap_reversion, trend_following, mean_reversion (regime-switched by ADX)
2026-08-03 16:42:34,770 | Trend strategy: EMA 9/21 crossover | Range strategy: RSI 14 (25.0/75.0) | Switched by ADX 14 (threshold 25.0)
2026-08-03 16:42:34,770 | No new entries between 210-270 min after the open (historically weak window in backtesting)
2026-08-03 16:42:34,770 | Risk management: fixed stop-loss -5% / take-profit +10% on every buy
2026-08-03 16:42:34,770 | Position sizing: flat $500 per trade
2026-08-03 16:42:34,770 | Position limits: max 5 concurrent positions | max 5.0% aggregate portfolio risk | daily loss circuit breaker at -3% (pauses new entries only)
2026-08-03 16:42:34,770 | End-of-day mode: positions will be auto-closed 10 min before market close.
2026-08-03 16:42:34,771 | Loaded saved watchlist from previous run: IESC, AXTI, GLUE, RBLX, FET, ITGR, MU, SNDK, NVDA, MSFT
2026-08-03 16:42:34,771 | Restored daily risk state from previous run: day 2026-07-31, breaker tripped: False
2026-08-03 16:42:34,771 | Running in --duration-minutes mode: cycling for 150 minutes, then exiting.
2026-08-03 16:42:34,889 | Daily loss circuit breaker: tracking from starting equity $99,816.87 (limit -3%).
2026-08-03 16:42:34,890 | SCANNER: refreshing watchlist...
2026-08-03 16:42:35,326 | SCANNER: excluded 11 leveraged/inverse ETF(s) from 13 candidate(s).
2026-08-03 16:42:35,528 | SCANNER: candidate ATKR -- +28.2% today, $93.50, liquid, 8 recent news item(s)
2026-08-03 16:42:35,528 | SCANNER: candidate INHD -- -25.1% today, $13.49, liquid, 1 recent news item(s)
2026-08-03 16:42:35,590 | S&P 500: refreshed constituent list (503 symbols).
2026-08-03 16:42:51,007 | S&P 500 liquidity backstop -> MU, MSFT, AAPL, NVDA, AMZN, SNDK
2026-08-03 16:42:51,009 | SCANNER: new watchlist -> ATKR, INHD, MU, MSFT, AAPL, NVDA, AMZN, SNDK
2026-08-03 16:42:51,064 | Market is open (closes 2026-08-03 22:00:00 CEST your local time). Checking 8 symbols: AAPL, AMZN, ATKR, INHD, MSFT, MU, NVDA, SNDK
2026-08-03 16:42:51,709 | Multi-timeframe filter: refreshed daily trend for 8 symbol(s).
2026-08-03 16:42:51,732 | [AAPL] trending (ADX 37.4) -> trend-following strategy | Signal: HOLD | Shares held: 0.0 | Last price: $306.36
2026-08-03 16:42:51,732 | [AAPL] ACTION: No trade.
2026-08-03 16:42:51,753 | [AMZN] trending (ADX 31.9) -> trend-following strategy | Signal: HOLD | Shares held: 0.0 | Last price: $284.50
2026-08-03 16:42:51,753 | [AMZN] ACTION: No trade.
2026-08-03 16:42:51,770 | [ATKR] trending (ADX 80.4) -> trend-following strategy | Signal: HOLD | Shares held: 0.0 | Last price: $93.52
2026-08-03 16:42:51,770 | [ATKR] ACTION: No trade.
2026-08-03 16:42:51,784 | [INHD] choppy/sideways (ADX 8.6) -> mean-reversion strategy | Signal: HOLD | Shares held: 0.0 | Last price: $13.85
2026-08-03 16:42:51,784 | [INHD] ACTION: No trade.
2026-08-03 16:42:51,805 | [MSFT] trending (ADX 55.0) -> trend-following strategy | Signal: HOLD | Shares held: 1.0 | Last price: $487.52
2026-08-03 16:42:51,805 | [MSFT] ACTION: No trade.
2026-08-03 16:42:51,825 | [MU] choppy/sideways (ADX 19.4) -> mean-reversion strategy | Signal: HOLD | Shares held: 0.0 | Last price: $819.87
2026-08-03 16:42:51,826 | [MU] ACTION: No trade.
2026-08-03 16:42:51,846 | [NVDA] trending (ADX 34.6) -> trend-following strategy | Signal: HOLD | Shares held: 2.0 | Last price: $207.09
2026-08-03 16:42:51,846 | [NVDA] ACTION: No trade.
2026-08-03 16:42:51,867 | [SNDK] trending (ADX 31.3) -> trend-following strategy | Signal: HOLD | Shares held: 0.0 | Last price: $1276.37
2026-08-03 16:42:51,867 | [SNDK] ACTION: No trade.
2026-08-03 16:57:52,042 | Market is open (closes 2026-08-03 22:00:00 CEST your local time). Checking 8 symbols: AAPL, AMZN, ATKR, INHD, MSFT, MU, NVDA, SNDK
2026-08-03 16:57:52,569 | [AAPL] trending (ADX 34.9) -> trend-following strategy | Signal: HOLD | Shares held: 0.0 | Last price: $306.66
2026-08-03 16:57:52,569 | [AAPL] ACTION: No trade.
2026-08-03 16:57:52,590 | [AMZN] trending (ADX 31.3) -> trend-following strategy | Signal: HOLD | Shares held: 0.0 | Last price: $284.95
2026-08-03 16:57:52,590 | [AMZN] ACTION: No trade.
2026-08-03 16:57:52,607 | [ATKR] trending (ADX 80.6) -> trend-following strategy | Signal: HOLD | Shares held: 0.0 | Last price: $93.50
2026-08-03 16:57:52,607 | [ATKR] ACTION: No trade.
2026-08-03 16:57:52,621 | [INHD] choppy/sideways (ADX 8.3) -> mean-reversion strategy | Signal: HOLD | Shares held: 0.0 | Last price: $13.31
2026-08-03 16:57:52,621 | [INHD] ACTION: No trade.
2026-08-03 16:57:52,643 | [MSFT] trending (ADX 53.8) -> trend-following strategy | Signal: HOLD | Shares held: 1.0 | Last price: $489.20
2026-08-03 16:57:52,644 | [MSFT] ACTION: No trade.
2026-08-03 16:57:52,664 | [MU] choppy/sideways (ADX 19.4) -> mean-reversion strategy | Signal: HOLD | Shares held: 0.0 | Last price: $821.00
2026-08-03 16:57:52,664 | [MU] ACTION: No trade.
2026-08-03 16:57:52,685 | [NVDA] trending (ADX 35.3) -> trend-following strategy | Signal: HOLD | Shares held: 2.0 | Last price: $207.09
2026-08-03 16:57:52,685 | [NVDA] ACTION: No trade.
2026-08-03 16:57:52,706 | [SNDK] trending (ADX 32.3) -> trend-following strategy | Signal: HOLD | Shares held: 0.0 | Last price: $1280.27
2026-08-03 16:57:52,706 | [SNDK] ACTION: No trade.
2026-08-03 17:12:52,832 | SCANNER: refreshing watchlist...
2026-08-03 17:12:52,983 | SCANNER: excluded 11 leveraged/inverse ETF(s) from 13 candidate(s).
2026-08-03 17:12:53,233 | SCANNER: candidate ATKR -- +28.2% today, $93.52, liquid, 9 recent news item(s)
2026-08-03 17:12:53,233 | SCANNER: candidate INHD -- -25.2% today, $13.46, liquid, 1 recent news item(s)
2026-08-03 17:13:15,156 | S&P 500 liquidity backstop -> MU, MSFT, AAPL, NVDA, AMZN, SNDK
2026-08-03 17:13:15,158 | SCANNER: new watchlist -> ATKR, INHD, MU, MSFT, AAPL, NVDA, AMZN, SNDK
2026-08-03 17:13:15,209 | Market is open (closes 2026-08-03 22:00:00 CEST your local time). Checking 8 symbols: AAPL, AMZN, ATKR, INHD, MSFT, MU, NVDA, SNDK
2026-08-03 17:13:15,876 | [AAPL] trending (ADX 32.6) -> trend-following strategy | Signal: HOLD | Shares held: 0.0 | Last price: $306.61
2026-08-03 17:13:15,876 | [AAPL] ACTION: No trade.
2026-08-03 17:13:15,896 | [AMZN] trending (ADX 30.9) -> trend-following strategy | Signal: HOLD | Shares held: 0.0 | Last price: $284.68
2026-08-03 17:13:15,896 | [AMZN] ACTION: No trade.
2026-08-03 17:13:15,913 | [ATKR] trending (ADX 80.7) -> trend-following strategy | Signal: HOLD | Shares held: 0.0 | Last price: $93.52
2026-08-03 17:13:15,913 | [ATKR] ACTION: No trade.
2026-08-03 17:13:15,927 | [INHD] choppy/sideways (ADX 7.8) -> mean-reversion strategy | Signal: HOLD | Shares held: 0.0 | Last price: $13.77
2026-08-03 17:13:15,927 | [INHD] ACTION: No trade.
2026-08-03 17:13:15,948 | [MSFT] trending (ADX 52.7) -> trend-following strategy | Signal: HOLD | Shares held: 1.0 | Last price: $488.86
2026-08-03 17:13:15,948 | [MSFT] ACTION: No trade.
2026-08-03 17:13:15,968 | [MU] choppy/sideways (ADX 19.6) -> mean-reversion strategy | Signal: HOLD | Shares held: 0.0 | Last price: $817.95
2026-08-03 17:13:15,968 | [MU] ACTION: No trade.
2026-08-03 17:13:15,989 | [NVDA] trending (ADX 36.1) -> trend-following strategy | Signal: HOLD | Shares held: 2.0 | Last price: $206.90
2026-08-03 17:13:15,989 | [NVDA] ACTION: No trade.
2026-08-03 17:13:16,010 | [SNDK] trending (ADX 33.4) -> trend-following strategy | Signal: HOLD | Shares held: 0.0 | Last price: $1275.01
2026-08-03 17:13:16,010 | [SNDK] ACTION: No trade.
2026-08-03 17:28:16,191 | Market is open (closes 2026-08-03 22:00:00 CEST your local time). Checking 8 symbols: AAPL, AMZN, ATKR, INHD, MSFT, MU, NVDA, SNDK
2026-08-03 17:28:17,032 | [AAPL] trending (ADX 30.3) -> trend-following strategy | Signal: HOLD | Shares held: 0.0 | Last price: $306.70
2026-08-03 17:28:17,032 | [AAPL] ACTION: No trade.
2026-08-03 17:28:17,053 | [AMZN] trending (ADX 30.1) -> trend-following strategy | Signal: HOLD | Shares held: 0.0 | Last price: $283.89
2026-08-03 17:28:17,053 | [AMZN] ACTION: No trade.
2026-08-03 17:28:17,069 | [ATKR] trending (ADX 80.9) -> trend-following strategy | Signal: HOLD | Shares held: 0.0 | Last price: $93.52
2026-08-03 17:28:17,069 | [ATKR] ACTION: No trade.
2026-08-03 17:28:17,083 | [INHD] choppy/sideways (ADX 7.3) -> mean-reversion strategy | Signal: HOLD | Shares held: 0.0 | Last price: $13.75
2026-08-03 17:28:17,084 | [INHD] ACTION: No trade.
2026-08-03 17:28:17,104 | [MSFT] trending (ADX 51.5) -> trend-following strategy | Signal: HOLD | Shares held: 1.0 | Last price: $488.06
2026-08-03 17:28:17,104 | [MSFT] ACTION: No trade.
2026-08-03 17:28:17,124 | [MU] choppy/sideways (ADX 19.8) -> mean-reversion strategy | Signal: HOLD | Shares held: 0.0 | Last price: $824.62
2026-08-03 17:28:17,124 | [MU] ACTION: No trade.
2026-08-03 17:28:17,144 | [NVDA] trending (ADX 37.0) -> trend-following strategy | Signal: HOLD | Shares held: 2.0 | Last price: $207.53
2026-08-03 17:28:17,144 | [NVDA] ACTION: No trade.
2026-08-03 17:28:17,165 | [SNDK] trending (ADX 34.0) -> trend-following strategy | Signal: HOLD | Shares held: 0.0 | Last price: $1284.67
2026-08-03 17:28:17,165 | [SNDK] ACTION: No trade.
2026-08-03 17:43:17,611 | SCANNER: refreshing watchlist...
2026-08-03 17:43:17,857 | SCANNER: excluded 14 leveraged/inverse ETF(s) from 17 candidate(s).
2026-08-03 17:43:18,091 | SCANNER: candidate ATKR -- +28.2% today, $93.54, liquid, 9 recent news item(s)
2026-08-03 17:43:18,091 | SCANNER: candidate INHD -- -26.4% today, $13.26, liquid, 1 recent news item(s)
2026-08-03 17:43:18,091 | SCANNER: candidate SRAD -- -17.1% today, $12.05, liquid, 5 recent news item(s)
2026-08-03 17:43:39,078 | S&P 500 liquidity backstop -> MU, MSFT, AAPL, NVDA, AMZN, SNDK
2026-08-03 17:43:39,082 | SCANNER: new watchlist -> ATKR, INHD, SRAD, MU, MSFT, AAPL, NVDA, AMZN, SNDK
2026-08-03 17:43:39,132 | Market is open (closes 2026-08-03 22:00:00 CEST your local time). Checking 9 symbols: AAPL, AMZN, ATKR, INHD, MSFT, MU, NVDA, SNDK, SRAD
2026-08-03 17:43:39,769 | Multi-timeframe filter: refreshed daily trend for 1 symbol(s).
2026-08-03 17:43:39,790 | [AAPL] trending (ADX 28.5) -> trend-following strategy | Signal: HOLD | Shares held: 0.0 | Last price: $307.23
2026-08-03 17:43:39,790 | [AAPL] ACTION: No trade.
2026-08-03 17:43:39,810 | [AMZN] trending (ADX 29.2) -> trend-following strategy | Signal: HOLD | Shares held: 0.0 | Last price: $284.68
2026-08-03 17:43:39,810 | [AMZN] ACTION: No trade.
2026-08-03 17:43:39,827 | [ATKR] trending (ADX 81.1) -> trend-following strategy | Signal: HOLD | Shares held: 0.0 | Last price: $93.53
2026-08-03 17:43:39,827 | [ATKR] ACTION: No trade.
2026-08-03 17:43:39,842 | [INHD] choppy/sideways (ADX 7.6) -> mean-reversion strategy | Signal: HOLD | Shares held: 0.0 | Last price: $14.72
2026-08-03 17:43:39,842 | [INHD] ACTION: No trade.
2026-08-03 17:43:39,862 | [MSFT] trending (ADX 50.6) -> trend-following strategy | Signal: HOLD | Shares held: 1.0 | Last price: $489.11
2026-08-03 17:43:39,862 | [MSFT] ACTION: No trade.
2026-08-03 17:43:39,882 | [MU] choppy/sideways (ADX 20.2) -> mean-reversion strategy | Signal: HOLD | Shares held: 0.0 | Last price: $824.28
2026-08-03 17:43:39,883 | [MU] ACTION: No trade.
2026-08-03 17:43:39,903 | [NVDA] trending (ADX 38.4) -> trend-following strategy | Signal: HOLD | Shares held: 2.0 | Last price: $208.59
2026-08-03 17:43:39,903 | [NVDA] ACTION: No trade.
2026-08-03 17:43:39,923 | [SNDK] trending (ADX 34.9) -> trend-following strategy | Signal: HOLD | Shares held: 0.0 | Last price: $1289.97
2026-08-03 17:43:39,924 | [SNDK] ACTION: No trade.
2026-08-03 17:43:39,940 | [SRAD] trending (ADX 33.4) -> trend-following strategy | Signal: HOLD | Shares held: 0.0 | Last price: $12.26
2026-08-03 17:43:39,940 | [SRAD] ACTION: No trade.
2026-08-03 17:58:40,432 | Market is open (closes 2026-08-03 22:00:00 CEST your local time). Checking 9 symbols: AAPL, AMZN, ATKR, INHD, MSFT, MU, NVDA, SNDK, SRAD
2026-08-03 17:58:41,386 | [AAPL] trending (ADX 26.5) -> trend-following strategy | Signal: HOLD | Shares held: 0.0 | Last price: $306.79
2026-08-03 17:58:41,387 | [AAPL] ACTION: No trade.
2026-08-03 17:58:41,407 | [AMZN] trending (ADX 28.3) -> trend-following strategy | Signal: HOLD | Shares held: 0.0 | Last price: $284.15
2026-08-03 17:58:41,407 | [AMZN] ACTION: No trade.
2026-08-03 17:58:41,424 | [ATKR] trending (ADX 81.3) -> trend-following strategy | Signal: HOLD | Shares held: 0.0 | Last price: $93.55
2026-08-03 17:58:41,424 | [ATKR] ACTION: No trade.
2026-08-03 17:58:41,438 | [INHD] choppy/sideways (ADX 7.4) -> mean-reversion strategy | Signal: HOLD | Shares held: 0.0 | Last price: $13.00
2026-08-03 17:58:41,438 | [INHD] ACTION: No trade.
2026-08-03 17:58:41,458 | [MSFT] trending (ADX 49.8) -> trend-following strategy | Signal: HOLD | Shares held: 1.0 | Last price: $488.57
2026-08-03 17:58:41,459 | [MSFT] ACTION: No trade.
2026-08-03 17:58:41,479 | [MU] choppy/sideways (ADX 20.9) -> mean-reversion strategy | Signal: HOLD | Shares held: 0.0 | Last price: $828.39
2026-08-03 17:58:41,479 | [MU] ACTION: No trade.
2026-08-03 17:58:41,499 | [NVDA] trending (ADX 39.7) -> trend-following strategy | Signal: HOLD | Shares held: 2.0 | Last price: $207.97
2026-08-03 17:58:41,500 | [NVDA] ACTION: No trade.
2026-08-03 17:58:41,520 | [SNDK] trending (ADX 36.2) -> trend-following strategy | Signal: HOLD | Shares held: 0.0 | Last price: $1299.25
2026-08-03 17:58:41,520 | [SNDK] ACTION: No trade.
2026-08-03 17:58:41,537 | [SRAD] trending (ADX 33.4) -> trend-following strategy | Signal: HOLD | Shares held: 0.0 | Last price: $12.04
2026-08-03 17:58:41,537 | [SRAD] ACTION: No trade.
2026-08-03 18:13:41,657 | SCANNER: refreshing watchlist...
2026-08-03 18:13:41,809 | SCANNER: excluded 15 leveraged/inverse ETF(s) from 17 candidate(s).
2026-08-03 18:13:42,032 | SCANNER: candidate INHD -- -33.8% today, $11.92, liquid, 1 recent news item(s)
2026-08-03 18:13:42,032 | SCANNER: candidate ATKR -- +28.1% today, $93.45, liquid, 9 recent news item(s)
2026-08-03 18:14:07,658 | S&P 500 liquidity backstop -> MU, MSFT, AAPL, NVDA, AMZN, SNDK
2026-08-03 18:14:07,660 | SCANNER: new watchlist -> INHD, ATKR, MU, MSFT, AAPL, NVDA, AMZN, SNDK
2026-08-03 18:14:07,712 | Market is open (closes 2026-08-03 22:00:00 CEST your local time). Checking 8 symbols: AAPL, AMZN, ATKR, INHD, MSFT, MU, NVDA, SNDK
2026-08-03 18:14:08,817 | [AAPL] trending (ADX 25.2) -> trend-following strategy | Signal: HOLD | Shares held: 0.0 | Last price: $306.07
2026-08-03 18:14:08,817 | [AAPL] ACTION: No trade.
2026-08-03 18:14:08,838 | [AMZN] trending (ADX 27.2) -> trend-following strategy | Signal: HOLD | Shares held: 0.0 | Last price: $283.74
2026-08-03 18:14:08,838 | [AMZN] ACTION: No trade.
2026-08-03 18:14:08,854 | [ATKR] trending (ADX 81.1) -> trend-following strategy | Signal: HOLD | Shares held: 0.0 | Last price: $93.49
2026-08-03 18:14:08,855 | [ATKR] ACTION: No trade.
2026-08-03 18:14:08,869 | [INHD] stretched below VWAP and turning back up | Signal: BUY | Shares held: 0.0 | Last price: $13.04
2026-08-03 18:14:08,869 | [INHD] ACTION: No trade (multi-timeframe filter -- the prior day's daily trend isn't confirmed up).
2026-08-03 18:14:08,889 | [MSFT] trending (ADX 48.8) -> trend-following strategy | Signal: HOLD | Shares held: 1.0 | Last price: $487.92
2026-08-03 18:14:08,889 | [MSFT] ACTION: No trade.
2026-08-03 18:14:08,910 | [MU] choppy/sideways (ADX 22.1) -> mean-reversion strategy | Signal: HOLD | Shares held: 0.0 | Last price: $833.77
2026-08-03 18:14:08,910 | [MU] ACTION: No trade.
2026-08-03 18:14:08,930 | [NVDA] trending (ADX 40.9) -> trend-following strategy | Signal: HOLD | Shares held: 2.0 | Last price: $208.12
2026-08-03 18:14:08,930 | [NVDA] ACTION: No trade.
2026-08-03 18:14:08,951 | [SNDK] trending (ADX 37.7) -> trend-following strategy | Signal: HOLD | Shares held: 0.0 | Last price: $1312.16
2026-08-03 18:14:08,951 | [SNDK] ACTION: No trade.
2026-08-03 18:29:09,130 | Market is open (closes 2026-08-03 22:00:00 CEST your local time). Checking 8 symbols: AAPL, AMZN, ATKR, INHD, MSFT, MU, NVDA, SNDK
2026-08-03 18:29:10,504 | [AAPL] choppy/sideways (ADX 23.9) -> mean-reversion strategy | Signal: HOLD | Shares held: 0.0 | Last price: $305.99
2026-08-03 18:29:10,504 | [AAPL] ACTION: No trade.
2026-08-03 18:29:10,525 | [AMZN] trending (ADX 25.8) -> trend-following strategy | Signal: HOLD | Shares held: 0.0 | Last price: $283.04
2026-08-03 18:29:10,525 | [AMZN] ACTION: No trade.
2026-08-03 18:29:10,542 | [ATKR] trending (ADX 80.5) -> trend-following strategy | Signal: HOLD | Shares held: 0.0 | Last price: $93.45
2026-08-03 18:29:10,542 | [ATKR] ACTION: No trade.
2026-08-03 18:29:10,557 | [INHD] choppy/sideways (ADX 7.9) -> mean-reversion strategy | Signal: HOLD | Shares held: 0.0 | Last price: $11.93
2026-08-03 18:29:10,557 | [INHD] ACTION: No trade.
2026-08-03 18:29:10,578 | [MSFT] trending (ADX 48.1) -> trend-following strategy | Signal: HOLD | Shares held: 1.0 | Last price: $489.02
2026-08-03 18:29:10,578 | [MSFT] ACTION: No trade.
2026-08-03 18:29:10,599 | [MU] choppy/sideways (ADX 23.3) -> mean-reversion strategy | Signal: HOLD | Shares held: 0.0 | Last price: $833.43
2026-08-03 18:29:10,600 | [MU] ACTION: No trade.
2026-08-03 18:29:10,621 | [NVDA] trending (ADX 42.1) -> trend-following strategy | Signal: HOLD | Shares held: 2.0 | Last price: $208.26
2026-08-03 18:29:10,621 | [NVDA] ACTION: No trade.
2026-08-03 18:29:10,642 | [SNDK] trending (ADX 39.2) -> trend-following strategy | Signal: HOLD | Shares held: 0.0 | Last price: $1308.75
2026-08-03 18:29:10,642 | [SNDK] ACTION: No trade.
2026-08-03 18:44:10,768 | SCANNER: refreshing watchlist...
2026-08-03 18:44:10,933 | SCANNER: excluded 14 leveraged/inverse ETF(s) from 16 candidate(s).
2026-08-03 18:44:11,238 | SCANNER: candidate INHD -- -36.1% today, $11.51, liquid, 1 recent news item(s)
2026-08-03 18:44:11,238 | SCANNER: candidate ATKR -- +28.0% today, $93.40, liquid, 9 recent news item(s)
2026-08-03 18:44:41,552 | S&P 500 liquidity backstop -> MU, MSFT, AAPL, AMZN, NVDA, SNDK
2026-08-03 18:44:41,555 | SCANNER: new watchlist -> INHD, ATKR, MU, MSFT, AAPL, AMZN, NVDA, SNDK
2026-08-03 18:44:41,582 | Market is open (closes 2026-08-03 22:00:00 CEST your local time). Checking 8 symbols: AAPL, AMZN, ATKR, INHD, MSFT, MU, NVDA, SNDK (within 90 min of close -- not enough runway left today for a new position)
2026-08-03 18:44:42,528 | [AAPL] choppy/sideways (ADX 23.1) -> mean-reversion strategy | Signal: HOLD | Shares held: 0.0 | Last price: $305.52
2026-08-03 18:44:42,528 | [AAPL] ACTION: No trade.
2026-08-03 18:44:42,549 | [AMZN] choppy/sideways (ADX 24.0) -> mean-reversion strategy | Signal: HOLD | Shares held: 0.0 | Last price: $282.92
2026-08-03 18:44:42,549 | [AMZN] ACTION: No trade.
2026-08-03 18:44:42,566 | [ATKR] trending (ADX 79.6) -> trend-following strategy | Signal: HOLD | Shares held: 0.0 | Last price: $93.41
2026-08-03 18:44:42,566 | [ATKR] ACTION: No trade.
2026-08-03 18:44:42,581 | [INHD] choppy/sideways (ADX 8.6) -> mean-reversion strategy | Signal: HOLD | Shares held: 0.0 | Last price: $11.67
2026-08-03 18:44:42,581 | [INHD] ACTION: No trade.
2026-08-03 18:44:42,602 | [MSFT] trending (ADX 47.8) -> trend-following strategy | Signal: HOLD | Shares held: 1.0 | Last price: $490.67
2026-08-03 18:44:42,602 | [MSFT] ACTION: No trade.
2026-08-03 18:44:42,623 | [MU] choppy/sideways (ADX 22.9) -> mean-reversion strategy | Signal: HOLD | Shares held: 0.0 | Last price: $824.80
2026-08-03 18:44:42,623 | [MU] ACTION: No trade.
2026-08-03 18:44:42,644 | [NVDA] trending (ADX 42.3) -> trend-following strategy | Signal: HOLD | Shares held: 2.0 | Last price: $207.71
2026-08-03 18:44:42,644 | [NVDA] ACTION: No trade.
2026-08-03 18:44:42,664 | [SNDK] trending (ADX 39.1) -> trend-following strategy | Signal: HOLD | Shares held: 0.0 | Last price: $1291.44
2026-08-03 18:44:42,665 | [SNDK] ACTION: No trade.
2026-08-03 18:59:42,812 | Market is open (closes 2026-08-03 22:00:00 CEST your local time). Checking 8 symbols: AAPL, AMZN, ATKR, INHD, MSFT, MU, NVDA, SNDK (within 90 min of close -- not enough runway left today for a new position)
2026-08-03 18:59:44,289 | [AAPL] choppy/sideways (ADX 22.6) -> mean-reversion strategy | Signal: HOLD | Shares held: 0.0 | Last price: $305.08
2026-08-03 18:59:44,289 | [AAPL] ACTION: No trade.
2026-08-03 18:59:44,309 | [AMZN] choppy/sideways (ADX 23.1) -> mean-reversion strategy | Signal: HOLD | Shares held: 0.0 | Last price: $283.88
2026-08-03 18:59:44,309 | [AMZN] ACTION: No trade.
2026-08-03 18:59:44,326 | [ATKR] trending (ADX 78.7) -> trend-following strategy | Signal: HOLD | Shares held: 0.0 | Last price: $93.41
2026-08-03 18:59:44,326 | [ATKR] ACTION: No trade.
2026-08-03 18:59:44,340 | [INHD] stretched below VWAP and turning back up | Signal: BUY | Shares held: 0.0 | Last price: $11.86
2026-08-03 18:59:44,340 | [INHD] ACTION: No trade (within 90 min of close -- not enough runway left today for a new position).
2026-08-03 18:59:44,360 | [MSFT] trending (ADX 47.7) -> trend-following strategy | Signal: HOLD | Shares held: 1.0 | Last price: $491.04
2026-08-03 18:59:44,360 | [MSFT] ACTION: No trade.
2026-08-03 18:59:44,380 | [MU] choppy/sideways (ADX 22.3) -> mean-reversion strategy | Signal: HOLD | Shares held: 0.0 | Last price: $824.73
2026-08-03 18:59:44,380 | [MU] ACTION: No trade.
2026-08-03 18:59:44,401 | [NVDA] trending (ADX 42.5) -> trend-following strategy | Signal: HOLD | Shares held: 2.0 | Last price: $208.00
2026-08-03 18:59:44,401 | [NVDA] ACTION: No trade.
2026-08-03 18:59:44,421 | [SNDK] trending (ADX 39.0) -> trend-following strategy | Signal: HOLD | Shares held: 0.0 | Last price: $1294.24
2026-08-03 18:59:44,421 | [SNDK] ACTION: No trade.
2026-08-03 19:12:34,771 | Duration window finished.
