2026-08-18 14:51:59,874 | === Adaptive Intraday Trading Bot starting (PAPER TRADING MODE) ===
2026-08-18 14:51:59,874 | Watchlist mode: AUTOMATIC SCANNER (refreshes every 0.5h, top 18 movers of 50 candidates, min price $10, max extension 50%, leveraged ETFs excluded: True, news filter: True). Fallback list: TSLA, NVDA, COIN, AMD, PLTR
2026-08-18 14:51:59,874 | Bar size: 15min | Check interval while market open: 15min
2026-08-18 14:51:59,874 | Active strategies: breakout, gap_continuation, vwap_reversion, trend_following, mean_reversion (regime-switched by ADX)
2026-08-18 14:51:59,875 | Trend strategy: EMA 9/21 crossover | Range strategy: RSI 14 (25.0/75.0) | Switched by ADX 14 (threshold 25.0)
2026-08-18 14:51:59,875 | No new entries between 210-270 min after the open (historically weak window in backtesting)
2026-08-18 14:51:59,875 | Risk management: fixed stop-loss -5% / take-profit +10% on every buy
2026-08-18 14:51:59,875 | Position sizing: flat $500 per trade
2026-08-18 14:51:59,875 | Position limits: max 18 concurrent positions | max 5.0% aggregate portfolio risk | daily loss circuit breaker at -3% (pauses new entries only)
2026-08-18 14:51:59,875 | Portfolio heat cap: max $450 aggregate $-at-risk across all open positions
2026-08-18 14:51:59,875 | Sector concentration cap: max 2 open positions per sector (new entries only; symbols with no known sector are exempt)
2026-08-18 14:51:59,875 | End-of-day mode: positions will be auto-closed 10 min before market close.
2026-08-18 14:51:59,875 | Loaded saved watchlist from previous run: FTK, SNDK, MU, NVDA, INTC, TSLA, MSFT
2026-08-18 14:51:59,875 | Restored daily risk state from previous run: day 2026-08-17, breaker tripped: False
2026-08-18 14:51:59,875 | Restored open-position context for 1 symbol(s) from previous run.
2026-08-18 14:51:59,876 | Running in --duration-minutes mode: cycling for 150 minutes, then exiting.
2026-08-18 14:52:00,456 | Daily loss circuit breaker: tracking from starting equity $99,507.78 (limit -3%).
2026-08-18 14:52:00,456 | SCANNER: refreshing watchlist...
2026-08-18 14:52:02,288 | SCANNER: excluded 17 leveraged/inverse ETF(s) from 22 candidate(s).
2026-08-18 14:52:03,008 | SCANNER: candidate AMLX -- +44.3% today, $30.93, liquid, 11 recent news item(s)
2026-08-18 14:52:03,009 | SCANNER: candidate DUOT -- +17.1% today, $12.04, liquid, 8 recent news item(s)
2026-08-18 14:52:03,009 | SCANNER: candidate HAE -- +16.6% today, $105.28, liquid, 4 recent news item(s)
2026-08-18 14:52:03,133 | S&P 500: refreshed constituent list (503 symbols).
2026-08-18 14:52:42,387 | S&P 500 liquidity backstop -> SNDK, MU, NVDA, TSLA, AMD, AAPL
2026-08-18 14:52:42,389 | SCANNER: new watchlist -> AMLX, DUOT, HAE, SNDK, MU, NVDA, TSLA, AMD, AAPL
2026-08-18 14:52:42,592 | Market is open (closes 2026-08-18 22:00:00 CEST your local time). Checking 9 symbols: AAPL, AMD, AMLX, DUOT, HAE, MU, NVDA, SNDK, TSLA
2026-08-18 14:52:44,887 | Multi-timeframe filter: refreshed daily trend for 9 symbol(s).
2026-08-18 14:52:44,997 | [AAPL] trending (ADX 27.8) -> trend-following strategy | Signal: HOLD | Shares held: 0.0 | Last price: $310.77
2026-08-18 14:52:44,997 | [AAPL] ACTION: No trade.
2026-08-18 14:52:45,038 | [AMD] trending (ADX 48.4) -> trend-following strategy | Signal: HOLD | Shares held: 0.0 | Last price: $478.98
2026-08-18 14:52:45,038 | [AMD] ACTION: No trade.
2026-08-18 14:52:45,146 | [AMLX] trending (ADX 67.9) -> trend-following strategy | Signal: HOLD | Shares held: 0.0 | Last price: $31.12
2026-08-18 14:52:45,146 | [AMLX] ACTION: No trade.
2026-08-18 14:52:45,250 | [DUOT] trending (ADX 49.3) -> trend-following strategy | Signal: HOLD | Shares held: 0.0 | Last price: $12.20
2026-08-18 14:52:45,251 | [DUOT] ACTION: No trade.
2026-08-18 14:52:45,283 | [HAE] volume-confirmed breakout above 20-bar high | Signal: BUY | Shares held: 4.0 | Last price: $104.90
2026-08-18 14:52:45,283 | [HAE] ACTION: No trade.
2026-08-18 14:52:45,322 | [MU] trending (ADX 30.5) -> trend-following strategy | Signal: HOLD | Shares held: 0.0 | Last price: $946.78
2026-08-18 14:52:45,322 | [MU] ACTION: No trade.
2026-08-18 14:52:45,361 | [NVDA] trending (ADX 29.9) -> trend-following strategy | Signal: HOLD | Shares held: 0.0 | Last price: $219.41
2026-08-18 14:52:45,362 | [NVDA] ACTION: No trade.
2026-08-18 14:52:45,468 | [SNDK] choppy/sideways (ADX 23.5) -> mean-reversion strategy | Signal: HOLD | Shares held: 0.0 | Last price: $1642.78
2026-08-18 14:52:45,468 | [SNDK] ACTION: No trade.
2026-08-18 14:52:45,508 | [TSLA] trending (ADX 33.0) -> trend-following strategy | Signal: HOLD | Shares held: 1.0 | Last price: $337.36
2026-08-18 14:52:45,508 | [TSLA] ACTION: No trade.
2026-08-18 15:07:46,013 | Market is open (closes 2026-08-18 22:00:00 CEST your local time). Checking 9 symbols: AAPL, AMD, AMLX, DUOT, HAE, MU, NVDA, SNDK, TSLA
2026-08-18 15:07:47,659 | [AAPL] trending (ADX 28.6) -> trend-following strategy | Signal: HOLD | Shares held: 0.0 | Last price: $310.39
2026-08-18 15:07:47,659 | [AAPL] ACTION: No trade.
2026-08-18 15:07:47,698 | [AMD] trending (ADX 49.7) -> trend-following strategy | Signal: HOLD | Shares held: 0.0 | Last price: $476.72
2026-08-18 15:07:47,698 | [AMD] ACTION: No trade.
2026-08-18 15:07:47,733 | [AMLX] trending (ADX 67.7) -> trend-following strategy | Signal: HOLD | Shares held: 0.0 | Last price: $31.21
2026-08-18 15:07:47,733 | [AMLX] ACTION: No trade.
2026-08-18 15:07:47,768 | [DUOT] trending (ADX 48.5) -> trend-following strategy | Signal: HOLD | Shares held: 0.0 | Last price: $11.89
2026-08-18 15:07:47,769 | [DUOT] ACTION: No trade.
2026-08-18 15:07:47,801 | [HAE] trending (ADX 72.0) -> trend-following strategy | Signal: HOLD | Shares held: 4.0 | Last price: $104.51
2026-08-18 15:07:47,801 | [HAE] ACTION: No trade.
2026-08-18 15:07:47,840 | [MU] trending (ADX 30.9) -> trend-following strategy | Signal: HOLD | Shares held: 0.0 | Last price: $936.29
2026-08-18 15:07:47,840 | [MU] ACTION: No trade.
2026-08-18 15:07:47,880 | [NVDA] trending (ADX 28.8) -> trend-following strategy | Signal: HOLD | Shares held: 0.0 | Last price: $219.06
2026-08-18 15:07:47,880 | [NVDA] ACTION: No trade.
2026-08-18 15:07:47,919 | [SNDK] choppy/sideways (ADX 24.2) -> mean-reversion strategy | Signal: HOLD | Shares held: 0.0 | Last price: $1619.85
2026-08-18 15:07:47,919 | [SNDK] ACTION: No trade.
2026-08-18 15:07:47,959 | [TSLA] trending (ADX 31.6) -> trend-following strategy | Signal: HOLD | Shares held: 1.0 | Last price: $335.79
2026-08-18 15:07:47,959 | [TSLA] ACTION: No trade.
2026-08-18 15:22:48,250 | SCANNER: refreshing watchlist...
2026-08-18 15:22:48,908 | SCANNER: excluded 19 leveraged/inverse ETF(s) from 22 candidate(s).
2026-08-18 15:22:49,284 | SCANNER: 3 candidate(s) passed price/extension filters but none met the $10,000,000 average dollar-volume bar.
2026-08-18 15:23:21,383 | S&P 500 liquidity backstop -> SNDK, MU, NVDA, TSLA, AAPL, AMD
2026-08-18 15:23:21,385 | SCANNER: new watchlist -> SNDK, MU, NVDA, TSLA, AAPL, AMD
2026-08-18 15:23:21,602 | Market is open (closes 2026-08-18 22:00:00 CEST your local time). Checking 7 symbols: AAPL, AMD, HAE, MU, NVDA, SNDK, TSLA
2026-08-18 15:23:23,766 | [AAPL] trending (ADX 28.9) -> trend-following strategy | Signal: HOLD | Shares held: 0.0 | Last price: $310.51
2026-08-18 15:23:23,766 | [AAPL] ACTION: No trade.
2026-08-18 15:23:23,804 | [AMD] trending (ADX 51.0) -> trend-following strategy | Signal: HOLD | Shares held: 0.0 | Last price: $477.11
2026-08-18 15:23:23,804 | [AMD] ACTION: No trade.
2026-08-18 15:23:23,836 | [HAE] trending (ADX 73.3) -> trend-following strategy | Signal: HOLD | Shares held: 4.0 | Last price: $104.79
2026-08-18 15:23:23,836 | [HAE] ACTION: No trade.
2026-08-18 15:23:23,875 | [MU] stretched below VWAP and turning back up | Signal: BUY | Shares held: 0.0 | Last price: $937.33
2026-08-18 15:23:23,945 | [MU] Computed position size is 0 shares at $939.83 (flat $ sizing) -- skipping this trade.
2026-08-18 15:23:23,986 | [NVDA] trending (ADX 27.8) -> trend-following strategy | Signal: HOLD | Shares held: 0.0 | Last price: $219.47
2026-08-18 15:23:23,986 | [NVDA] ACTION: No trade.
2026-08-18 15:23:24,025 | [SNDK] stretched below VWAP and turning back up | Signal: BUY | Shares held: 0.0 | Last price: $1625.59
2026-08-18 15:23:24,092 | [SNDK] Computed position size is 0 shares at $1633.15 (flat $ sizing) -- skipping this trade.
2026-08-18 15:23:24,132 | [TSLA] trending (ADX 30.0) -> trend-following strategy | Signal: HOLD | Shares held: 1.0 | Last price: $336.42
2026-08-18 15:23:24,132 | [TSLA] ACTION: No trade.
2026-08-18 15:38:24,830 | Market is open (closes 2026-08-18 22:00:00 CEST your local time). Checking 7 symbols: AAPL, AMD, HAE, MU, NVDA, SNDK, TSLA
2026-08-18 15:38:27,836 | [AAPL] trending (ADX 29.2) -> trend-following strategy | Signal: HOLD | Shares held: 0.0 | Last price: $310.43
2026-08-18 15:38:27,836 | [AAPL] ACTION: No trade.
2026-08-18 15:38:27,876 | [AMD] trending (ADX 50.9) -> trend-following strategy | Signal: HOLD | Shares held: 0.0 | Last price: $479.71
2026-08-18 15:38:27,876 | [AMD] ACTION: No trade.
2026-08-18 15:38:27,909 | [HAE] trending (ADX 74.2) -> trend-following strategy | Signal: HOLD | Shares held: 4.0 | Last price: $105.01
2026-08-18 15:38:27,909 | [HAE] ACTION: No trade.
2026-08-18 15:38:27,949 | [MU] trending (ADX 31.6) -> trend-following strategy | Signal: HOLD | Shares held: 0.0 | Last price: $942.46
2026-08-18 15:38:27,950 | [MU] ACTION: No trade.
2026-08-18 15:38:27,990 | [NVDA] trending (ADX 26.3) -> trend-following strategy | Signal: HOLD | Shares held: 0.0 | Last price: $219.54
2026-08-18 15:38:27,990 | [NVDA] ACTION: No trade.
2026-08-18 15:38:28,030 | [SNDK] choppy/sideways (ADX 24.2) -> mean-reversion strategy | Signal: HOLD | Shares held: 0.0 | Last price: $1648.44
2026-08-18 15:38:28,030 | [SNDK] ACTION: No trade.
2026-08-18 15:38:28,070 | [TSLA] trending (ADX 29.3) -> trend-following strategy | Signal: HOLD | Shares held: 1.0 | Last price: $337.40
2026-08-18 15:38:28,070 | [TSLA] ACTION: No trade.
2026-08-18 15:53:28,735 | SCANNER: refreshing watchlist...
2026-08-18 15:53:29,185 | SCANNER: excluded 15 leveraged/inverse ETF(s) from 18 candidate(s).
2026-08-18 15:53:29,797 | SCANNER: candidate AMLX -- +49.6% today, $32.06, liquid, 11 recent news item(s)
2026-08-18 15:53:59,698 | S&P 500 liquidity backstop -> SNDK, MU, NVDA, TSLA, AAPL, AMD
2026-08-18 15:53:59,700 | SCANNER: new watchlist -> AMLX, SNDK, MU, NVDA, TSLA, AAPL, AMD
2026-08-18 15:53:59,905 | Market is open (closes 2026-08-18 22:00:00 CEST your local time). Checking 8 symbols: AAPL, AMD, AMLX, HAE, MU, NVDA, SNDK, TSLA
2026-08-18 15:54:00,727 | [AAPL] trending (ADX 28.9) -> trend-following strategy | Signal: HOLD | Shares held: 0.0 | Last price: $309.88
2026-08-18 15:54:00,727 | [AAPL] ACTION: No trade.
2026-08-18 15:54:00,766 | [AMD] trending (ADX 50.3) -> trend-following strategy | Signal: HOLD | Shares held: 0.0 | Last price: $480.25
2026-08-18 15:54:00,766 | [AMD] ACTION: No trade.
2026-08-18 15:54:00,800 | [AMLX] trending (ADX 67.4) -> trend-following strategy | Signal: HOLD | Shares held: 0.0 | Last price: $31.93
2026-08-18 15:54:00,800 | [AMLX] ACTION: No trade.
2026-08-18 15:54:00,832 | [HAE] volume-confirmed breakout above 20-bar high | Signal: BUY | Shares held: 4.0 | Last price: $105.65
2026-08-18 15:54:00,832 | [HAE] ACTION: No trade.
2026-08-18 15:54:00,870 | [MU] trending (ADX 31.3) -> trend-following strategy | Signal: HOLD | Shares held: 0.0 | Last price: $941.84
2026-08-18 15:54:00,871 | [MU] ACTION: No trade.
2026-08-18 15:54:00,909 | [NVDA] choppy/sideways (ADX 24.7) -> mean-reversion strategy | Signal: HOLD | Shares held: 0.0 | Last price: $219.68
2026-08-18 15:54:00,909 | [NVDA] ACTION: No trade.
2026-08-18 15:54:00,947 | [SNDK] choppy/sideways (ADX 23.6) -> mean-reversion strategy | Signal: HOLD | Shares held: 0.0 | Last price: $1648.15
2026-08-18 15:54:00,948 | [SNDK] ACTION: No trade.
2026-08-18 15:54:00,986 | [TSLA] trending (ADX 29.1) -> trend-following strategy | Signal: HOLD | Shares held: 1.0 | Last price: $338.51
2026-08-18 15:54:00,986 | [TSLA] ACTION: No trade.
2026-08-18 16:09:01,483 | Market is open (closes 2026-08-18 22:00:00 CEST your local time). Checking 8 symbols: AAPL, AMD, AMLX, HAE, MU, NVDA, SNDK, TSLA
2026-08-18 16:09:03,695 | [AAPL] trending (ADX 28.0) -> trend-following strategy | Signal: HOLD | Shares held: 0.0 | Last price: $309.54
2026-08-18 16:09:03,695 | [AAPL] ACTION: No trade.
2026-08-18 16:09:03,733 | [AMD] trending (ADX 49.4) -> trend-following strategy | Signal: HOLD | Shares held: 0.0 | Last price: $480.15
2026-08-18 16:09:03,733 | [AMD] ACTION: No trade.
2026-08-18 16:09:03,767 | [AMLX] trending (ADX 66.7) -> trend-following strategy | Signal: HOLD | Shares held: 0.0 | Last price: $31.94
2026-08-18 16:09:03,767 | [AMLX] ACTION: No trade.
2026-08-18 16:09:03,798 | [HAE] trending (ADX 75.7) -> trend-following strategy | Signal: HOLD | Shares held: 4.0 | Last price: $104.83
2026-08-18 16:09:03,798 | [HAE] ACTION: No trade.
2026-08-18 16:09:03,836 | [MU] trending (ADX 30.6) -> trend-following strategy | Signal: HOLD | Shares held: 0.0 | Last price: $945.60
2026-08-18 16:09:03,836 | [MU] ACTION: No trade.
2026-08-18 16:09:03,874 | [NVDA] choppy/sideways (ADX 23.3) -> mean-reversion strategy | Signal: HOLD | Shares held: 0.0 | Last price: $220.06
2026-08-18 16:09:03,874 | [NVDA] ACTION: No trade.
2026-08-18 16:09:03,912 | [SNDK] choppy/sideways (ADX 22.6) -> mean-reversion strategy | Signal: HOLD | Shares held: 0.0 | Last price: $1645.33
2026-08-18 16:09:03,912 | [SNDK] ACTION: No trade.
2026-08-18 16:09:03,950 | [TSLA] trending (ADX 29.6) -> trend-following strategy | Signal: HOLD | Shares held: 1.0 | Last price: $339.83
2026-08-18 16:09:03,950 | [TSLA] ACTION: No trade.
2026-08-18 16:24:04,236 | SCANNER: refreshing watchlist...
2026-08-18 16:24:04,659 | SCANNER: excluded 13 leveraged/inverse ETF(s) from 17 candidate(s).
2026-08-18 16:24:05,399 | SCANNER: candidate AMLX -- +49.6% today, $32.05, liquid, 12 recent news item(s)
2026-08-18 16:24:05,399 | SCANNER: candidate WETO -- +41.7% today, $34.85, liquid, 5 recent news item(s)
2026-08-18 16:24:28,256 | S&P 500 liquidity backstop -> SNDK, MU, NVDA, TSLA, AAPL, AMD
2026-08-18 16:24:28,258 | SCANNER: new watchlist -> AMLX, WETO, SNDK, MU, NVDA, TSLA, AAPL, AMD
2026-08-18 16:24:28,461 | Market is open (closes 2026-08-18 22:00:00 CEST your local time). Checking 9 symbols: AAPL, AMD, AMLX, HAE, MU, NVDA, SNDK, TSLA, WETO
2026-08-18 16:24:29,436 | Multi-timeframe filter: refreshed daily trend for 1 symbol(s).
2026-08-18 16:24:29,475 | [AAPL] trending (ADX 27.6) -> trend-following strategy | Signal: HOLD | Shares held: 0.0 | Last price: $310.25
2026-08-18 16:24:29,475 | [AAPL] ACTION: No trade.
2026-08-18 16:24:29,514 | [AMD] trending (ADX 48.7) -> trend-following strategy | Signal: HOLD | Shares held: 0.0 | Last price: $479.00
2026-08-18 16:24:29,514 | [AMD] ACTION: No trade.
2026-08-18 16:24:29,549 | [AMLX] trending (ADX 66.1) -> trend-following strategy | Signal: HOLD | Shares held: 0.0 | Last price: $31.77
2026-08-18 16:24:29,549 | [AMLX] ACTION: No trade.
2026-08-18 16:24:29,581 | [HAE] trending (ADX 75.7) -> trend-following strategy | Signal: HOLD | Shares held: 4.0 | Last price: $104.57
2026-08-18 16:24:29,581 | [HAE] ACTION: No trade.
2026-08-18 16:24:29,620 | [MU] trending (ADX 30.0) -> trend-following strategy | Signal: HOLD | Shares held: 0.0 | Last price: $942.15
2026-08-18 16:24:29,620 | [MU] ACTION: No trade.
2026-08-18 16:24:29,659 | [NVDA] choppy/sideways (ADX 22.2) -> mean-reversion strategy | Signal: HOLD | Shares held: 0.0 | Last price: $219.97
2026-08-18 16:24:29,659 | [NVDA] ACTION: No trade.
2026-08-18 16:24:29,698 | [SNDK] choppy/sideways (ADX 21.6) -> mean-reversion strategy | Signal: HOLD | Shares held: 0.0 | Last price: $1638.58
2026-08-18 16:24:29,698 | [SNDK] ACTION: No trade.
2026-08-18 16:24:29,737 | [TSLA] trending (ADX 30.2) -> trend-following strategy | Signal: HOLD | Shares held: 1.0 | Last price: $338.76
2026-08-18 16:24:29,737 | [TSLA] ACTION: No trade.
2026-08-18 16:24:29,840 | [WETO] trending (ADX 36.5) -> trend-following strategy | Signal: HOLD | Shares held: 0.0 | Last price: $34.80
2026-08-18 16:24:29,841 | [WETO] ACTION: No trade.
2026-08-18 16:39:30,334 | Market is open (closes 2026-08-18 22:00:00 CEST your local time). Checking 9 symbols: AAPL, AMD, AMLX, HAE, MU, NVDA, SNDK, TSLA, WETO
2026-08-18 16:39:31,739 | [AAPL] trending (ADX 27.4) -> trend-following strategy | Signal: HOLD | Shares held: 0.0 | Last price: $310.62
2026-08-18 16:39:31,739 | [AAPL] ACTION: No trade.
2026-08-18 16:39:31,778 | [AMD] trending (ADX 48.5) -> trend-following strategy | Signal: HOLD | Shares held: 0.0 | Last price: $477.61
2026-08-18 16:39:31,778 | [AMD] ACTION: No trade.
2026-08-18 16:39:31,813 | [AMLX] trending (ADX 65.6) -> trend-following strategy | Signal: HOLD | Shares held: 0.0 | Last price: $31.82
2026-08-18 16:39:31,813 | [AMLX] ACTION: No trade.
2026-08-18 16:39:31,845 | [HAE] trending (ADX 74.5) -> trend-following strategy | Signal: HOLD | Shares held: 4.0 | Last price: $103.62
2026-08-18 16:39:31,845 | [HAE] ACTION: No trade.
2026-08-18 16:39:31,884 | [MU] trending (ADX 30.0) -> trend-following strategy | Signal: HOLD | Shares held: 0.0 | Last price: $937.75
2026-08-18 16:39:31,884 | [MU] ACTION: No trade.
2026-08-18 16:39:31,922 | [NVDA] choppy/sideways (ADX 21.0) -> mean-reversion strategy | Signal: HOLD | Shares held: 0.0 | Last price: $219.53
2026-08-18 16:39:31,922 | [NVDA] ACTION: No trade.
2026-08-18 16:39:31,961 | [SNDK] choppy/sideways (ADX 21.5) -> mean-reversion strategy | Signal: HOLD | Shares held: 0.0 | Last price: $1622.00
2026-08-18 16:39:31,961 | [SNDK] ACTION: No trade.
2026-08-18 16:39:32,000 | [TSLA] trending (ADX 29.5) -> trend-following strategy | Signal: HOLD | Shares held: 1.0 | Last price: $337.21
2026-08-18 16:39:32,000 | [TSLA] ACTION: No trade.
2026-08-18 16:39:32,036 | [WETO] trending (ADX 35.4) -> trend-following strategy | Signal: HOLD | Shares held: 0.0 | Last price: $32.20
2026-08-18 16:39:32,036 | [WETO] ACTION: No trade.
2026-08-18 16:54:32,325 | SCANNER: refreshing watchlist...
2026-08-18 16:54:32,904 | SCANNER: excluded 13 leveraged/inverse ETF(s) from 17 candidate(s).
2026-08-18 16:54:33,715 | SCANNER: candidate WETO -- +44.4% today, $35.52, liquid, 5 recent news item(s)
2026-08-18 16:55:01,398 | S&P 500 liquidity backstop -> SNDK, MU, NVDA, TSLA, AAPL, AMD
2026-08-18 16:55:01,401 | SCANNER: new watchlist -> WETO, SNDK, MU, NVDA, TSLA, AAPL, AMD
2026-08-18 16:55:01,688 | Market is open (closes 2026-08-18 22:00:00 CEST your local time). Checking 8 symbols: AAPL, AMD, HAE, MU, NVDA, SNDK, TSLA, WETO
2026-08-18 16:55:03,086 | [AAPL] trending (ADX 27.4) -> trend-following strategy | Signal: HOLD | Shares held: 0.0 | Last price: $310.46
2026-08-18 16:55:03,086 | [AAPL] ACTION: No trade.
2026-08-18 16:55:03,128 | [AMD] trending (ADX 48.2) -> trend-following strategy | Signal: HOLD | Shares held: 0.0 | Last price: $478.18
2026-08-18 16:55:03,128 | [AMD] ACTION: No trade.
2026-08-18 16:55:03,165 | [HAE] trending (ADX 73.4) -> trend-following strategy | Signal: HOLD | Shares held: 4.0 | Last price: $104.14
2026-08-18 16:55:03,165 | [HAE] ACTION: No trade.
2026-08-18 16:55:03,207 | [MU] trending (ADX 30.0) -> trend-following strategy | Signal: HOLD | Shares held: 0.0 | Last price: $939.87
2026-08-18 16:55:03,207 | [MU] ACTION: No trade.
2026-08-18 16:55:03,249 | [NVDA] choppy/sideways (ADX 19.9) -> mean-reversion strategy | Signal: HOLD | Shares held: 0.0 | Last price: $219.84
2026-08-18 16:55:03,249 | [NVDA] ACTION: No trade.
2026-08-18 16:55:03,291 | [SNDK] stretched below VWAP and turning back up | Signal: BUY | Shares held: 0.0 | Last price: $1626.62
2026-08-18 16:55:03,359 | [SNDK] Computed position size is 0 shares at $1631.29 (flat $ sizing) -- skipping this trade.
2026-08-18 16:55:03,401 | [TSLA] trending (ADX 28.8) -> trend-following strategy | Signal: HOLD | Shares held: 1.0 | Last price: $337.81
2026-08-18 16:55:03,401 | [TSLA] ACTION: No trade.
2026-08-18 16:55:03,439 | [WETO] stretched below VWAP and turning back up | Signal: BUY | Shares held: 0.0 | Last price: $36.10
2026-08-18 16:55:03,440 | [WETO] ACTION: No trade (vwap_reversion volume filter -- entry bar's volume didn't confirm).
2026-08-18 17:10:04,301 | Market is open (closes 2026-08-18 22:00:00 CEST your local time). Checking 8 symbols: AAPL, AMD, HAE, MU, NVDA, SNDK, TSLA, WETO
2026-08-18 17:10:06,259 | [AAPL] trending (ADX 27.2) -> trend-following strategy | Signal: HOLD | Shares held: 0.0 | Last price: $310.75
2026-08-18 17:10:06,259 | [AAPL] ACTION: No trade.
2026-08-18 17:10:06,299 | [AMD] trending (ADX 47.5) -> trend-following strategy | Signal: HOLD | Shares held: 0.0 | Last price: $479.50
2026-08-18 17:10:06,300 | [AMD] ACTION: No trade.
2026-08-18 17:10:06,333 | [HAE] trending (ADX 72.5) -> trend-following strategy | Signal: HOLD | Shares held: 4.0 | Last price: $104.47
2026-08-18 17:10:06,333 | [HAE] ACTION: No trade.
2026-08-18 17:10:06,373 | [MU] trending (ADX 29.5) -> trend-following strategy | Signal: HOLD | Shares held: 0.0 | Last price: $938.96
2026-08-18 17:10:06,373 | [MU] ACTION: No trade.
2026-08-18 17:10:06,413 | [NVDA] choppy/sideways (ADX 18.8) -> mean-reversion strategy | Signal: HOLD | Shares held: 0.0 | Last price: $220.20
2026-08-18 17:10:06,413 | [NVDA] ACTION: No trade.
2026-08-18 17:10:06,454 | [SNDK] choppy/sideways (ADX 21.3) -> mean-reversion strategy | Signal: HOLD | Shares held: 0.0 | Last price: $1625.23
2026-08-18 17:10:06,455 | [SNDK] ACTION: No trade.
2026-08-18 17:10:06,495 | [TSLA] trending (ADX 29.1) -> trend-following strategy | Signal: HOLD | Shares held: 1.0 | Last price: $339.57
2026-08-18 17:10:06,495 | [TSLA] ACTION: No trade.
2026-08-18 17:10:06,533 | [WETO] trending (ADX 32.6) -> trend-following strategy | Signal: HOLD | Shares held: 0.0 | Last price: $34.02
2026-08-18 17:10:06,533 | [WETO] ACTION: No trade.
2026-08-18 17:21:59,876 | Duration window finished.
