2026-10-05 20:41:40,485 | === Adaptive Intraday Trading Bot starting (PAPER TRADING MODE) ===
2026-10-05 20:41:40,485 | Watchlist mode: AUTOMATIC SCANNER (refreshes every 0.5h, up to 50 movers + S&P 500 backstop, 500 watchlist slots total, min price $10, max extension 20%, leveraged ETFs excluded: True, news filter: True). Fallback list: TSLA, NVDA, COIN, AMD, PLTR
2026-10-05 20:41:40,485 | Scanner minimum listing age: ON -- requires >= 100 trading days of daily bar history (real cases this catches: ALMR ~80d, EROC ~43d)
2026-10-05 20:41:40,485 | Bar size: 15min | Check interval while market open: 15min
2026-10-05 20:41:40,485 | Active strategies: gap_continuation, trend_following, mean_reversion (regime-switched by ADX)
2026-10-05 20:41:40,485 | Trend strategy: EMA 9/21 crossover | Range strategy: RSI 14 (25.0/75.0) | Switched by ADX 14 (threshold 25.0)
2026-10-05 20:41:40,485 | No new entries between 210-270 min after the open (historically weak window in backtesting)
2026-10-05 20:41:40,485 | Scanner opening-range blackout: ON -- no new scanner-pick (non-S&P-500) entries in the first 45 min after the open (real-money-confirmed, additive to the lunch-window blackout above, not a replacement for it)
2026-10-05 20:41:40,485 | Risk management: fixed stop-loss -5% / take-profit +10% on every buy
2026-10-05 20:41:40,486 | Position sizing: flat $500 per trade
2026-10-05 20:41:40,486 | Graduated conviction sizing: ON -- qualifying strategies: none yet (real evidence-gated, see strategy.py). 1 of 3 confirming signals (strategy match / ADX >= 35 / volume >= 2.5x avg) sizes at $5000; 2 or more signals sizes at up to the full remaining $25,000/day pool (volatility-based size-down always wins when a trade qualifies for both)
2026-10-05 20:41:40,486 | Position limits: max 18 concurrent positions | max 5.0% aggregate portfolio risk | daily loss circuit breaker at -3% (pauses new entries only)
2026-10-05 20:41:40,486 | Portfolio heat cap: max $2,000 aggregate $-at-risk across all open positions
2026-10-05 20:41:40,486 | Sector concentration cap: max 2 open positions per sector (new entries only; symbols with no known sector are exempt)
2026-10-05 20:41:40,486 | End-of-day mode: positions will be auto-closed 10 min before market close.
2026-10-05 20:41:40,486 | Loaded saved watchlist from previous run: IART, MU, NVDA, TSLA, META, SNDK, AAPL, INTC, AMD, MSFT, GOOGL, AMZN, AVGO, GOOG, LITE, STX, BE, ORCL, WDC, MRVL, MDT, DELL, PLTR, AMAT, ACN, LLY, CRM, JPM, MRNA, LRCX, COST, V, MA, TMO, NFLX, HOOD, BA, PANW, BRK.B, JNJ, WMT, NKE, GEV, COHR, BAC, CAT, GS, XOM, AZO, CRWD, DHR, QCOM, WBD, TXN, SNPS, MRK, ABBV, HD, TJX, CSCO, MS, C, APP, AMGN, DE, FICO, CVX, GE, VLO, UNH, WFC, ADI, PG, KLAC, COIN, DASH, SPGI, LIN, IBM, URI, MPC, APH, KO, HPE, NOW, SMCI, ETN, ALL, CDNS, NEE, MCK, DIS, SLB, AXP, COP, MCD, ILMN, TT, GILD, SCHW, REGN, UNP, PSX, PGR, ABT, DDOG, PM, BKNG, SYK, RCL, CRH, GLW, COF, PEP, WELL, INTU, ANET, BMY, CI, CVS, ISRG, ADBE, UBER, LOW, TER, AIG, ON, NTAP, SO, CMI, TMUS, NXPI, PWR, MMM, BLK, BNY, EQIX, MPWR, SHW, EXPE, BSX, VZ, CCL, CB, PLD, EMR, MCO, FCX, PH, CIEN, RTX, BX, HLT, COR, ADP, GM, TGT, MRSH, CEG, ABNB, VRT, KR, MAR, HCA, AON, ITW, HWM, ELV, CSX, WMB, JBL, USB, VRTX, MLM, VST, AMT, IR, PFE, CTVA, FERG, PNC, T, JCI, DUK, CBOE, KKR, AJG, NOC, ROST, GD, TDG, MDLZ, MCHP, AME, APO, DHI, HUM, VMC, IQV, AEP, LEN, HBAN, HON, GWW, CME, TEL, SBUX, EXC, CTSH, A, CVNA, FDX, EOG, ACGL, NEM, WM, MNST, CASY, EBAY, LMT, FIX, FTNT, PCAR, CAH, RVTY, FITB, STT, AKAM, ECL, ICE, RDDT, KEYS, CL, HONA, SWKS, LYV, CMG, CMS, P, CTAS, ETR, TRV, LHX, XEL, WAT, DAL, CARR, VEEV, TRGP, WDAY, AXON, ADSK, ODFL, WEC, ORLY, TFC, NUE, SYY, CBRE, OTIS, TPR, KDP, FANG, PCG, APD, FAST, MSCI, EW, MSI, RF, BIIB, AMP, PYPL, CFG, BDX, PAYX, TTWO, KMB, CMCSA, PPL, DTE, OXY, UAL, BKR, EFX, KVUE, ED, FDS, ROK, DLR, ROP, F, SRE, ROL, KEY, LNT, MET, VMRK, UPS, TSCO, NDAQ, HIG, MO, COO, DRI, DGX, OKE, PEG, HPQ, PSA, EXE, LULU, GIS, EME, AWK, FSLR, CNP, ARES, XYZ, O, DOV, DG, YUM, FOXA, CHTR, DLTR, CPAY, AEE, IBKR, DXCM, KMI, ECHO, EL, RSG, NSC, CNC, HAL, CF, EQT, NI, FISV, EVRG, HSY, FFIV, D, STLD, DVN, IDXX, EIX, BBY, ZTS, WAB, XYL, MTD, TECH, SPG, WSM, NRG, NVR, HUBB, FLEX, MTB, INCY, GEN, EXPD, CCI, GRMN, PODD, JBHT, VRSK, SW, APA, FE, VTR, ULTA, RMD, DPZ, NCLH, SYF, DECK, WST, CHD, PHM, RL, LII, CRL, ES, HST, AFL, TYL, IP, FDXF, LUV, GPN, HAS, TKO, DOW, PPG, KHC, OMC, CDW, TROW, BG, CHRW, LH, NTRS, MKC, VRSN, PRU, ADM, ALB, LYB, GEHC, ZBRA, LVS, ZBH, IRM, PTC, GNRC, FIS, STZ, EXR, PNW, CPRT, RJF, BAX, WTW, WYNN, IEX, TSN, ALLE, SWK, CLX, MAA, BRO, IFF, ATO, VICI, HII, GDDY, ESS, SJM, TDY, WRB, IT, TRMB, EG, VTRS, VLTO, TXT, Q, BEN, IVZ, PFG, AES, CPT, MOS, FRT, PKG, SBAC, NWSA, CSGP, MGM, MAS, PNR, UDR, APTV, BALL, WY, J, INVH, BR, JKHY, LDOS, ALGN, NDSN, CINF, STE, FTV, L, AVY, DD, UHS, KIM, AMCR, GPC, DOC, DVA, AOS, SNA, ARE
2026-10-05 20:41:40,486 | Restored daily risk state from previous run: day 2026-10-02, breaker tripped: False
2026-10-05 20:41:40,486 | Restored open-position context for 2 symbol(s) from previous run.
2026-10-05 20:41:40,486 | Running in --duration-minutes mode: cycling for 150 minutes, then exiting.
2026-10-05 20:41:40,871 | Market is closed. Next open: 2026-10-06 15:30:00 CEST (your local time) -- in 16.8 hours.
2026-10-05 20:41:40,939 | Market is closed for the day -- exiting early instead of idling.
2026-10-05 20:41:40,939 | Duration window finished.
