2026-09-07 16:47:39,518 | === Adaptive Intraday Trading Bot starting (PAPER TRADING MODE) ===
2026-09-07 16:47:39,518 | Watchlist mode: AUTOMATIC SCANNER (refreshes every 0.5h, top 18 movers of 50 candidates, min price $10, max extension 20%, leveraged ETFs excluded: True, news filter: True). Fallback list: TSLA, NVDA, COIN, AMD, PLTR
2026-09-07 16:47:39,518 | Scanner minimum listing age: ON -- requires >= 100 trading days of daily bar history (real cases this catches: ALMR ~80d, EROC ~43d)
2026-09-07 16:47:39,518 | Bar size: 15min | Check interval while market open: 15min
2026-09-07 16:47:39,519 | Active strategies: breakout, gap_continuation, trend_following, mean_reversion (regime-switched by ADX)
2026-09-07 16:47:39,519 | Trend strategy: EMA 9/21 crossover | Range strategy: RSI 14 (25.0/75.0) | Switched by ADX 14 (threshold 25.0)
2026-09-07 16:47:39,519 | No new entries between 210-270 min after the open (historically weak window in backtesting)
2026-09-07 16:47:39,519 | Scanner opening-range blackout: ON -- no new scanner-pick (non-S&P-500) entries in the first 45 min after the open (real-money-confirmed, additive to the lunch-window blackout above, not a replacement for it)
2026-09-07 16:47:39,519 | Risk management: fixed stop-loss -5% / take-profit +10% on every buy
2026-09-07 16:47:39,519 | Position sizing: flat $500 per trade
2026-09-07 16:47:39,519 | Graduated conviction sizing: ON -- qualifying strategies: none yet (real evidence-gated, see strategy.py). 1 of 3 confirming signals (strategy match / ADX >= 35 / volume >= 2.5x avg) sizes at $5000; 2 or more signals sizes at up to the full remaining $25,000/day pool (volatility-based size-down always wins when a trade qualifies for both)
2026-09-07 16:47:39,519 | Position limits: max 18 concurrent positions | max 5.0% aggregate portfolio risk | daily loss circuit breaker at -3% (pauses new entries only)
2026-09-07 16:47:39,519 | Portfolio heat cap: max $2,000 aggregate $-at-risk across all open positions
2026-09-07 16:47:39,519 | Sector concentration cap: max 2 open positions per sector (new entries only; symbols with no known sector are exempt)
2026-09-07 16:47:39,519 | End-of-day mode: positions will be auto-closed 10 min before market close.
2026-09-07 16:47:39,519 | Loaded saved watchlist from previous run: TYRA, LULU, FICO, OXM, NVDA, MU, SNDK, TSLA, AAPL, AVGO, MSFT, META
2026-09-07 16:47:39,520 | Restored daily risk state from previous run: day 2026-09-04, breaker tripped: False
2026-09-07 16:47:39,520 | Restored open-position context for 2 symbol(s) from previous run.
2026-09-07 16:47:39,520 | Running in --duration-minutes mode: cycling for 150 minutes, then exiting.
2026-09-07 16:47:39,572 | Market is closed. Next open: 2026-09-08 15:30:00 CEST (your local time) -- in 20.7 hours.
2026-09-07 16:47:39,577 | Market is closed for the day -- exiting early instead of idling.
2026-09-07 16:47:39,577 | Duration window finished.
2026-09-07 16:47:16,932 | === Adaptive Intraday Trading Bot starting (PAPER TRADING MODE) ===
2026-09-07 16:47:16,933 | Watchlist mode: AUTOMATIC SCANNER (refreshes every 0.5h, top 18 movers of 50 candidates, min price $10, max extension 20%, leveraged ETFs excluded: True, news filter: True). Fallback list: TSLA, NVDA, COIN, AMD, PLTR
2026-09-07 16:47:16,933 | Scanner minimum listing age: ON -- requires >= 100 trading days of daily bar history (real cases this catches: ALMR ~80d, EROC ~43d)
2026-09-07 16:47:16,933 | Bar size: 15min | Check interval while market open: 15min
2026-09-07 16:47:16,933 | Active strategies: breakout, gap_continuation, trend_following, mean_reversion (regime-switched by ADX)
2026-09-07 16:47:16,933 | Trend strategy: EMA 9/21 crossover | Range strategy: RSI 14 (25.0/75.0) | Switched by ADX 14 (threshold 25.0)
2026-09-07 16:47:16,933 | No new entries between 210-270 min after the open (historically weak window in backtesting)
2026-09-07 16:47:16,933 | Scanner opening-range blackout: ON -- no new scanner-pick (non-S&P-500) entries in the first 45 min after the open (real-money-confirmed, additive to the lunch-window blackout above, not a replacement for it)
2026-09-07 16:47:16,933 | Risk management: fixed stop-loss -5% / take-profit +10% on every buy
2026-09-07 16:47:16,933 | Position sizing: flat $500 per trade
2026-09-07 16:47:16,933 | Graduated conviction sizing: ON -- qualifying strategies: none yet (real evidence-gated, see strategy.py). 1 of 3 confirming signals (strategy match / ADX >= 35 / volume >= 2.5x avg) sizes at $5000; 2 or more signals sizes at up to the full remaining $25,000/day pool (volatility-based size-down always wins when a trade qualifies for both)
2026-09-07 16:47:16,933 | Position limits: max 18 concurrent positions | max 5.0% aggregate portfolio risk | daily loss circuit breaker at -3% (pauses new entries only)
2026-09-07 16:47:16,933 | Portfolio heat cap: max $2,000 aggregate $-at-risk across all open positions
2026-09-07 16:47:16,933 | Sector concentration cap: max 2 open positions per sector (new entries only; symbols with no known sector are exempt)
2026-09-07 16:47:16,933 | End-of-day mode: positions will be auto-closed 10 min before market close.
2026-09-07 16:47:16,934 | Loaded saved watchlist from previous run: TYRA, LULU, FICO, OXM, NVDA, MU, SNDK, TSLA, AAPL, AVGO, MSFT, META
2026-09-07 16:47:16,934 | Restored daily risk state from previous run: day 2026-09-04, breaker tripped: False
2026-09-07 16:47:16,934 | Restored open-position context for 2 symbol(s) from previous run.
2026-09-07 16:47:16,934 | Running in --duration-minutes mode: cycling for 150 minutes, then exiting.
2026-09-07 16:47:17,129 | Market is closed. Next open: 2026-09-08 15:30:00 CEST (your local time) -- in 20.7 hours.
2026-09-07 16:47:17,181 | Market is closed for the day -- exiting early instead of idling.
2026-09-07 16:47:17,181 | Duration window finished.
2026-09-07 20:15:52,369 | === Adaptive Intraday Trading Bot starting (PAPER TRADING MODE) ===
2026-09-07 20:15:52,370 | Watchlist mode: AUTOMATIC SCANNER (refreshes every 0.5h, top 18 movers of 50 candidates, min price $10, max extension 20%, leveraged ETFs excluded: True, news filter: True). Fallback list: TSLA, NVDA, COIN, AMD, PLTR
2026-09-07 20:15:52,370 | Scanner minimum listing age: ON -- requires >= 100 trading days of daily bar history (real cases this catches: ALMR ~80d, EROC ~43d)
2026-09-07 20:15:52,370 | Bar size: 15min | Check interval while market open: 15min
2026-09-07 20:15:52,370 | Active strategies: breakout, gap_continuation, trend_following, mean_reversion (regime-switched by ADX)
2026-09-07 20:15:52,370 | Trend strategy: EMA 9/21 crossover | Range strategy: RSI 14 (25.0/75.0) | Switched by ADX 14 (threshold 25.0)
2026-09-07 20:15:52,370 | No new entries between 210-270 min after the open (historically weak window in backtesting)
2026-09-07 20:15:52,370 | Scanner opening-range blackout: ON -- no new scanner-pick (non-S&P-500) entries in the first 45 min after the open (real-money-confirmed, additive to the lunch-window blackout above, not a replacement for it)
2026-09-07 20:15:52,370 | Risk management: fixed stop-loss -5% / take-profit +10% on every buy
2026-09-07 20:15:52,370 | Position sizing: flat $500 per trade
2026-09-07 20:15:52,370 | Graduated conviction sizing: ON -- qualifying strategies: none yet (real evidence-gated, see strategy.py). 1 of 3 confirming signals (strategy match / ADX >= 35 / volume >= 2.5x avg) sizes at $5000; 2 or more signals sizes at up to the full remaining $25,000/day pool (volatility-based size-down always wins when a trade qualifies for both)
2026-09-07 20:15:52,370 | Position limits: max 18 concurrent positions | max 5.0% aggregate portfolio risk | daily loss circuit breaker at -3% (pauses new entries only)
2026-09-07 20:15:52,370 | Portfolio heat cap: max $2,000 aggregate $-at-risk across all open positions
2026-09-07 20:15:52,370 | Sector concentration cap: max 2 open positions per sector (new entries only; symbols with no known sector are exempt)
2026-09-07 20:15:52,370 | End-of-day mode: positions will be auto-closed 10 min before market close.
2026-09-07 20:15:52,371 | Loaded saved watchlist from previous run: TYRA, LULU, FICO, OXM, NVDA, MU, SNDK, TSLA, AAPL, AVGO, MSFT, META
2026-09-07 20:15:52,371 | Restored daily risk state from previous run: day 2026-09-04, breaker tripped: False
2026-09-07 20:15:52,371 | Restored open-position context for 2 symbol(s) from previous run.
2026-09-07 20:15:52,371 | Running in --duration-minutes mode: cycling for 150 minutes, then exiting.
2026-09-07 20:15:52,603 | Market is closed. Next open: 2026-09-08 15:30:00 CEST (your local time) -- in 17.2 hours.
2026-09-07 20:15:52,671 | Market is closed for the day -- exiting early instead of idling.
2026-09-07 20:15:52,671 | Duration window finished.
2026-09-07 20:15:19,805 | === Adaptive Intraday Trading Bot starting (PAPER TRADING MODE) ===
2026-09-07 20:15:19,805 | Watchlist mode: AUTOMATIC SCANNER (refreshes every 0.5h, top 18 movers of 50 candidates, min price $10, max extension 20%, leveraged ETFs excluded: True, news filter: True). Fallback list: TSLA, NVDA, COIN, AMD, PLTR
2026-09-07 20:15:19,805 | Scanner minimum listing age: ON -- requires >= 100 trading days of daily bar history (real cases this catches: ALMR ~80d, EROC ~43d)
2026-09-07 20:15:19,805 | Bar size: 15min | Check interval while market open: 15min
2026-09-07 20:15:19,805 | Active strategies: breakout, gap_continuation, trend_following, mean_reversion (regime-switched by ADX)
2026-09-07 20:15:19,805 | Trend strategy: EMA 9/21 crossover | Range strategy: RSI 14 (25.0/75.0) | Switched by ADX 14 (threshold 25.0)
2026-09-07 20:15:19,806 | No new entries between 210-270 min after the open (historically weak window in backtesting)
2026-09-07 20:15:19,806 | Scanner opening-range blackout: ON -- no new scanner-pick (non-S&P-500) entries in the first 45 min after the open (real-money-confirmed, additive to the lunch-window blackout above, not a replacement for it)
2026-09-07 20:15:19,806 | Risk management: fixed stop-loss -5% / take-profit +10% on every buy
2026-09-07 20:15:19,806 | Position sizing: flat $500 per trade
2026-09-07 20:15:19,806 | Graduated conviction sizing: ON -- qualifying strategies: none yet (real evidence-gated, see strategy.py). 1 of 3 confirming signals (strategy match / ADX >= 35 / volume >= 2.5x avg) sizes at $5000; 2 or more signals sizes at up to the full remaining $25,000/day pool (volatility-based size-down always wins when a trade qualifies for both)
2026-09-07 20:15:19,806 | Position limits: max 18 concurrent positions | max 5.0% aggregate portfolio risk | daily loss circuit breaker at -3% (pauses new entries only)
2026-09-07 20:15:19,806 | Portfolio heat cap: max $2,000 aggregate $-at-risk across all open positions
2026-09-07 20:15:19,806 | Sector concentration cap: max 2 open positions per sector (new entries only; symbols with no known sector are exempt)
2026-09-07 20:15:19,806 | End-of-day mode: positions will be auto-closed 10 min before market close.
2026-09-07 20:15:19,806 | Loaded saved watchlist from previous run: TYRA, LULU, FICO, OXM, NVDA, MU, SNDK, TSLA, AAPL, AVGO, MSFT, META
2026-09-07 20:15:19,806 | Restored daily risk state from previous run: day 2026-09-04, breaker tripped: False
2026-09-07 20:15:19,806 | Restored open-position context for 2 symbol(s) from previous run.
2026-09-07 20:15:19,806 | Running in --duration-minutes mode: cycling for 150 minutes, then exiting.
2026-09-07 20:15:19,857 | Market is closed. Next open: 2026-09-08 15:30:00 CEST (your local time) -- in 17.2 hours.
2026-09-07 20:15:19,866 | Market is closed for the day -- exiting early instead of idling.
2026-09-07 20:15:19,866 | Duration window finished.
