2026-09-28 20:00:32,335 | === Adaptive Intraday Trading Bot starting (PAPER TRADING MODE) ===
2026-09-28 20:00:32,336 | Watchlist mode: AUTOMATIC SCANNER (refreshes every 0.5h, up to 50 movers + S&P 500 backstop, 500 watchlist slots total, min price $10, max extension 20%, leveraged ETFs excluded: True, news filter: True). Fallback list: TSLA, NVDA, COIN, AMD, PLTR
2026-09-28 20:00:32,336 | Scanner minimum listing age: ON -- requires >= 100 trading days of daily bar history (real cases this catches: ALMR ~80d, EROC ~43d)
2026-09-28 20:00:32,336 | Bar size: 15min | Check interval while market open: 15min
2026-09-28 20:00:32,336 | Active strategies: gap_continuation, trend_following, mean_reversion (regime-switched by ADX)
2026-09-28 20:00:32,336 | Trend strategy: EMA 9/21 crossover | Range strategy: RSI 14 (25.0/75.0) | Switched by ADX 14 (threshold 25.0)
2026-09-28 20:00:32,336 | No new entries between 210-270 min after the open (historically weak window in backtesting)
2026-09-28 20:00:32,336 | Scanner opening-range blackout: ON -- no new scanner-pick (non-S&P-500) entries in the first 45 min after the open (real-money-confirmed, additive to the lunch-window blackout above, not a replacement for it)
2026-09-28 20:00:32,336 | Risk management: fixed stop-loss -5% / take-profit +10% on every buy
2026-09-28 20:00:32,336 | Position sizing: flat $500 per trade
2026-09-28 20:00:32,336 | Graduated conviction sizing: ON -- qualifying strategies: none yet (real evidence-gated, see strategy.py). 1 of 3 confirming signals (strategy match / ADX >= 35 / volume >= 2.5x avg) sizes at $5000; 2 or more signals sizes at up to the full remaining $25,000/day pool (volatility-based size-down always wins when a trade qualifies for both)
2026-09-28 20:00:32,336 | Position limits: max 18 concurrent positions | max 5.0% aggregate portfolio risk | daily loss circuit breaker at -3% (pauses new entries only)
2026-09-28 20:00:32,336 | Portfolio heat cap: max $2,000 aggregate $-at-risk across all open positions
2026-09-28 20:00:32,336 | Sector concentration cap: max 2 open positions per sector (new entries only; symbols with no known sector are exempt)
2026-09-28 20:00:32,336 | End-of-day mode: positions will be auto-closed 10 min before market close.
2026-09-28 20:00:32,336 | Loaded saved watchlist from previous run: MU, META, NVDA, SNDK, AMD, INTC, TSLA, MSFT, AAPL, AMZN, GOOGL, AVGO, GOOG, DELL, ORCL, PLTR, MRVL, LITE, BE, STX, WBD, MRNA, LLY, WDC, LRCX, AZO, JPM, V, COST, TMO, AMAT, CSCO, CRWD, MA, CRM, QCOM, VLO, JNJ, PANW, GS, TXN, HOOD, GEV, BRK.B, WMT, NFLX, XOM, CAT, BAC, CVX, MCD, TJX, DHR, MRK, COHR, MPC, HD, C, SMCI, COIN, BKNG, PM, AMGN, UNH, UNP, MDT, DE, EXPE, MS, AKAM, BA, KLAC, DASH, ADI, GE, ALL, LIN, APP, PGR, WFC, ABNB, GILD, NOW, SCHW, TMUS, NKE, ABBV, PSX, RCL, ABT, KO, NXPI, COF, ILMN, MPWR, MCK, IBM, AXP, PG, ACN, UBER, NEE, CDNS, SYK, DDOG, HON, INTU, SHW, PEP, ETN, VZ, MLM, ADBE, CVS, PH, HPE, BMY, APH, BNY, HCA, ISRG, CMI, ADP, WELL, T, PCAR, COP, HLT, ANET, EQIX, BLK, DIS, RTX, AEP, AON, VRT, SNPS, VRTX, GLW, MRSH, P, BSX, HWM, ORLY, AMT, REGN, A, LOW, TER, FANG, TT, CL, CB, ELV, HONA, CTAS, STT, ACGL, ICE, HBAN, MCHP, SBUX, TRV, MAR, PYPL, AMP, SPGI, ON, IR, CAH, CSX, MMM, GM, PNC, FTNT, ROST, PFE, URI, CMCSA, CIEN, SO, SYY, JCI, CRH, USB, GD, TDG, IQV, PAYX, DVN, HUM, EBAY, MDLZ, LMT, FDX, GDDY, PWR, AJG, SLB, CASY, GWW, YUM, UPS, VEEV, CME, FCX, WM, MSI, DUK, CI, BKR, BX, TFC, APD, FSLR, AME, NOC, WAT, WEC, DAL, NEM, XEL, CEG, TGT, FAST, KR, DHI, RDDT, MTD, DRI, APO, D, PCG, CHTR, CRL, VMC, RVTY, WMB, CARR, EMR, MO, DXCM, ADSK, MCO, SWKS, TTWO, ROP, COR, FITB, EOG, AXON, KEYS, RSG, VTR, PLD, EW, GEN, LYV, CTVA, FIX, WDAY, NTAP, VST, TRGP, FOXA, CCL, VMRK, MNST, FERG, EQT, MSCI, NSC, UAL, EFX, F, NUE, LH, KKR, TEL, KEY, CBRE, TSCO, TPR, HPQ, CTSH, OKE, BBY, ODFL, ITW, O, ETR, CMG, CMS, DGX, FICO, CFG, DLR, NI, LEN, JBL, LHX, OXY, NDAQ, EXE, DLTR, FLEX, PSA, KMB, ECL, KMI, CF, EL, DOV, LULU, BDX, ECHO, MET, WST, XYL, CHRW, GIS, AIG, CNC, DTE, RL, RF, SRE, ARES, ROK, VRSN, EXC, RJF, KDP, JBHT, EXR, KVUE, CBOE, CNP, CCI, TECH, BIIB, AWK, WAB, EME, NVR, PEG, ROL, WSM, OTIS, CVNA, NRG, AFL, EXPD, FFIV, IBKR, COO, GRMN, HIG, XYZ, IDXX, FISV, HAL, DG, RMD, ED, TDY, ULTA, PSKY, CPRT, MGM, ZBRA, GEHC, BAX, CDW, KHC, TKO, SYF, HUBB, VRSK, DPZ, ALB, TYL, ZBH, PTC, LUV, OMC, CPAY, SPG, HSY, AEE, SW, APA, GPN, DECK, ZTS, DOW, PPL, WRB, MTB, PPG, STZ, INCY, PHM, BG, ATO, ADM, LNT, FDXF, ES, ESS, VLTO, STLD, HST, LYB, HAS, GNRC, MOS, FDS, PRU, IVZ, NTRS, LVS, IRM, ALLE, BRO, IT, FIS, MAA, SBAC, PODD, CLX, LII, UHS, CSGP, EVRG, PFG, TSN, EIX, FE, MAS, IP, ALGN, NCLH, TROW, BEN, INVH, IFF, BR, NWSA, UDR, LDOS, JKHY, AIZ, TXT, Q, VICI, WTW, SJM, APTV, CHD, TPL, CPT, IEX, WYNN, L, VTRS, AMCR, DOC, PNR, EG, SWK, BALL, WY, PKG, AES, STE, HII, FRT, PNW, MKC, J, DD, REG, DVA, TRMB, HSIC, AVY, NDSN, FTV, GPC
2026-09-28 20:00:32,337 | Restored daily risk state from previous run: day 2026-09-25, breaker tripped: False
2026-09-28 20:00:32,337 | Restored open-position context for 2 symbol(s) from previous run.
2026-09-28 20:00:32,337 | Running in --duration-minutes mode: cycling for 150 minutes, then exiting.
2026-09-28 20:00:32,548 | Market is closed. Next open: 2026-09-29 15:30:00 CEST (your local time) -- in 17.5 hours.
2026-09-28 20:00:32,603 | Market is closed for the day -- exiting early instead of idling.
2026-09-28 20:00:32,603 | Duration window finished.
