2026-10-02 20:00:35,285 | === Adaptive Intraday Trading Bot starting (PAPER TRADING MODE) ===
2026-10-02 20:00:35,285 | Watchlist mode: AUTOMATIC SCANNER (refreshes every 0.5h, up to 50 movers + S&P 500 backstop, 500 watchlist slots total, min price $10, max extension 20%, leveraged ETFs excluded: True, news filter: True). Fallback list: TSLA, NVDA, COIN, AMD, PLTR
2026-10-02 20:00:35,285 | Scanner minimum listing age: ON -- requires >= 100 trading days of daily bar history (real cases this catches: ALMR ~80d, EROC ~43d)
2026-10-02 20:00:35,285 | Bar size: 15min | Check interval while market open: 15min
2026-10-02 20:00:35,285 | Active strategies: gap_continuation, trend_following, mean_reversion (regime-switched by ADX)
2026-10-02 20:00:35,285 | Trend strategy: EMA 9/21 crossover | Range strategy: RSI 14 (25.0/75.0) | Switched by ADX 14 (threshold 25.0)
2026-10-02 20:00:35,285 | No new entries between 210-270 min after the open (historically weak window in backtesting)
2026-10-02 20:00:35,285 | Scanner opening-range blackout: ON -- no new scanner-pick (non-S&P-500) entries in the first 45 min after the open (real-money-confirmed, additive to the lunch-window blackout above, not a replacement for it)
2026-10-02 20:00:35,285 | Risk management: fixed stop-loss -5% / take-profit +10% on every buy
2026-10-02 20:00:35,286 | Position sizing: flat $500 per trade
2026-10-02 20:00:35,286 | Graduated conviction sizing: ON -- qualifying strategies: none yet (real evidence-gated, see strategy.py). 1 of 3 confirming signals (strategy match / ADX >= 35 / volume >= 2.5x avg) sizes at $5000; 2 or more signals sizes at up to the full remaining $25,000/day pool (volatility-based size-down always wins when a trade qualifies for both)
2026-10-02 20:00:35,286 | Position limits: max 18 concurrent positions | max 5.0% aggregate portfolio risk | daily loss circuit breaker at -3% (pauses new entries only)
2026-10-02 20:00:35,286 | Portfolio heat cap: max $2,000 aggregate $-at-risk across all open positions
2026-10-02 20:00:35,286 | Sector concentration cap: max 2 open positions per sector (new entries only; symbols with no known sector are exempt)
2026-10-02 20:00:35,286 | End-of-day mode: positions will be auto-closed 10 min before market close.
2026-10-02 20:00:35,286 | Loaded saved watchlist from previous run: SVRN, MU, NVDA, META, AAPL, TSLA, SNDK, INTC, AMD, MSFT, GOOGL, AMZN, AVGO, GOOG, LITE, BE, ORCL, MRVL, MDT, DELL, AMAT, LLY, ACN, MRNA, PLTR, WDC, CRM, JPM, V, STX, LRCX, MA, TMO, COST, NFLX, PANW, WMT, BRK.B, AZO, HOOD, BA, JNJ, GEV, COHR, WBD, GS, BAC, CRWD, XOM, CAT, HD, QCOM, C, MS, DHR, SNPS, TJX, TXN, MRK, CSCO, AMGN, FICO, UNH, DE, WFC, ABBV, APP, CVX, GE, VLO, DASH, PG, ADI, KLAC, URI, APH, SPGI, DIS, MPC, NOW, ALL, NKE, SLB, AXP, REGN, CDNS, IBM, ETN, LIN, KO, COIN, ILMN, COP, MCD, HPE, DDOG, TT, GILD, PSX, BMY, SCHW, PGR, ABT, SMCI, SYK, CRH, COF, NEE, PEP, PM, LOW, UNP, INTU, BKNG, CI, MCK, AIG, RCL, ANET, GLW, CCL, ISRG, EXPE, UBER, ADBE, WELL, BNY, SHW, TMUS, CMI, EQIX, PLD, SO, PH, NXPI, CVS, PWR, BLK, BX, ABNB, RTX, BSX, JBL, VZ, CIEN, MMM, KR, ADP, HLT, MRSH, FCX, VRT, MAR, ITW, EMR, CB, MPWR, NTAP, ELV, COR, CEG, TER, HCA, T, IR, GM, MLM, WMB, AON, MCO, TGT, HUM, USB, PNC, TDG, DUK, AMT, JCI, CBOE, HWM, GD, APO, PFE, MDLZ, CSX, DHI, ACGL, KKR, CVNA, VRTX, VMC, TEL, MCHP, CTVA, ROST, HBAN, IQV, FERG, AJG, GWW, ON, NEM, HON, CTSH, AME, SBUX, FDX, LMT, MNST, VST, CME, FITB, EBAY, CAH, CASY, FIX, AKAM, RVTY, STT, A, EOG, WM, EXC, ICE, RDDT, FTNT, LEN, HONA, CMS, CMG, LYV, DAL, XEL, SWKS, ECL, TRV, CL, AEP, WDAY, VEEV, ETR, P, AXON, WEC, EW, LHX, WAT, FAST, CBRE, ORLY, ODFL, TRGP, CTAS, MSCI, TFC, PCAR, KVUE, TTWO, BIIB, PCG, NUE, KDP, KEYS, ADSK, CMCSA, PPL, RF, AMP, SYY, OTIS, FANG, APD, MSI, CARR, BKR, BDX, DTE, PAYX, ROL, OXY, NOC, KMB, CFG, TPR, FDS, KEY, PYPL, SRE, UAL, COO, ED, ROK, MO, DLR, ROP, F, EFX, NDAQ, VMRK, TSCO, MET, DOV, DRI, DGX, UPS, PSA, HIG, DG, O, HAL, EXE, LNT, DXCM, DLTR, HPQ, XYZ, PEG, OKE, EL, EME, CF, FSLR, CPAY, IDXX, FISV, YUM, AWK, STLD, CHTR, DVN, LULU, KMI, NI, ARES, GIS, FOXA, EIX, TECH, IBKR, EVRG, RSG, CNC, AEE, HSY, D, MTD, BBY, SPG, XYL, EQT, FFIV, DECK, FLEX, CNP, GEN, ZTS, VRSK, WAB, NRG, MTB, ECHO, APA, RMD, NVR, WSM, SW, CCI, DPZ, CRL, NSC, JBHT, INCY, WST, HUBB, SYF, ULTA, VTR, PHM, ES, GRMN, LII, ADM, HST, NCLH, LH, CHD, RL, TYL, IP, TKO, PPG, AFL, DOW, HAS, OMC, LUV, PODD, FE, CDW, ZBRA, TROW, FDXF, BG, MKC, PRU, EXPD, KHC, VRSN, WYNN, FIS, LYB, ALB, GPN, EXR, LVS, NTRS, GEHC, WTW, ZBH, CPRT, IRM, CLX, PTC, STZ, VICI, GNRC, BAX, IFF, CHRW, RJF, GDDY, SWK, IEX, PNW, IT, ALLE, MAA, ATO, TSN, TDY, VTRS, ESS, WRB, VLTO, SJM, HII, BRO, AES, TXT, MGM, BEN, Q, CSGP, EG, TRMB, IVZ, MAS, MOS, NWSA, CPT, FRT, WY, APTV, PFG, SBAC, UDR, BR, PKG, JKHY, ALGN, INVH, J, LDOS, BALL, PNR, L, CINF, UHS, NDSN, DD, FTV, AVY, KIM, AMCR, STE, AOS, DOC, GPC, DVA, SNA, ARE
2026-10-02 20:00:35,286 | Restored daily risk state from previous run: day 2026-10-01, breaker tripped: False
2026-10-02 20:00:35,286 | Restored open-position context for 2 symbol(s) from previous run.
2026-10-02 20:00:35,286 | Running in --duration-minutes mode: cycling for 150 minutes, then exiting.
2026-10-02 20:00:35,497 | Market is closed. Next open: 2026-10-05 15:30:00 CEST (your local time) -- in 65.5 hours.
2026-10-02 20:00:35,552 | Market is closed for the day -- exiting early instead of idling.
2026-10-02 20:00:35,552 | Duration window finished.
