2026-09-03 17:54:33,246 | === Adaptive Intraday Trading Bot starting (PAPER TRADING MODE) ===
2026-09-03 17:54:33,246 | Watchlist mode: AUTOMATIC SCANNER (refreshes every 0.5h, top 18 movers of 50 candidates, min price $10, max extension 20%, leveraged ETFs excluded: True, news filter: True). Fallback list: TSLA, NVDA, COIN, AMD, PLTR
2026-09-03 17:54:33,247 | Scanner minimum listing age: ON -- requires >= 100 trading days of daily bar history (real cases this catches: ALMR ~80d, EROC ~43d)
2026-09-03 17:54:33,247 | Bar size: 15min | Check interval while market open: 15min
2026-09-03 17:54:33,247 | Active strategies: breakout, gap_continuation, vwap_reversion, trend_following, mean_reversion (regime-switched by ADX)
2026-09-03 17:54:33,247 | Trend strategy: EMA 9/21 crossover | Range strategy: RSI 14 (25.0/75.0) | Switched by ADX 14 (threshold 25.0)
2026-09-03 17:54:33,247 | No new entries between 210-270 min after the open (historically weak window in backtesting)
2026-09-03 17:54:33,247 | Scanner opening-range blackout: ON -- no new scanner-pick (non-S&P-500) entries in the first 45 min after the open (real-money-confirmed, additive to the lunch-window blackout above, not a replacement for it)
2026-09-03 17:54:33,247 | Risk management: fixed stop-loss -5% / take-profit +10% on every buy
2026-09-03 17:54:33,247 | Position sizing: flat $500 per trade
2026-09-03 17:54:33,247 | Graduated conviction sizing: ON -- qualifying strategies: none yet (real evidence-gated, see strategy.py). 1 of 3 confirming signals (strategy match / ADX >= 35 / volume >= 2.5x avg) sizes at $5000; 2 or more signals sizes at up to the full remaining $25,000/day pool (volatility-based size-down always wins when a trade qualifies for both)
2026-09-03 17:54:33,247 | Position limits: max 18 concurrent positions | max 5.0% aggregate portfolio risk | daily loss circuit breaker at -3% (pauses new entries only)
2026-09-03 17:54:33,247 | Portfolio heat cap: max $2,000 aggregate $-at-risk across all open positions
2026-09-03 17:54:33,247 | Sector concentration cap: max 2 open positions per sector (new entries only; symbols with no known sector are exempt)
2026-09-03 17:54:33,247 | End-of-day mode: positions will be auto-closed 10 min before market close.
2026-09-03 17:54:33,247 | Loaded saved watchlist from previous run: NVDA, MU, SNDK, TSLA, AAPL, MSFT, GOOGL, AMZN, DELL, META
2026-09-03 17:54:33,247 | Restored daily risk state from previous run: day 2026-09-02, breaker tripped: False
2026-09-03 17:54:33,248 | Restored open-position context for 2 symbol(s) from previous run.
2026-09-03 17:54:33,248 | Running in --duration-minutes mode: cycling for 150 minutes, then exiting.
2026-09-03 17:54:33,300 | Daily loss circuit breaker: tracking from starting equity $99,420.09 (limit -3%).
2026-09-03 17:54:33,301 | Daily conviction-sizing pool reset: $25,000 available today.
2026-09-03 17:54:33,301 | SCANNER: refreshing watchlist...
2026-09-03 17:54:33,374 | SCANNER: no candidates survived the price/extension filters.
2026-09-03 17:54:33,374 | SCANNER: every candidate this cycle was a leveraged/inverse ETF.
2026-09-03 17:54:33,412 | S&P 500: refreshed constituent list (503 symbols).
2026-09-03 17:54:46,580 | S&P 500 liquidity backstop -> NVDA, MU, SNDK, TSLA, AAPL, AVGO, MSFT, DELL, META, GOOGL
2026-09-03 17:54:46,581 | SCANNER: new watchlist -> NVDA, MU, SNDK, TSLA, AAPL, AVGO, MSFT, DELL, META, GOOGL
2026-09-03 17:54:46,596 | [NVDA] Position closed -- no re-entry for 60 min (guards against repeatedly buying the same falling stock).
2026-09-03 17:54:46,647 | Market is open (closes 2026-09-03 22:00:00 CEST your local time). Checking 10 symbols: AAPL, AVGO, DELL, GOOGL, META, MSFT, MU, NVDA, SNDK, TSLA
2026-09-03 17:54:47,487 | [AAPL] trending (ADX 37.8) -> trend-following strategy | Signal: HOLD | Shares held: 0.0 | Last price: $326.92
2026-09-03 17:54:47,487 | [AAPL] ACTION: No trade.
2026-09-03 17:54:47,514 | [AVGO] trending (ADX 29.5) -> trend-following strategy | Signal: HOLD | Shares held: 0.0 | Last price: $354.24
2026-09-03 17:54:47,514 | [AVGO] ACTION: No trade.
2026-09-03 17:54:47,540 | [DELL] trending (ADX 43.5) -> trend-following strategy | Signal: HOLD | Shares held: 9.0 | Last price: $515.16
2026-09-03 17:54:47,540 | [DELL] ACTION: No trade.
2026-09-03 17:54:47,566 | [GOOGL] choppy/sideways (ADX 22.3) -> mean-reversion strategy | Signal: HOLD | Shares held: 0.0 | Last price: $342.70
2026-09-03 17:54:47,566 | [GOOGL] ACTION: No trade.
2026-09-03 17:54:47,593 | [META] trending (ADX 43.3) -> trend-following strategy | Signal: HOLD | Shares held: 0.0 | Last price: $614.51
2026-09-03 17:54:47,593 | [META] ACTION: No trade.
2026-09-03 17:54:47,619 | [MSFT] trending (ADX 42.9) -> trend-following strategy | Signal: HOLD | Shares held: 0.0 | Last price: $510.19
2026-09-03 17:54:47,619 | [MSFT] ACTION: No trade.
2026-09-03 17:54:47,645 | [MU] choppy/sideways (ADX 12.9) -> mean-reversion strategy | Signal: HOLD | Shares held: 0.0 | Last price: $943.10
2026-09-03 17:54:47,645 | [MU] ACTION: No trade.
2026-09-03 17:54:47,671 | [NVDA] trending (ADX 29.0) -> trend-following strategy | Signal: HOLD | Shares held: 0.0 | Last price: $229.83
2026-09-03 17:54:47,671 | [NVDA] ACTION: No trade.
2026-09-03 17:54:47,704 | [SNDK] choppy/sideways (ADX 16.5) -> mean-reversion strategy | Signal: HOLD | Shares held: 0.0 | Last price: $1554.74
2026-09-03 17:54:47,704 | [SNDK] ACTION: No trade.
2026-09-03 17:54:47,730 | [TSLA] trending (ADX 54.0) -> trend-following strategy | Signal: HOLD | Shares held: 13.0 | Last price: $382.48
2026-09-03 17:54:47,730 | [TSLA] ACTION: No trade.
2026-09-03 18:09:47,819 | Market is open (closes 2026-09-03 22:00:00 CEST your local time). Checking 10 symbols: AAPL, AVGO, DELL, GOOGL, META, MSFT, MU, NVDA, SNDK, TSLA
2026-09-03 18:09:48,479 | [AAPL] trending (ADX 35.6) -> trend-following strategy | Signal: HOLD | Shares held: 0.0 | Last price: $326.90
2026-09-03 18:09:48,480 | [AAPL] ACTION: No trade.
2026-09-03 18:09:48,507 | [AVGO] trending (ADX 28.4) -> trend-following strategy | Signal: HOLD | Shares held: 0.0 | Last price: $352.67
2026-09-03 18:09:48,507 | [AVGO] ACTION: No trade.
2026-09-03 18:09:48,534 | [DELL] trending (ADX 42.2) -> trend-following strategy | Signal: HOLD | Shares held: 9.0 | Last price: $515.84
2026-09-03 18:09:48,534 | [DELL] ACTION: No trade.
2026-09-03 18:09:48,562 | [GOOGL] choppy/sideways (ADX 22.4) -> mean-reversion strategy | Signal: HOLD | Shares held: 0.0 | Last price: $342.84
2026-09-03 18:09:48,562 | [GOOGL] ACTION: No trade.
2026-09-03 18:09:48,589 | [META] trending (ADX 42.9) -> trend-following strategy | Signal: HOLD | Shares held: 0.0 | Last price: $614.88
2026-09-03 18:09:48,589 | [META] ACTION: No trade.
2026-09-03 18:09:48,616 | [MSFT] trending (ADX 42.2) -> trend-following strategy | Signal: HOLD | Shares held: 0.0 | Last price: $511.00
2026-09-03 18:09:48,616 | [MSFT] ACTION: No trade.
2026-09-03 18:09:48,643 | [MU] choppy/sideways (ADX 12.4) -> mean-reversion strategy | Signal: HOLD | Shares held: 0.0 | Last price: $945.60
2026-09-03 18:09:48,643 | [MU] ACTION: No trade.
2026-09-03 18:09:48,670 | [NVDA] volume-confirmed breakout above 20-bar high | Signal: BUY | Shares held: 0.0 | Last price: $230.02
2026-09-03 18:09:48,670 | [NVDA] ACTION: No trade (cooling off for 60 min after this symbol's last position closed).
2026-09-03 18:09:48,698 | [SNDK] choppy/sideways (ADX 17.9) -> mean-reversion strategy | Signal: HOLD | Shares held: 0.0 | Last price: $1563.73
2026-09-03 18:09:48,698 | [SNDK] ACTION: No trade.
2026-09-03 18:09:48,725 | [TSLA] trending (ADX 54.3) -> trend-following strategy | Signal: HOLD | Shares held: 13.0 | Last price: $382.46
2026-09-03 18:09:48,725 | [TSLA] ACTION: No trade.
2026-09-03 18:24:48,802 | SCANNER: refreshing watchlist...
2026-09-03 18:24:48,871 | SCANNER: no candidates survived the price/extension filters.
2026-09-03 18:24:48,871 | SCANNER: every candidate this cycle was a leveraged/inverse ETF.
2026-09-03 18:24:59,986 | S&P 500 liquidity backstop -> NVDA, MU, SNDK, TSLA, AAPL, AVGO, MSFT, DELL, META, GOOGL
2026-09-03 18:24:59,989 | SCANNER: new watchlist -> NVDA, MU, SNDK, TSLA, AAPL, AVGO, MSFT, DELL, META, GOOGL
2026-09-03 18:25:00,016 | Market is open (closes 2026-09-03 22:00:00 CEST your local time). Checking 10 symbols: AAPL, AVGO, DELL, GOOGL, META, MSFT, MU, NVDA, SNDK, TSLA
2026-09-03 18:25:00,969 | [AAPL] trending (ADX 33.6) -> trend-following strategy | Signal: HOLD | Shares held: 0.0 | Last price: $327.33
2026-09-03 18:25:00,969 | [AAPL] ACTION: No trade.
2026-09-03 18:25:00,995 | [AVGO] trending (ADX 26.9) -> trend-following strategy | Signal: HOLD | Shares held: 0.0 | Last price: $355.56
2026-09-03 18:25:00,995 | [AVGO] ACTION: No trade.
2026-09-03 18:25:01,021 | [DELL] trending (ADX 41.1) -> trend-following strategy | Signal: HOLD | Shares held: 9.0 | Last price: $514.75
2026-09-03 18:25:01,022 | [DELL] ACTION: No trade.
2026-09-03 18:25:01,047 | [GOOGL] choppy/sideways (ADX 22.7) -> mean-reversion strategy | Signal: HOLD | Shares held: 0.0 | Last price: $342.75
2026-09-03 18:25:01,047 | [GOOGL] ACTION: No trade.
2026-09-03 18:25:01,073 | [META] trending (ADX 42.5) -> trend-following strategy | Signal: HOLD | Shares held: 0.0 | Last price: $614.47
2026-09-03 18:25:01,073 | [META] ACTION: No trade.
2026-09-03 18:25:01,099 | [MSFT] trending (ADX 42.6) -> trend-following strategy | Signal: HOLD | Shares held: 0.0 | Last price: $514.64
2026-09-03 18:25:01,100 | [MSFT] ACTION: No trade.
2026-09-03 18:25:01,126 | [MU] choppy/sideways (ADX 12.5) -> mean-reversion strategy | Signal: HOLD | Shares held: 0.0 | Last price: $948.73
2026-09-03 18:25:01,126 | [MU] ACTION: No trade.
2026-09-03 18:25:01,151 | [NVDA] trending (ADX 32.1) -> trend-following strategy | Signal: HOLD | Shares held: 0.0 | Last price: $230.14
2026-09-03 18:25:01,151 | [NVDA] ACTION: No trade.
2026-09-03 18:25:01,177 | [SNDK] choppy/sideways (ADX 19.4) -> mean-reversion strategy | Signal: HOLD | Shares held: 0.0 | Last price: $1561.92
2026-09-03 18:25:01,177 | [SNDK] ACTION: No trade.
2026-09-03 18:25:01,204 | [TSLA] trending (ADX 54.7) -> trend-following strategy | Signal: HOLD | Shares held: 13.0 | Last price: $382.41
2026-09-03 18:25:01,204 | [TSLA] ACTION: No trade.
2026-09-03 18:40:01,271 | Market is open (closes 2026-09-03 22:00:00 CEST your local time). Checking 10 symbols: AAPL, AVGO, DELL, GOOGL, META, MSFT, MU, NVDA, SNDK, TSLA (within 90 min of close -- not enough runway left today for a new position)
2026-09-03 18:40:02,684 | [AAPL] trending (ADX 31.8) -> trend-following strategy | Signal: SELL | Shares held: 0.0 | Last price: $327.12
2026-09-03 18:40:02,684 | [AAPL] ACTION: No trade.
2026-09-03 18:40:02,710 | [AVGO] trending (ADX 25.1) -> trend-following strategy | Signal: HOLD | Shares held: 0.0 | Last price: $355.47
2026-09-03 18:40:02,711 | [AVGO] ACTION: No trade.
2026-09-03 18:40:02,737 | [DELL] trending (ADX 40.1) -> trend-following strategy | Signal: HOLD | Shares held: 9.0 | Last price: $516.32
2026-09-03 18:40:02,737 | [DELL] ACTION: No trade.
2026-09-03 18:40:02,763 | [GOOGL] choppy/sideways (ADX 23.3) -> mean-reversion strategy | Signal: HOLD | Shares held: 0.0 | Last price: $343.62
2026-09-03 18:40:02,763 | [GOOGL] ACTION: No trade.
2026-09-03 18:40:02,790 | [META] trending (ADX 42.1) -> trend-following strategy | Signal: HOLD | Shares held: 0.0 | Last price: $614.49
2026-09-03 18:40:02,790 | [META] ACTION: No trade.
2026-09-03 18:40:02,817 | [MSFT] trending (ADX 43.0) -> trend-following strategy | Signal: HOLD | Shares held: 0.0 | Last price: $514.73
2026-09-03 18:40:02,817 | [MSFT] ACTION: No trade.
2026-09-03 18:40:02,843 | [MU] choppy/sideways (ADX 12.7) -> mean-reversion strategy | Signal: HOLD | Shares held: 0.0 | Last price: $951.05
2026-09-03 18:40:02,843 | [MU] ACTION: No trade.
2026-09-03 18:40:02,870 | [NVDA] trending (ADX 32.9) -> trend-following strategy | Signal: HOLD | Shares held: 0.0 | Last price: $229.51
2026-09-03 18:40:02,870 | [NVDA] ACTION: No trade.
2026-09-03 18:40:02,896 | [SNDK] choppy/sideways (ADX 20.7) -> mean-reversion strategy | Signal: HOLD | Shares held: 0.0 | Last price: $1560.05
2026-09-03 18:40:02,896 | [SNDK] ACTION: No trade.
2026-09-03 18:40:02,923 | [TSLA] trending (ADX 54.6) -> trend-following strategy | Signal: HOLD | Shares held: 13.0 | Last price: $382.23
2026-09-03 18:40:02,923 | [TSLA] ACTION: No trade.
2026-09-03 18:55:02,977 | SCANNER: refreshing watchlist...
2026-09-03 18:55:03,031 | SCANNER: no candidates survived the price/extension filters.
2026-09-03 18:55:03,031 | SCANNER: every candidate this cycle was a leveraged/inverse ETF.
2026-09-03 18:55:23,414 | S&P 500 liquidity backstop -> NVDA, MU, SNDK, TSLA, AAPL, AVGO, MSFT, DELL, META, GOOGL
2026-09-03 18:55:23,417 | SCANNER: new watchlist -> NVDA, MU, SNDK, TSLA, AAPL, AVGO, MSFT, DELL, META, GOOGL
2026-09-03 18:55:23,436 | Market is open (closes 2026-09-03 22:00:00 CEST your local time). Checking 10 symbols: AAPL, AVGO, DELL, GOOGL, META, MSFT, MU, NVDA, SNDK, TSLA (within 90 min of close -- not enough runway left today for a new position)
2026-09-03 18:55:24,608 | [AAPL] trending (ADX 30.1) -> trend-following strategy | Signal: HOLD | Shares held: 0.0 | Last price: $326.90
2026-09-03 18:55:24,608 | [AAPL] ACTION: No trade.
2026-09-03 18:55:24,636 | [AVGO] choppy/sideways (ADX 23.4) -> mean-reversion strategy | Signal: HOLD | Shares held: 0.0 | Last price: $356.32
2026-09-03 18:55:24,636 | [AVGO] ACTION: No trade.
2026-09-03 18:55:24,664 | [DELL] trending (ADX 38.2) -> trend-following strategy | Signal: HOLD | Shares held: 9.0 | Last price: $512.63
2026-09-03 18:55:24,664 | [DELL] ACTION: No trade.
2026-09-03 18:55:24,691 | [GOOGL] choppy/sideways (ADX 23.9) -> mean-reversion strategy | Signal: HOLD | Shares held: 0.0 | Last price: $342.78
2026-09-03 18:55:24,692 | [GOOGL] ACTION: No trade.
2026-09-03 18:55:24,719 | [META] trending (ADX 41.9) -> trend-following strategy | Signal: HOLD | Shares held: 0.0 | Last price: $614.63
2026-09-03 18:55:24,719 | [META] ACTION: No trade.
2026-09-03 18:55:24,747 | [MSFT] trending (ADX 42.7) -> trend-following strategy | Signal: HOLD | Shares held: 0.0 | Last price: $513.32
2026-09-03 18:55:24,747 | [MSFT] ACTION: No trade.
2026-09-03 18:55:24,775 | [MU] choppy/sideways (ADX 13.2) -> mean-reversion strategy | Signal: HOLD | Shares held: 0.0 | Last price: $952.39
2026-09-03 18:55:24,775 | [MU] ACTION: No trade.
2026-09-03 18:55:24,804 | [NVDA] trending (ADX 33.3) -> trend-following strategy | Signal: HOLD | Shares held: 0.0 | Last price: $229.57
2026-09-03 18:55:24,805 | [NVDA] ACTION: No trade.
2026-09-03 18:55:24,832 | [SNDK] choppy/sideways (ADX 21.9) -> mean-reversion strategy | Signal: HOLD | Shares held: 0.0 | Last price: $1563.80
2026-09-03 18:55:24,832 | [SNDK] ACTION: No trade.
2026-09-03 18:55:24,860 | [TSLA] trending (ADX 54.2) -> trend-following strategy | Signal: HOLD | Shares held: 13.0 | Last price: $381.08
2026-09-03 18:55:24,861 | [TSLA] ACTION: No trade.
2026-09-03 19:10:24,944 | Market is open (closes 2026-09-03 22:00:00 CEST your local time). Checking 10 symbols: AAPL, AVGO, DELL, GOOGL, META, MSFT, MU, NVDA, SNDK, TSLA (within 90 min of close -- not enough runway left today for a new position)
2026-09-03 19:10:26,176 | [AAPL] trending (ADX 28.1) -> trend-following strategy | Signal: HOLD | Shares held: 0.0 | Last price: $327.19
2026-09-03 19:10:26,176 | [AAPL] ACTION: No trade.
2026-09-03 19:10:26,202 | [AVGO] choppy/sideways (ADX 22.0) -> mean-reversion strategy | Signal: HOLD | Shares held: 0.0 | Last price: $357.09
2026-09-03 19:10:26,202 | [AVGO] ACTION: No trade.
2026-09-03 19:10:26,229 | [DELL] trending (ADX 36.4) -> trend-following strategy | Signal: HOLD | Shares held: 9.0 | Last price: $514.06
2026-09-03 19:10:26,229 | [DELL] ACTION: No trade.
2026-09-03 19:10:26,263 | [GOOGL] choppy/sideways (ADX 24.1) -> mean-reversion strategy | Signal: HOLD | Shares held: 0.0 | Last price: $342.79
2026-09-03 19:10:26,263 | [GOOGL] ACTION: No trade.
2026-09-03 19:10:26,291 | [META] trending (ADX 40.9) -> trend-following strategy | Signal: HOLD | Shares held: 0.0 | Last price: $613.85
2026-09-03 19:10:26,291 | [META] ACTION: No trade.
2026-09-03 19:10:26,317 | [MSFT] trending (ADX 41.8) -> trend-following strategy | Signal: HOLD | Shares held: 0.0 | Last price: $512.36
2026-09-03 19:10:26,317 | [MSFT] ACTION: No trade.
2026-09-03 19:10:26,343 | [MU] choppy/sideways (ADX 14.4) -> mean-reversion strategy | Signal: HOLD | Shares held: 0.0 | Last price: $956.17
2026-09-03 19:10:26,343 | [MU] ACTION: No trade.
2026-09-03 19:10:26,368 | [NVDA] trending (ADX 33.6) -> trend-following strategy | Signal: HOLD | Shares held: 0.0 | Last price: $229.44
2026-09-03 19:10:26,368 | [NVDA] ACTION: No trade.
2026-09-03 19:10:26,394 | [SNDK] volume-confirmed breakout above 20-bar high | Signal: BUY | Shares held: 0.0 | Last price: $1564.62
2026-09-03 19:10:26,394 | [SNDK] ACTION: No trade (within 90 min of close -- not enough runway left today for a new position).
2026-09-03 19:10:26,420 | [TSLA] trending (ADX 53.5) -> trend-following strategy | Signal: HOLD | Shares held: 13.0 | Last price: $380.94
2026-09-03 19:10:26,420 | [TSLA] ACTION: No trade.
2026-09-03 19:25:26,485 | SCANNER: refreshing watchlist...
2026-09-03 19:25:26,543 | SCANNER: no candidates survived the price/extension filters.
2026-09-03 19:25:26,543 | SCANNER: every candidate this cycle was a leveraged/inverse ETF.
2026-09-03 19:25:43,420 | S&P 500 liquidity backstop -> NVDA, MU, SNDK, TSLA, AAPL, AVGO, MSFT, DELL, META, GOOGL
2026-09-03 19:25:43,423 | SCANNER: new watchlist -> NVDA, MU, SNDK, TSLA, AAPL, AVGO, MSFT, DELL, META, GOOGL
2026-09-03 19:25:43,440 | Market is open (closes 2026-09-03 22:00:00 CEST your local time). Checking 10 symbols: AAPL, AVGO, DELL, GOOGL, META, MSFT, MU, NVDA, SNDK, TSLA (within 90 min of close -- not enough runway left today for a new position)
2026-09-03 19:25:44,269 | [AAPL] trending (ADX 26.7) -> trend-following strategy | Signal: HOLD | Shares held: 0.0 | Last price: $327.35
2026-09-03 19:25:44,269 | [AAPL] ACTION: No trade.
2026-09-03 19:25:44,295 | [AVGO] choppy/sideways (ADX 20.9) -> mean-reversion strategy | Signal: HOLD | Shares held: 0.0 | Last price: $357.06
2026-09-03 19:25:44,295 | [AVGO] ACTION: No trade.
2026-09-03 19:25:44,320 | [DELL] trending (ADX 34.6) -> trend-following strategy | Signal: HOLD | Shares held: 9.0 | Last price: $514.41
2026-09-03 19:25:44,320 | [DELL] ACTION: No trade.
2026-09-03 19:25:44,346 | [GOOGL] choppy/sideways (ADX 24.7) -> mean-reversion strategy | Signal: HOLD | Shares held: 0.0 | Last price: $343.26
2026-09-03 19:25:44,346 | [GOOGL] ACTION: No trade.
2026-09-03 19:25:44,371 | [META] trending (ADX 40.0) -> trend-following strategy | Signal: HOLD | Shares held: 0.0 | Last price: $614.11
2026-09-03 19:25:44,372 | [META] ACTION: No trade.
2026-09-03 19:25:44,397 | [MSFT] trending (ADX 40.3) -> trend-following strategy | Signal: HOLD | Shares held: 0.0 | Last price: $511.32
2026-09-03 19:25:44,397 | [MSFT] ACTION: No trade.
2026-09-03 19:25:44,423 | [MU] choppy/sideways (ADX 14.8) -> mean-reversion strategy | Signal: HOLD | Shares held: 0.0 | Last price: $950.48
2026-09-03 19:25:44,423 | [MU] ACTION: No trade.
2026-09-03 19:25:44,448 | [NVDA] trending (ADX 33.7) -> trend-following strategy | Signal: HOLD | Shares held: 0.0 | Last price: $229.35
2026-09-03 19:25:44,448 | [NVDA] ACTION: No trade.
2026-09-03 19:25:44,474 | [SNDK] choppy/sideways (ADX 23.2) -> mean-reversion strategy | Signal: HOLD | Shares held: 0.0 | Last price: $1547.92
2026-09-03 19:25:44,474 | [SNDK] ACTION: No trade.
2026-09-03 19:25:44,499 | [TSLA] trending (ADX 52.5) -> trend-following strategy | Signal: HOLD | Shares held: 13.0 | Last price: $381.07
2026-09-03 19:25:44,499 | [TSLA] ACTION: No trade.
2026-09-03 19:40:44,611 | Market is open (closes 2026-09-03 22:00:00 CEST your local time). Checking 10 symbols: AAPL, AVGO, DELL, GOOGL, META, MSFT, MU, NVDA, SNDK, TSLA (within 90 min of close -- not enough runway left today for a new position)
2026-09-03 19:40:45,479 | [AAPL] trending (ADX 25.6) -> trend-following strategy | Signal: HOLD | Shares held: 0.0 | Last price: $327.80
2026-09-03 19:40:45,479 | [AAPL] ACTION: No trade.
2026-09-03 19:40:45,504 | [AVGO] choppy/sideways (ADX 20.3) -> mean-reversion strategy | Signal: HOLD | Shares held: 0.0 | Last price: $358.20
2026-09-03 19:40:45,505 | [AVGO] ACTION: No trade.
2026-09-03 19:40:45,530 | [DELL] trending (ADX 33.1) -> trend-following strategy | Signal: HOLD | Shares held: 9.0 | Last price: $514.07
2026-09-03 19:40:45,530 | [DELL] ACTION: No trade.
2026-09-03 19:40:45,556 | [GOOGL] choppy/sideways (ADX 24.9) -> mean-reversion strategy | Signal: HOLD | Shares held: 0.0 | Last price: $343.18
2026-09-03 19:40:45,556 | [GOOGL] ACTION: No trade.
2026-09-03 19:40:45,583 | [META] trending (ADX 38.6) -> trend-following strategy | Signal: HOLD | Shares held: 0.0 | Last price: $612.78
2026-09-03 19:40:45,583 | [META] ACTION: No trade.
2026-09-03 19:40:45,609 | [MSFT] trending (ADX 38.8) -> trend-following strategy | Signal: HOLD | Shares held: 0.0 | Last price: $511.37
2026-09-03 19:40:45,610 | [MSFT] ACTION: No trade.
2026-09-03 19:40:45,636 | [MU] choppy/sideways (ADX 14.8) -> mean-reversion strategy | Signal: HOLD | Shares held: 0.0 | Last price: $949.13
2026-09-03 19:40:45,636 | [MU] ACTION: No trade.
2026-09-03 19:40:45,662 | [NVDA] trending (ADX 33.8) -> trend-following strategy | Signal: HOLD | Shares held: 0.0 | Last price: $229.54
2026-09-03 19:40:45,662 | [NVDA] ACTION: No trade.
2026-09-03 19:40:45,688 | [SNDK] choppy/sideways (ADX 21.8) -> mean-reversion strategy | Signal: HOLD | Shares held: 0.0 | Last price: $1542.69
2026-09-03 19:40:45,688 | [SNDK] ACTION: No trade.
2026-09-03 19:40:45,715 | [TSLA] trending (ADX 51.4) -> trend-following strategy | Signal: HOLD | Shares held: 13.0 | Last price: $380.90
2026-09-03 19:40:45,716 | [TSLA] ACTION: No trade.
2026-09-03 19:50:02,061 | Within 10 min of close -- flattening all positions for the day.
2026-09-03 19:50:02,103 | [DELL] EOD FLATTEN FAILED: {"available":"0","code":40310000,"existing_qty":"9","held_for_orders":"9","message":"insufficient qty available for order (requested: 9, available: 0)","symbol":"DELL"} -- position likely still open, will retry.
2026-09-03 19:50:02,111 | [TSLA] EOD FLATTEN FAILED: {"available":"0","code":40310000,"existing_qty":"13","held_for_orders":"13","message":"insufficient qty available for order (requested: 13, available: 0)","symbol":"TSLA"} -- position likely still open, will retry.
2026-09-03 19:50:02,111 | EOD FLATTEN: one or more positions failed to close -- NOT marking today's flatten as done, will retry next cycle.
2026-09-03 19:51:04,121 | Within 10 min of close -- flattening all positions for the day.
2026-09-03 19:51:04,166 | [DELL] EOD FLATTEN: close order submitted for 9.0 share(s).
2026-09-03 19:51:04,175 | [TSLA] EOD FLATTEN: close order submitted for 13.0 share(s).
2026-09-03 19:51:04,175 | EOD FLATTEN: all positions closed, all pending orders cancelled.
2026-09-03 20:00:02,007 | Market is closed. Next open: 2026-09-04 15:30:00 CEST (your local time) -- in 17.5 hours.
2026-09-03 20:00:02,012 | Market is closed for the day -- exiting early instead of idling.
2026-09-03 20:00:02,012 | Duration window finished.
2026-09-03 15:24:07,205 | === Adaptive Intraday Trading Bot starting (PAPER TRADING MODE) ===
2026-09-03 15:24:07,205 | Watchlist mode: AUTOMATIC SCANNER (refreshes every 0.5h, top 18 movers of 50 candidates, min price $10, max extension 20%, leveraged ETFs excluded: True, news filter: True). Fallback list: TSLA, NVDA, COIN, AMD, PLTR
2026-09-03 15:24:07,205 | Scanner minimum listing age: ON -- requires >= 100 trading days of daily bar history (real cases this catches: ALMR ~80d, EROC ~43d)
2026-09-03 15:24:07,205 | Bar size: 15min | Check interval while market open: 15min
2026-09-03 15:24:07,205 | Active strategies: breakout, gap_continuation, vwap_reversion, trend_following, mean_reversion (regime-switched by ADX)
2026-09-03 15:24:07,205 | Trend strategy: EMA 9/21 crossover | Range strategy: RSI 14 (25.0/75.0) | Switched by ADX 14 (threshold 25.0)
2026-09-03 15:24:07,205 | No new entries between 210-270 min after the open (historically weak window in backtesting)
2026-09-03 15:24:07,205 | Scanner opening-range blackout: ON -- no new scanner-pick (non-S&P-500) entries in the first 45 min after the open (real-money-confirmed, additive to the lunch-window blackout above, not a replacement for it)
2026-09-03 15:24:07,205 | Risk management: fixed stop-loss -5% / take-profit +10% on every buy
2026-09-03 15:24:07,205 | Position sizing: flat $500 per trade
2026-09-03 15:24:07,205 | Graduated conviction sizing: ON -- qualifying strategies: none yet (real evidence-gated, see strategy.py). 1 of 3 confirming signals (strategy match / ADX >= 35 / volume >= 2.5x avg) sizes at $5000; 2 or more signals sizes at up to the full remaining $25,000/day pool (volatility-based size-down always wins when a trade qualifies for both)
2026-09-03 15:24:07,205 | Position limits: max 18 concurrent positions | max 5.0% aggregate portfolio risk | daily loss circuit breaker at -3% (pauses new entries only)
2026-09-03 15:24:07,206 | Portfolio heat cap: max $2,000 aggregate $-at-risk across all open positions
2026-09-03 15:24:07,206 | Sector concentration cap: max 2 open positions per sector (new entries only; symbols with no known sector are exempt)
2026-09-03 15:24:07,206 | End-of-day mode: positions will be auto-closed 10 min before market close.
2026-09-03 15:24:07,206 | Loaded saved watchlist from previous run: NVDA, MU, SNDK, TSLA, AAPL, MSFT, GOOGL, AMZN, DELL, META
2026-09-03 15:24:07,206 | Restored daily risk state from previous run: day 2026-09-02, breaker tripped: False
2026-09-03 15:24:07,206 | Restored open-position context for 2 symbol(s) from previous run.
2026-09-03 15:24:07,206 | Running in --duration-minutes mode: cycling for 150 minutes, then exiting.
2026-09-03 15:24:07,281 | Daily loss circuit breaker: tracking from starting equity $99,498.16 (limit -3%).
2026-09-03 15:24:07,281 | Daily conviction-sizing pool reset: $25,000 available today.
2026-09-03 15:24:07,281 | SCANNER: refreshing watchlist...
2026-09-03 15:24:07,394 | SCANNER: excluded 1 leveraged/inverse ETF(s) from 3 candidate(s).
2026-09-03 15:24:07,541 | SCANNER: news filter (min 1 article(s) in 24h) would eliminate every candidate this cycle -- skipping it for now.
2026-09-03 15:24:07,542 | SCANNER: candidate PSQL -- -17.9% today, $10.01, liquid, 0 recent news item(s)
2026-09-03 15:24:07,581 | S&P 500: refreshed constituent list (503 symbols).
2026-09-03 15:24:20,776 | S&P 500 liquidity backstop -> NVDA, MU, SNDK, TSLA, AAPL, AVGO, MSFT, DELL, META, GOOGL
2026-09-03 15:24:20,779 | SCANNER: new watchlist -> PSQL, NVDA, MU, SNDK, TSLA, AAPL, AVGO, MSFT, DELL, META, GOOGL
2026-09-03 15:24:20,796 | [NVDA] Position closed -- no re-entry for 60 min (guards against repeatedly buying the same falling stock).
2026-09-03 15:24:20,843 | Market is open (closes 2026-09-03 22:00:00 CEST your local time). Checking 11 symbols: AAPL, AVGO, DELL, GOOGL, META, MSFT, MU, NVDA, PSQL, SNDK, TSLA
2026-09-03 15:24:21,739 | [AAPL] trending (ADX 35.1) -> trend-following strategy | Signal: HOLD | Shares held: 0.0 | Last price: $330.46
2026-09-03 15:24:21,739 | [AAPL] ACTION: No trade.
2026-09-03 15:24:21,771 | [AVGO] trending (ADX 44.7) -> trend-following strategy | Signal: HOLD | Shares held: 0.0 | Last price: $347.34
2026-09-03 15:24:21,771 | [AVGO] ACTION: No trade.
2026-09-03 15:24:21,809 | [DELL] trending (ADX 45.4) -> trend-following strategy | Signal: HOLD | Shares held: 0.0 | Last price: $514.81
2026-09-03 15:24:21,809 | [DELL] ACTION: No trade.
2026-09-03 15:24:21,840 | [GOOGL] trending (ADX 25.9) -> trend-following strategy | Signal: HOLD | Shares held: 0.0 | Last price: $342.65
2026-09-03 15:24:21,840 | [GOOGL] ACTION: No trade.
2026-09-03 15:24:21,871 | [META] trending (ADX 44.2) -> trend-following strategy | Signal: HOLD | Shares held: 0.0 | Last price: $615.05
2026-09-03 15:24:21,872 | [META] ACTION: No trade.
2026-09-03 15:24:21,903 | [MSFT] trending (ADX 44.2) -> trend-following strategy | Signal: HOLD | Shares held: 0.0 | Last price: $512.21
2026-09-03 15:24:21,903 | [MSFT] ACTION: No trade.
2026-09-03 15:24:21,933 | [MU] choppy/sideways (ADX 22.6) -> mean-reversion strategy | Signal: HOLD | Shares held: 0.0 | Last price: $946.26
2026-09-03 15:24:21,934 | [MU] ACTION: No trade.
2026-09-03 15:24:21,965 | [NVDA] trending (ADX 27.3) -> trend-following strategy | Signal: HOLD | Shares held: 0.0 | Last price: $226.96
2026-09-03 15:24:21,965 | [NVDA] ACTION: No trade.
2026-09-03 15:24:22,001 | [PSQL] trending (ADX 59.6) -> trend-following strategy | Signal: HOLD | Shares held: 0.0 | Last price: $9.98
2026-09-03 15:24:22,001 | [PSQL] ACTION: No trade.
2026-09-03 15:24:22,038 | [SNDK] choppy/sideways (ADX 12.6) -> mean-reversion strategy | Signal: HOLD | Shares held: 0.0 | Last price: $1530.12
2026-09-03 15:24:22,038 | [SNDK] ACTION: No trade.
2026-09-03 15:24:22,068 | [TSLA] volume-confirmed breakout above 20-bar high | Signal: BUY | Shares held: 0.0 | Last price: $380.35
2026-09-03 15:24:22,074 | [TSLA] Buying 13 share(s) (~$4944, flat $ (conviction tier 1/3, breakout -> $5,000, $25,000 left in today's pool) sizing) | stop-loss $361.26 | take-profit $418.30 (fixed %)
2026-09-03 15:24:24,133 | [TSLA] ACTION: BUY (order id dae08eef-1a50-498f-99de-83e343b3963b, strategy: breakout)
2026-09-03 15:39:24,207 | Market is open (closes 2026-09-03 22:00:00 CEST your local time). Checking 11 symbols: AAPL, AVGO, DELL, GOOGL, META, MSFT, MU, NVDA, PSQL, SNDK, TSLA
2026-09-03 15:39:25,145 | [AAPL] trending (ADX 36.9) -> trend-following strategy | Signal: HOLD | Shares held: 0.0 | Last price: $329.85
2026-09-03 15:39:25,146 | [AAPL] ACTION: No trade.
2026-09-03 15:39:25,176 | [AVGO] trending (ADX 44.9) -> trend-following strategy | Signal: HOLD | Shares held: 0.0 | Last price: $349.11
2026-09-03 15:39:25,176 | [AVGO] ACTION: No trade.
2026-09-03 15:39:25,208 | [DELL] trending (ADX 45.8) -> trend-following strategy | Signal: HOLD | Shares held: 0.0 | Last price: $511.51
2026-09-03 15:39:25,208 | [DELL] ACTION: No trade.
2026-09-03 15:39:25,238 | [GOOGL] trending (ADX 26.6) -> trend-following strategy | Signal: HOLD | Shares held: 0.0 | Last price: $342.75
2026-09-03 15:39:25,238 | [GOOGL] ACTION: No trade.
2026-09-03 15:39:25,268 | [META] trending (ADX 45.2) -> trend-following strategy | Signal: HOLD | Shares held: 0.0 | Last price: $617.51
2026-09-03 15:39:25,268 | [META] ACTION: No trade.
2026-09-03 15:39:25,299 | [MSFT] trending (ADX 44.8) -> trend-following strategy | Signal: HOLD | Shares held: 0.0 | Last price: $512.72
2026-09-03 15:39:25,299 | [MSFT] ACTION: No trade.
2026-09-03 15:39:25,329 | [MU] choppy/sideways (ADX 21.3) -> mean-reversion strategy | Signal: HOLD | Shares held: 0.0 | Last price: $949.70
2026-09-03 15:39:25,329 | [MU] ACTION: No trade.
2026-09-03 15:39:25,359 | [NVDA] trending (ADX 27.4) -> trend-following strategy | Signal: HOLD | Shares held: 0.0 | Last price: $227.81
2026-09-03 15:39:25,359 | [NVDA] ACTION: No trade.
2026-09-03 15:39:25,389 | [PSQL] trending (ADX 61.6) -> trend-following strategy | Signal: HOLD | Shares held: 0.0 | Last price: $9.96
2026-09-03 15:39:25,389 | [PSQL] ACTION: No trade.
2026-09-03 15:39:25,419 | [SNDK] choppy/sideways (ADX 11.7) -> mean-reversion strategy | Signal: HOLD | Shares held: 0.0 | Last price: $1538.91
2026-09-03 15:39:25,419 | [SNDK] ACTION: No trade.
2026-09-03 15:39:25,449 | [TSLA] trending (ADX 47.2) -> trend-following strategy | Signal: HOLD | Shares held: 13.0 | Last price: $381.40
2026-09-03 15:39:25,450 | [TSLA] ACTION: No trade.
2026-09-03 15:54:25,785 | SCANNER: refreshing watchlist...
2026-09-03 15:54:26,283 | SCANNER: news filter (min 1 article(s) in 24h) would eliminate every candidate this cycle -- skipping it for now.
2026-09-03 15:54:26,284 | SCANNER: candidate PSQL -- -18.0% today, $10.00, liquid, 0 recent news item(s)
2026-09-03 15:54:37,891 | S&P 500 liquidity backstop -> NVDA, MU, SNDK, TSLA, AAPL, AVGO, MSFT, DELL, META, GOOGL
2026-09-03 15:54:37,893 | SCANNER: new watchlist -> PSQL, NVDA, MU, SNDK, TSLA, AAPL, AVGO, MSFT, DELL, META, GOOGL
2026-09-03 15:54:37,919 | Market is open (closes 2026-09-03 22:00:00 CEST your local time). Checking 11 symbols: AAPL, AVGO, DELL, GOOGL, META, MSFT, MU, NVDA, PSQL, SNDK, TSLA
2026-09-03 15:54:38,575 | [AAPL] trending (ADX 38.2) -> trend-following strategy | Signal: HOLD | Shares held: 0.0 | Last price: $329.68
2026-09-03 15:54:38,575 | [AAPL] ACTION: No trade.
2026-09-03 15:54:38,605 | [AVGO] trending (ADX 44.4) -> trend-following strategy | Signal: HOLD | Shares held: 0.0 | Last price: $350.28
2026-09-03 15:54:38,605 | [AVGO] ACTION: No trade.
2026-09-03 15:54:38,636 | [DELL] trending (ADX 46.3) -> trend-following strategy | Signal: HOLD | Shares held: 0.0 | Last price: $517.85
2026-09-03 15:54:38,636 | [DELL] ACTION: No trade.
2026-09-03 15:54:38,666 | [GOOGL] trending (ADX 27.0) -> trend-following strategy | Signal: HOLD | Shares held: 0.0 | Last price: $342.32
2026-09-03 15:54:38,666 | [GOOGL] ACTION: No trade.
2026-09-03 15:54:38,696 | [META] trending (ADX 46.1) -> trend-following strategy | Signal: HOLD | Shares held: 0.0 | Last price: $617.23
2026-09-03 15:54:38,696 | [META] ACTION: No trade.
2026-09-03 15:54:38,726 | [MSFT] trending (ADX 45.4) -> trend-following strategy | Signal: HOLD | Shares held: 0.0 | Last price: $512.60
2026-09-03 15:54:38,726 | [MSFT] ACTION: No trade.
2026-09-03 15:54:38,755 | [MU] choppy/sideways (ADX 19.9) -> mean-reversion strategy | Signal: HOLD | Shares held: 0.0 | Last price: $946.12
2026-09-03 15:54:38,755 | [MU] ACTION: No trade.
2026-09-03 15:54:38,785 | [NVDA] trending (ADX 27.5) -> trend-following strategy | Signal: HOLD | Shares held: 0.0 | Last price: $227.38
2026-09-03 15:54:38,785 | [NVDA] ACTION: No trade.
2026-09-03 15:54:38,814 | [PSQL] trending (ADX 63.4) -> trend-following strategy | Signal: HOLD | Shares held: 0.0 | Last price: $9.95
2026-09-03 15:54:38,814 | [PSQL] ACTION: No trade.
2026-09-03 15:54:38,844 | [SNDK] choppy/sideways (ADX 11.3) -> mean-reversion strategy | Signal: HOLD | Shares held: 0.0 | Last price: $1534.94
2026-09-03 15:54:38,844 | [SNDK] ACTION: No trade.
2026-09-03 15:54:38,877 | [TSLA] trending (ADX 48.6) -> trend-following strategy | Signal: HOLD | Shares held: 13.0 | Last price: $381.02
2026-09-03 15:54:38,877 | [TSLA] ACTION: No trade.
2026-09-03 16:09:39,287 | Market is open (closes 2026-09-03 22:00:00 CEST your local time). Checking 11 symbols: AAPL, AVGO, DELL, GOOGL, META, MSFT, MU, NVDA, PSQL, SNDK, TSLA
2026-09-03 16:09:40,577 | [AAPL] trending (ADX 39.5) -> trend-following strategy | Signal: HOLD | Shares held: 0.0 | Last price: $329.77
2026-09-03 16:09:40,577 | [AAPL] ACTION: No trade.
2026-09-03 16:09:40,608 | [AVGO] trending (ADX 43.3) -> trend-following strategy | Signal: HOLD | Shares held: 0.0 | Last price: $351.79
2026-09-03 16:09:40,608 | [AVGO] ACTION: No trade.
2026-09-03 16:09:40,638 | [DELL] volume-confirmed breakout above 20-bar high | Signal: BUY | Shares held: 0.0 | Last price: $526.37
2026-09-03 16:09:40,648 | [DELL] Buying 9 share(s) (~$4747, flat $ (conviction tier 1/3, breakout -> $5,000, $20,056 left in today's pool) sizing) | stop-loss $501.08 | take-profit $580.20 (fixed %)
2026-09-03 16:09:43,209 | [DELL] ACTION: BUY (order id e1b605bf-7028-4640-b570-9a555eb3df8a, strategy: breakout)
2026-09-03 16:09:43,242 | [GOOGL] trending (ADX 27.3) -> trend-following strategy | Signal: HOLD | Shares held: 0.0 | Last price: $342.58
2026-09-03 16:09:43,242 | [GOOGL] ACTION: No trade.
2026-09-03 16:09:43,273 | [META] trending (ADX 46.5) -> trend-following strategy | Signal: HOLD | Shares held: 0.0 | Last price: $616.80
2026-09-03 16:09:43,273 | [META] ACTION: No trade.
2026-09-03 16:09:43,303 | [MSFT] trending (ADX 46.3) -> trend-following strategy | Signal: HOLD | Shares held: 0.0 | Last price: $514.73
2026-09-03 16:09:43,304 | [MSFT] ACTION: No trade.
2026-09-03 16:09:43,334 | [MU] choppy/sideways (ADX 19.0) -> mean-reversion strategy | Signal: HOLD | Shares held: 0.0 | Last price: $945.09
2026-09-03 16:09:43,334 | [MU] ACTION: No trade.
2026-09-03 16:09:43,365 | [NVDA] trending (ADX 27.6) -> trend-following strategy | Signal: HOLD | Shares held: 0.0 | Last price: $227.51
2026-09-03 16:09:43,365 | [NVDA] ACTION: No trade.
2026-09-03 16:09:43,395 | [PSQL] trending (ADX 65.1) -> trend-following strategy | Signal: HOLD | Shares held: 0.0 | Last price: $10.00
2026-09-03 16:09:43,395 | [PSQL] ACTION: No trade.
2026-09-03 16:09:43,426 | [SNDK] choppy/sideways (ADX 10.9) -> mean-reversion strategy | Signal: HOLD | Shares held: 0.0 | Last price: $1536.92
2026-09-03 16:09:43,426 | [SNDK] ACTION: No trade.
2026-09-03 16:09:43,457 | [TSLA] trending (ADX 50.0) -> trend-following strategy | Signal: HOLD | Shares held: 13.0 | Last price: $382.75
2026-09-03 16:09:43,457 | [TSLA] ACTION: No trade.
2026-09-03 16:24:43,533 | SCANNER: refreshing watchlist...
2026-09-03 16:24:43,752 | SCANNER: news filter (min 1 article(s) in 24h) would eliminate every candidate this cycle -- skipping it for now.
2026-09-03 16:24:43,752 | SCANNER: candidate PSQL -- -18.0% today, $10.00, liquid, 0 recent news item(s)
2026-09-03 16:24:51,693 | S&P 500 liquidity backstop -> NVDA, MU, SNDK, TSLA, AAPL, AVGO, MSFT, DELL, META, GOOGL
2026-09-03 16:24:51,696 | SCANNER: new watchlist -> PSQL, NVDA, MU, SNDK, TSLA, AAPL, AVGO, MSFT, DELL, META, GOOGL
2026-09-03 16:24:51,722 | Market is open (closes 2026-09-03 22:00:00 CEST your local time). Checking 11 symbols: AAPL, AVGO, DELL, GOOGL, META, MSFT, MU, NVDA, PSQL, SNDK, TSLA
2026-09-03 16:24:52,357 | [AAPL] trending (ADX 40.7) -> trend-following strategy | Signal: HOLD | Shares held: 0.0 | Last price: $330.02
2026-09-03 16:24:52,357 | [AAPL] ACTION: No trade.
2026-09-03 16:24:52,387 | [AVGO] trending (ADX 42.0) -> trend-following strategy | Signal: HOLD | Shares held: 0.0 | Last price: $351.93
2026-09-03 16:24:52,387 | [AVGO] ACTION: No trade.
2026-09-03 16:24:52,417 | [DELL] trending (ADX 48.4) -> trend-following strategy | Signal: HOLD | Shares held: 9.0 | Last price: $525.25
2026-09-03 16:24:52,417 | [DELL] ACTION: No trade.
2026-09-03 16:24:52,446 | [GOOGL] trending (ADX 26.6) -> trend-following strategy | Signal: HOLD | Shares held: 0.0 | Last price: $341.30
2026-09-03 16:24:52,446 | [GOOGL] ACTION: No trade.
2026-09-03 16:24:52,476 | [META] trending (ADX 46.7) -> trend-following strategy | Signal: HOLD | Shares held: 0.0 | Last price: $616.11
2026-09-03 16:24:52,476 | [META] ACTION: No trade.
2026-09-03 16:24:52,505 | [MSFT] trending (ADX 47.1) -> trend-following strategy | Signal: HOLD | Shares held: 0.0 | Last price: $513.90
2026-09-03 16:24:52,505 | [MSFT] ACTION: No trade.
2026-09-03 16:24:52,535 | [MU] choppy/sideways (ADX 18.3) -> mean-reversion strategy | Signal: HOLD | Shares held: 0.0 | Last price: $943.68
2026-09-03 16:24:52,535 | [MU] ACTION: No trade.
2026-09-03 16:24:52,565 | [NVDA] trending (ADX 27.8) -> trend-following strategy | Signal: HOLD | Shares held: 0.0 | Last price: $227.88
2026-09-03 16:24:52,565 | [NVDA] ACTION: No trade.
2026-09-03 16:24:52,594 | [PSQL] trending (ADX 66.7) -> trend-following strategy | Signal: HOLD | Shares held: 0.0 | Last price: $9.99
2026-09-03 16:24:52,594 | [PSQL] ACTION: No trade.
2026-09-03 16:24:52,624 | [SNDK] choppy/sideways (ADX 10.5) -> mean-reversion strategy | Signal: HOLD | Shares held: 0.0 | Last price: $1539.11
2026-09-03 16:24:52,624 | [SNDK] ACTION: No trade.
2026-09-03 16:24:52,653 | [TSLA] trending (ADX 51.4) -> trend-following strategy | Signal: HOLD | Shares held: 13.0 | Last price: $383.19
2026-09-03 16:24:52,653 | [TSLA] ACTION: No trade.
2026-09-03 16:39:52,728 | Market is open (closes 2026-09-03 22:00:00 CEST your local time). Checking 11 symbols: AAPL, AVGO, DELL, GOOGL, META, MSFT, MU, NVDA, PSQL, SNDK, TSLA
2026-09-03 16:39:53,581 | [AAPL] trending (ADX 42.0) -> trend-following strategy | Signal: HOLD | Shares held: 0.0 | Last price: $330.07
2026-09-03 16:39:53,581 | [AAPL] ACTION: No trade.
2026-09-03 16:39:53,612 | [AVGO] trending (ADX 40.5) -> trend-following strategy | Signal: HOLD | Shares held: 0.0 | Last price: $353.30
2026-09-03 16:39:53,612 | [AVGO] ACTION: No trade.
2026-09-03 16:39:53,643 | [DELL] trending (ADX 48.3) -> trend-following strategy | Signal: HOLD | Shares held: 9.0 | Last price: $520.88
2026-09-03 16:39:53,643 | [DELL] ACTION: No trade.
2026-09-03 16:39:53,673 | [GOOGL] trending (ADX 25.4) -> trend-following strategy | Signal: HOLD | Shares held: 0.0 | Last price: $341.23
2026-09-03 16:39:53,673 | [GOOGL] ACTION: No trade.
2026-09-03 16:39:53,703 | [META] trending (ADX 46.4) -> trend-following strategy | Signal: HOLD | Shares held: 0.0 | Last price: $615.00
2026-09-03 16:39:53,703 | [META] ACTION: No trade.
2026-09-03 16:39:53,734 | [MSFT] trending (ADX 47.3) -> trend-following strategy | Signal: HOLD | Shares held: 0.0 | Last price: $512.18
2026-09-03 16:39:53,734 | [MSFT] ACTION: No trade.
2026-09-03 16:39:53,764 | [MU] choppy/sideways (ADX 17.6) -> mean-reversion strategy | Signal: HOLD | Shares held: 0.0 | Last price: $944.15
2026-09-03 16:39:53,764 | [MU] ACTION: No trade.
2026-09-03 16:39:53,794 | [NVDA] trending (ADX 27.8) -> trend-following strategy | Signal: HOLD | Shares held: 0.0 | Last price: $227.03
2026-09-03 16:39:53,794 | [NVDA] ACTION: No trade.
2026-09-03 16:39:53,824 | [PSQL] trending (ADX 68.2) -> trend-following strategy | Signal: HOLD | Shares held: 0.0 | Last price: $9.96
2026-09-03 16:39:53,824 | [PSQL] ACTION: No trade.
2026-09-03 16:39:53,854 | [SNDK] choppy/sideways (ADX 10.2) -> mean-reversion strategy | Signal: HOLD | Shares held: 0.0 | Last price: $1537.36
2026-09-03 16:39:53,854 | [SNDK] ACTION: No trade.
2026-09-03 16:39:53,885 | [TSLA] trending (ADX 52.4) -> trend-following strategy | Signal: HOLD | Shares held: 13.0 | Last price: $382.04
2026-09-03 16:39:53,885 | [TSLA] ACTION: No trade.
2026-09-03 16:54:53,931 | SCANNER: refreshing watchlist...
2026-09-03 16:54:54,123 | SCANNER: no candidates survived the price/extension filters.
2026-09-03 16:54:54,123 | SCANNER: every candidate this cycle was a leveraged/inverse ETF.
2026-09-03 16:55:07,875 | S&P 500 liquidity backstop -> NVDA, MU, SNDK, TSLA, AAPL, AVGO, MSFT, DELL, META, GOOGL
2026-09-03 16:55:07,878 | SCANNER: new watchlist -> NVDA, MU, SNDK, TSLA, AAPL, AVGO, MSFT, DELL, META, GOOGL
2026-09-03 16:55:07,905 | Market is open (closes 2026-09-03 22:00:00 CEST your local time). Checking 10 symbols: AAPL, AVGO, DELL, GOOGL, META, MSFT, MU, NVDA, SNDK, TSLA
2026-09-03 16:55:09,123 | [AAPL] trending (ADX 43.2) -> trend-following strategy | Signal: HOLD | Shares held: 0.0 | Last price: $329.83
2026-09-03 16:55:09,123 | [AAPL] ACTION: No trade.
2026-09-03 16:55:09,154 | [AVGO] trending (ADX 38.2) -> trend-following strategy | Signal: HOLD | Shares held: 0.0 | Last price: $355.96
2026-09-03 16:55:09,154 | [AVGO] ACTION: No trade.
2026-09-03 16:55:09,184 | [DELL] trending (ADX 47.9) -> trend-following strategy | Signal: HOLD | Shares held: 9.0 | Last price: $519.08
2026-09-03 16:55:09,185 | [DELL] ACTION: No trade.
2026-09-03 16:55:09,215 | [GOOGL] choppy/sideways (ADX 24.3) -> mean-reversion strategy | Signal: HOLD | Shares held: 0.0 | Last price: $341.43
2026-09-03 16:55:09,215 | [GOOGL] ACTION: No trade.
2026-09-03 16:55:09,245 | [META] trending (ADX 45.9) -> trend-following strategy | Signal: HOLD | Shares held: 0.0 | Last price: $613.56
2026-09-03 16:55:09,245 | [META] ACTION: No trade.
2026-09-03 16:55:09,275 | [MSFT] trending (ADX 47.3) -> trend-following strategy | Signal: HOLD | Shares held: 0.0 | Last price: $512.04
2026-09-03 16:55:09,275 | [MSFT] ACTION: No trade.
2026-09-03 16:55:09,306 | [MU] choppy/sideways (ADX 16.5) -> mean-reversion strategy | Signal: HOLD | Shares held: 0.0 | Last price: $945.24
2026-09-03 16:55:09,306 | [MU] ACTION: No trade.
2026-09-03 16:55:09,336 | [NVDA] trending (ADX 27.7) -> trend-following strategy | Signal: HOLD | Shares held: 0.0 | Last price: $227.79
2026-09-03 16:55:09,336 | [NVDA] ACTION: No trade.
2026-09-03 16:55:09,367 | [SNDK] choppy/sideways (ADX 11.1) -> mean-reversion strategy | Signal: HOLD | Shares held: 0.0 | Last price: $1547.47
2026-09-03 16:55:09,367 | [SNDK] ACTION: No trade.
2026-09-03 16:55:09,398 | [TSLA] trending (ADX 52.7) -> trend-following strategy | Signal: HOLD | Shares held: 13.0 | Last price: $381.76
2026-09-03 16:55:09,398 | [TSLA] ACTION: No trade.
2026-09-03 17:10:09,822 | Market is open (closes 2026-09-03 22:00:00 CEST your local time). Checking 10 symbols: AAPL, AVGO, DELL, GOOGL, META, MSFT, MU, NVDA, SNDK, TSLA
2026-09-03 17:10:11,540 | [AAPL] trending (ADX 43.1) -> trend-following strategy | Signal: HOLD | Shares held: 0.0 | Last price: $328.94
2026-09-03 17:10:11,540 | [AAPL] ACTION: No trade.
2026-09-03 17:10:11,571 | [AVGO] trending (ADX 35.9) -> trend-following strategy | Signal: HOLD | Shares held: 0.0 | Last price: $356.37
2026-09-03 17:10:11,571 | [AVGO] ACTION: No trade.
2026-09-03 17:10:11,601 | [DELL] trending (ADX 47.3) -> trend-following strategy | Signal: HOLD | Shares held: 9.0 | Last price: $517.77
2026-09-03 17:10:11,601 | [DELL] ACTION: No trade.
2026-09-03 17:10:11,633 | [GOOGL] choppy/sideways (ADX 23.4) -> mean-reversion strategy | Signal: HOLD | Shares held: 0.0 | Last price: $341.78
2026-09-03 17:10:11,633 | [GOOGL] ACTION: No trade.
2026-09-03 17:10:11,663 | [META] trending (ADX 45.5) -> trend-following strategy | Signal: HOLD | Shares held: 0.0 | Last price: $614.07
2026-09-03 17:10:11,663 | [META] ACTION: No trade.
2026-09-03 17:10:11,693 | [MSFT] trending (ADX 46.6) -> trend-following strategy | Signal: HOLD | Shares held: 0.0 | Last price: $511.11
2026-09-03 17:10:11,693 | [MSFT] ACTION: No trade.
2026-09-03 17:10:11,723 | [MU] choppy/sideways (ADX 15.9) -> mean-reversion strategy | Signal: HOLD | Shares held: 0.0 | Last price: $950.76
2026-09-03 17:10:11,723 | [MU] ACTION: No trade.
2026-09-03 17:10:11,753 | [NVDA] trending (ADX 27.7) -> trend-following strategy | Signal: HOLD | Shares held: 0.0 | Last price: $227.54
2026-09-03 17:10:11,753 | [NVDA] ACTION: No trade.
2026-09-03 17:10:11,783 | [SNDK] choppy/sideways (ADX 12.8) -> mean-reversion strategy | Signal: HOLD | Shares held: 0.0 | Last price: $1561.47
2026-09-03 17:10:11,783 | [SNDK] ACTION: No trade.
2026-09-03 17:10:11,813 | [TSLA] trending (ADX 53.0) -> trend-following strategy | Signal: HOLD | Shares held: 13.0 | Last price: $381.71
2026-09-03 17:10:11,813 | [TSLA] ACTION: No trade.
2026-09-03 17:25:12,014 | SCANNER: refreshing watchlist...
2026-09-03 17:25:12,117 | SCANNER: no candidates survived the price/extension filters.
2026-09-03 17:25:12,117 | SCANNER: every candidate this cycle was a leveraged/inverse ETF.
2026-09-03 17:25:27,467 | S&P 500 liquidity backstop -> NVDA, MU, SNDK, TSLA, AAPL, AVGO, MSFT, DELL, META, GOOGL
2026-09-03 17:25:27,470 | SCANNER: new watchlist -> NVDA, MU, SNDK, TSLA, AAPL, AVGO, MSFT, DELL, META, GOOGL
2026-09-03 17:25:27,505 | Market is open (closes 2026-09-03 22:00:00 CEST your local time). Checking 10 symbols: AAPL, AVGO, DELL, GOOGL, META, MSFT, MU, NVDA, SNDK, TSLA
2026-09-03 17:25:28,364 | [AAPL] trending (ADX 42.0) -> trend-following strategy | Signal: HOLD | Shares held: 0.0 | Last price: $328.12
2026-09-03 17:25:28,364 | [AAPL] ACTION: No trade.
2026-09-03 17:25:28,394 | [AVGO] trending (ADX 33.5) -> trend-following strategy | Signal: HOLD | Shares held: 0.0 | Last price: $354.56
2026-09-03 17:25:28,394 | [AVGO] ACTION: No trade.
2026-09-03 17:25:28,423 | [DELL] trending (ADX 46.2) -> trend-following strategy | Signal: HOLD | Shares held: 9.0 | Last price: $514.08
2026-09-03 17:25:28,423 | [DELL] ACTION: No trade.
2026-09-03 17:25:28,454 | [GOOGL] choppy/sideways (ADX 22.6) -> mean-reversion strategy | Signal: HOLD | Shares held: 0.0 | Last price: $342.03
2026-09-03 17:25:28,454 | [GOOGL] ACTION: No trade.
2026-09-03 17:25:28,484 | [META] trending (ADX 44.7) -> trend-following strategy | Signal: HOLD | Shares held: 0.0 | Last price: $612.87
2026-09-03 17:25:28,484 | [META] ACTION: No trade.
2026-09-03 17:25:28,514 | [MSFT] trending (ADX 45.6) -> trend-following strategy | Signal: HOLD | Shares held: 0.0 | Last price: $511.10
2026-09-03 17:25:28,514 | [MSFT] ACTION: No trade.
2026-09-03 17:25:28,543 | [MU] choppy/sideways (ADX 14.8) -> mean-reversion strategy | Signal: HOLD | Shares held: 0.0 | Last price: $941.09
2026-09-03 17:25:28,543 | [MU] ACTION: No trade.
2026-09-03 17:25:28,573 | [NVDA] trending (ADX 27.7) -> trend-following strategy | Signal: HOLD | Shares held: 0.0 | Last price: $227.26
2026-09-03 17:25:28,573 | [NVDA] ACTION: No trade.
2026-09-03 17:25:28,602 | [SNDK] choppy/sideways (ADX 14.6) -> mean-reversion strategy | Signal: HOLD | Shares held: 0.0 | Last price: $1556.29
2026-09-03 17:25:28,602 | [SNDK] ACTION: No trade.
2026-09-03 17:25:28,632 | [TSLA] trending (ADX 53.4) -> trend-following strategy | Signal: HOLD | Shares held: 13.0 | Last price: $382.33
2026-09-03 17:25:28,632 | [TSLA] ACTION: No trade.
2026-09-03 17:40:28,812 | Market is open (closes 2026-09-03 22:00:00 CEST your local time). Checking 10 symbols: AAPL, AVGO, DELL, GOOGL, META, MSFT, MU, NVDA, SNDK, TSLA
2026-09-03 17:40:29,679 | [AAPL] trending (ADX 40.2) -> trend-following strategy | Signal: HOLD | Shares held: 0.0 | Last price: $327.73
2026-09-03 17:40:29,679 | [AAPL] ACTION: No trade.
2026-09-03 17:40:29,710 | [AVGO] trending (ADX 31.5) -> trend-following strategy | Signal: HOLD | Shares held: 0.0 | Last price: $354.46
2026-09-03 17:40:29,710 | [AVGO] ACTION: No trade.
2026-09-03 17:40:29,741 | [DELL] trending (ADX 44.8) -> trend-following strategy | Signal: HOLD | Shares held: 9.0 | Last price: $516.59
2026-09-03 17:40:29,741 | [DELL] ACTION: No trade.
2026-09-03 17:40:29,772 | [GOOGL] choppy/sideways (ADX 22.2) -> mean-reversion strategy | Signal: HOLD | Shares held: 0.0 | Last price: $342.31
2026-09-03 17:40:29,772 | [GOOGL] ACTION: No trade.
2026-09-03 17:40:29,802 | [META] trending (ADX 43.8) -> trend-following strategy | Signal: HOLD | Shares held: 0.0 | Last price: $613.01
2026-09-03 17:40:29,803 | [META] ACTION: No trade.
2026-09-03 17:40:29,833 | [MSFT] trending (ADX 44.3) -> trend-following strategy | Signal: HOLD | Shares held: 0.0 | Last price: $510.10
2026-09-03 17:40:29,833 | [MSFT] ACTION: No trade.
2026-09-03 17:40:29,863 | [MU] choppy/sideways (ADX 13.9) -> mean-reversion strategy | Signal: HOLD | Shares held: 0.0 | Last price: $941.50
2026-09-03 17:40:29,863 | [MU] ACTION: No trade.
2026-09-03 17:40:29,893 | [NVDA] trending (ADX 27.5) -> trend-following strategy | Signal: HOLD | Shares held: 0.0 | Last price: $227.44
2026-09-03 17:40:29,894 | [NVDA] ACTION: No trade.
2026-09-03 17:40:29,924 | [SNDK] choppy/sideways (ADX 15.6) -> mean-reversion strategy | Signal: HOLD | Shares held: 0.0 | Last price: $1550.83
2026-09-03 17:40:29,924 | [SNDK] ACTION: No trade.
2026-09-03 17:40:29,954 | [TSLA] trending (ADX 53.7) -> trend-following strategy | Signal: HOLD | Shares held: 13.0 | Last price: $382.16
2026-09-03 17:40:29,954 | [TSLA] ACTION: No trade.
2026-09-03 17:54:07,206 | Duration window finished.
2026-09-03 20:01:23,807 | === Adaptive Intraday Trading Bot starting (PAPER TRADING MODE) ===
2026-09-03 20:01:23,807 | Watchlist mode: AUTOMATIC SCANNER (refreshes every 0.5h, top 18 movers of 50 candidates, min price $10, max extension 20%, leveraged ETFs excluded: True, news filter: True). Fallback list: TSLA, NVDA, COIN, AMD, PLTR
2026-09-03 20:01:23,807 | Scanner minimum listing age: ON -- requires >= 100 trading days of daily bar history (real cases this catches: ALMR ~80d, EROC ~43d)
2026-09-03 20:01:23,807 | Bar size: 15min | Check interval while market open: 15min
2026-09-03 20:01:23,807 | Active strategies: breakout, gap_continuation, vwap_reversion, trend_following, mean_reversion (regime-switched by ADX)
2026-09-03 20:01:23,807 | Trend strategy: EMA 9/21 crossover | Range strategy: RSI 14 (25.0/75.0) | Switched by ADX 14 (threshold 25.0)
2026-09-03 20:01:23,807 | No new entries between 210-270 min after the open (historically weak window in backtesting)
2026-09-03 20:01:23,807 | Scanner opening-range blackout: ON -- no new scanner-pick (non-S&P-500) entries in the first 45 min after the open (real-money-confirmed, additive to the lunch-window blackout above, not a replacement for it)
2026-09-03 20:01:23,807 | Risk management: fixed stop-loss -5% / take-profit +10% on every buy
2026-09-03 20:01:23,808 | Position sizing: flat $500 per trade
2026-09-03 20:01:23,808 | Graduated conviction sizing: ON -- qualifying strategies: none yet (real evidence-gated, see strategy.py). 1 of 3 confirming signals (strategy match / ADX >= 35 / volume >= 2.5x avg) sizes at $5000; 2 or more signals sizes at up to the full remaining $25,000/day pool (volatility-based size-down always wins when a trade qualifies for both)
2026-09-03 20:01:23,808 | Position limits: max 18 concurrent positions | max 5.0% aggregate portfolio risk | daily loss circuit breaker at -3% (pauses new entries only)
2026-09-03 20:01:23,808 | Portfolio heat cap: max $2,000 aggregate $-at-risk across all open positions
2026-09-03 20:01:23,808 | Sector concentration cap: max 2 open positions per sector (new entries only; symbols with no known sector are exempt)
2026-09-03 20:01:23,808 | End-of-day mode: positions will be auto-closed 10 min before market close.
2026-09-03 20:01:23,808 | Loaded saved watchlist from previous run: NVDA, MU, SNDK, TSLA, AAPL, AVGO, MSFT, DELL, META, GOOGL
2026-09-03 20:01:23,808 | Restored daily risk state from previous run: day 2026-09-03, breaker tripped: False
2026-09-03 20:01:23,809 | Restored open-position context for 4 symbol(s) from previous run.
2026-09-03 20:01:23,809 | Running in --duration-minutes mode: cycling for 150 minutes, then exiting.
2026-09-03 20:01:24,063 | Market is closed. Next open: 2026-09-04 15:30:00 CEST (your local time) -- in 17.5 hours.
2026-09-03 20:01:24,138 | Market is closed for the day -- exiting early instead of idling.
2026-09-03 20:01:24,138 | Duration window finished.
