2026-10-07 20:00:40,126 | === Adaptive Intraday Trading Bot starting (PAPER TRADING MODE) ===
2026-10-07 20:00:40,126 | Watchlist mode: AUTOMATIC SCANNER (refreshes every 0.5h, up to 50 movers + S&P 500 backstop, 500 watchlist slots total, min price $10, max extension 20%, leveraged ETFs excluded: True, news filter: True). Fallback list: TSLA, NVDA, COIN, AMD, PLTR
2026-10-07 20:00:40,126 | Scanner minimum listing age: ON -- requires >= 100 trading days of daily bar history (real cases this catches: ALMR ~80d, EROC ~43d)
2026-10-07 20:00:40,126 | Bar size: 15min | Check interval while market open: 15min
2026-10-07 20:00:40,126 | Active strategies: gap_continuation, trend_following, mean_reversion (regime-switched by ADX)
2026-10-07 20:00:40,126 | Trend strategy: EMA 9/21 crossover | Range strategy: RSI 14 (25.0/75.0) | Switched by ADX 14 (threshold 25.0)
2026-10-07 20:00:40,127 | No new entries between 210-270 min after the open (historically weak window in backtesting)
2026-10-07 20:00:40,127 | Scanner opening-range blackout: ON -- no new scanner-pick (non-S&P-500) entries in the first 45 min after the open (real-money-confirmed, additive to the lunch-window blackout above, not a replacement for it)
2026-10-07 20:00:40,127 | Risk management: fixed stop-loss -5% / take-profit +10% on every buy
2026-10-07 20:00:40,127 | Position sizing: flat $500 per trade
2026-10-07 20:00:40,127 | Graduated conviction sizing: ON -- qualifying strategies: none yet (real evidence-gated, see strategy.py). 1 of 3 confirming signals (strategy match / ADX >= 35 / volume >= 2.5x avg) sizes at $5000; 2 or more signals sizes at up to the full remaining $25,000/day pool (volatility-based size-down always wins when a trade qualifies for both)
2026-10-07 20:00:40,127 | Position limits: max 18 concurrent positions | max 5.0% aggregate portfolio risk | daily loss circuit breaker at -3% (pauses new entries only)
2026-10-07 20:00:40,127 | Portfolio heat cap: max $2,000 aggregate $-at-risk across all open positions
2026-10-07 20:00:40,127 | Sector concentration cap: max 2 open positions per sector (new entries only; symbols with no known sector are exempt)
2026-10-07 20:00:40,127 | End-of-day mode: positions will be auto-closed 10 min before market close.
2026-10-07 20:00:40,127 | Loaded saved watchlist from previous run: NVDA, MU, TSLA, SNDK, AMD, MSFT, INTC, AAPL, AVGO, META, AMZN, MRVL, GOOGL, WBD, STX, WDC, MDT, GOOG, LITE, PTC, ORCL, PLTR, NKE, MRNA, BE, LLY, DELL, JNJ, TMO, ABBV, AMAT, LRCX, COST, PANW, HOOD, GEV, NFLX, MA, CAT, BRK.B, XOM, COHR, V, WMT, JPM, LIN, CSCO, CRM, QCOM, TJX, ACN, VST, SWKS, CEG, MRK, BAC, APP, BA, TXN, GS, AMGN, UNH, SNPS, DHR, CRWD, ILMN, CVX, KLAC, COIN, PG, GE, IBM, MCK, CIEN, PM, NEE, VLO, KO, MS, UNP, TT, CVS, ADI, CB, HPE, MCD, ON, MPC, NTAP, ABT, HD, GILD, SMCI, ANET, CTVA, SYK, NOC, GLW, TER, DE, COF, SPGI, TGT, VZ, BKNG, BLK, WFC, PWR, ETN, C, PGR, MPWR, SO, WELL, COP, CDNS, PEP, AZO, NOW, CHRW, HUM, APH, JCI, UBER, TMUS, HWM, BMY, SBUX, DASH, URI, RCL, FICO, DHI, MCO, PSX, ROST, SCHW, VRT, AEP, DDOG, ORLY, AXP, RTX, NXPI, CMI, PNC, HCA, INTU, MMM, GM, EMR, WMB, VRTX, ADP, WM, SHW, FCX, PEG, ISRG, HLT, FANG, REGN, ALL, FTNT, ECHO, CL, ABNB, EOG, ADSK, FIX, ADBE, MRSH, EQIX, PFE, CASY, DIS, AMT, BNY, CSX, GD, KEYS, CI, MDLZ, KKR, FDX, TFC, WAT, LOW, PLD, MET, LYV, EXC, BSX, USB, T, EXPE, CRH, CME, PCAR, HON, LEN, CAH, VTR, DUK, TRGP, MLM, DAL, BX, IR, SLB, XEL, SYY, PH, P, AIG, ITW, APO, IQV, MAR, AME, A, ECL, NUE, COR, FERG, VMRK, BDX, TSCO, RDDT, MSI, MCHP, TDG, AON, VRSN, UAL, TPR, ODFL, YUM, AJG, OTIS, HBAN, ICE, LMT, EBAY, CMG, STT, EFX, CRL, CBOE, AXON, TRV, MNST, GWW, CNP, CMS, ELV, CCL, PODD, WDAY, NEM, FOXA, DLR, APD, AMP, KDP, CTAS, VEEV, CARR, TEL, WEC, ETR, HONA, CMCSA, NSC, LULU, EQT, FITB, EME, NDAQ, NRG, ROK, RVTY, EXPD, PSA, VMC, WSM, KR, CFG, DVN, PYPL, MO, OKE, RF, LHX, ED, KMI, WAB, ACGL, IBKR, FAST, KMB, CTSH, TTWO, UPS, ROP, MSCI, AEE, DGX, NVR, RSG, HIG, AWK, PCG, CVNA, SRE, INCY, KEY, OXY, PAYX, CNC, JBL, STZ, EW, F, BKR, ARES, CBRE, LNT, MTD, BBY, HUBB, SPG, AKAM, XYL, HSY, DTE, GRMN, HPQ, IDXX, FLEX, GIS, ZTS, CF, CHTR, D, EIX, XYZ, DRI, FFIV, BIIB, AFL, STLD, DXCM, DLTR, PPL, MTB, CPAY, GEHC, EXE, NCLH, FE, CCI, WST, COO, KHC, NI, GPN, EL, DG, JBHT, FSLR, LH, CHD, RL, RMD, TKO, HST, LUV, ZBH, IRM, O, PHM, ULTA, CPRT, TECH, ROL, GNRC, DPZ, GEN, TROW, KVUE, HAL, IP, FTV, BG, FDS, ADM, LYB, LII, HAS, PNW, Q, DOV, EVRG, NTRS, EXR, PRU, HII, FDXF, VLTO, SYF, RJF, ALB, OMC, FISV, TSN, WRB, BAX, DECK, SW, MAA, MKC, VRSK, TYL, ZBRA, IEX, ES, DOW, FIS, TRMB, CDW, PPG, ATO, PFG, LVS, IFF, SBAC, LDOS, SWK, STE, EG, APA, ALGN, BRO, BEN, TXT, WTW, ESS, GDDY, ALLE, CLX, INVH, BALL, PNR, IVZ, SJM, AVY, WY, HSIC, AES, UDR, AMCR, PKG, CSGP, APTV, IT, TDY, MOS, NDSN, VICI, JKHY, TPL, MAS, KIM, NWSA, DOC, J, VTRS, CPT, WYNN, BR, DD, GPC, L, ARE, FRT, UHS, MGM, CINF, AIZ
2026-10-07 20:00:40,128 | Restored daily risk state from previous run: day 2026-10-06, breaker tripped: False
2026-10-07 20:00:40,128 | Restored open-position context for 2 symbol(s) from previous run.
2026-10-07 20:00:40,128 | Running in --duration-minutes mode: cycling for 150 minutes, then exiting.
2026-10-07 20:00:40,716 | Market is closed. Next open: 2026-10-08 15:30:00 CEST (your local time) -- in 17.5 hours.
2026-10-07 20:00:40,781 | Market is closed for the day -- exiting early instead of idling.
2026-10-07 20:00:40,781 | Duration window finished.
